--------- beginning of main
11-24 08:17:07.950  5349  5513 W MediaCodecLoggerInfo-Jni: No clients currently registered
11-24 08:17:07.950  5349  5513 E MediaCodecLoggerInfo-Jni: No active media clients registered
11-24 08:17:07.951  5349  5513 W MediaCodecLoggerInfo: Failed to get package name
11-24 08:17:07.951  5349  5513 D Vizzini_2.0.8797.0:MediaChecker: Exception while getting package name for video, so not playing
11-24 08:17:09.215  3206  3415 I AUDIOALG: asyncProcess : process @@@
11-24 08:17:09.217  3206  3415 I AUDIOALG: RefDlyEstimation: maxRxy 0.000000 maxPos 0
11-24 08:17:09.217  3206  3415 I AUDIOALG: asyncProcess : waiting...
11-24 08:17:09.483  8536  8536 D SPCH-QueueRequest: Running Request (17). Retry number (3).
11-24 08:17:09.484  8536  8536 I EMP_1.0.2272.0_BaseQueueRequest: SendEventsQueueRequest: Max tries reached. Failed to complete request. Request (17). Retry number (3).
11-24 08:17:09.484  8536  8536 I EMP_1.0.2272.0_BaseQueueRequest: SendEventsQueueRequest: Executing request (18). Retry number (0).
11-24 08:17:09.484  8536  8536 I EMP_1.0.2272.0_SendEventsQueueRequest: Attempting to send event for namespace [ExternalMediaPlayer], name [ReportDiscoveredPlayers].
11-24 08:17:09.484  8536  8536 I SPCH-EventMetadata: writeToParcel with bundle :true
11-24 08:17:09.485  5349  5366 I SPCH-EventMetadata: bundle found
11-24 08:17:09.486  5349  5879 I SPCH-SIM_SimStateMachine: Got AlexaEvent in IgnoreWhileDisconnectedState
11-24 08:17:09.486  5349  5366 D SPCH-SIM_StackTraceHelper: Invoking pkg 
11-24 08:17:09.486  5349  5879 I AHE-AlexaHybridRouterJNI: Sending event to AlexaHybridRouter
11-24 08:17:09.486  5349  5879 D SPCH-SIM_CloudOnlySessionsProxy: sendEvent
11-24 08:17:09.486  5349  5827 I AHE-ClientCoreConnectionAdapter: Creating core stream:connectionId=3,streamId=130
11-24 08:17:09.486  5349  5827 I AHE-ChannelControllerManager: Stats for ChannelControllerManager:connectionId=3,numChannels=14,numControllers=13,numHybridControllers=13
11-24 08:17:09.486  5349  5866 I AHE-CoreStream: Opening core stream request:connectionId=3,streamId=130,streamType=EVENT,protocol=VSB,channelId=CSM_a8bdc89c-f38e-4496-85cf-1127222e50cb_1606223829485.0..CSM_a8bdc89c-f38e-4496-85cf-1127222e50cb_1606223829485
11-24 08:17:09.486  5349  5866 I AHE-ChannelControllerManager: Stats for ChannelControllerManager:connectionId=3,numChannels=14,numControllers=14,numHybridControllers=14
11-24 08:17:09.486  5349  5866 W AHE-Json::DynamicConverter: Rule execution failed, aborting conversion
11-24 08:17:09.487  5349  5879 I SPCH-SIM_SimStateMachine: Got CapabilityCheckEvent in IgnoreWhileDisconnectedState
11-24 08:17:09.487  5349  5866 I AHE-CoreStream: Received channel JSON message:messageType=CLIENT_NON_SPEECH_EVENT,connectionId=3,streamId=130,type=client,protocol=VSB
11-24 08:17:09.487  5349  5866 I AHE-HybridChannelController: Received ClientNonSpeechEventMessage:channelToken=136
11-24 08:17:09.487  8536  8536 D EMP_1.0.2272.0_CsmClientsCallbacksImpl: Invoked onResult for sending event
11-24 08:17:09.487  5349  5866 I AHE-HybridChannelController: Session updated (Found new):channelToken=136,sessionId=CSM_a8bdc89c-f38e-4496-85cf-1127222e50cb_1606223829485.0..CSM_a8bdc89c-f38e-4496-85cf-1127222e50cb_1606223829485,cloudChannelStreamId=unconnected,clientCoreStream=130
11-24 08:17:09.487  8536  8536 I EMP_1.0.2272.0_CsmClientsCallbacksImpl: Retrying.
11-24 08:17:09.487  5349  5866 I AHE-Session: Changed session state:sessionId=CSM_a8bdc89c-f38e-4496-85cf-1127222e50cb_1606223829485.0..CSM_a8bdc89c-f38e-4496-85cf-1127222e50cb_1606223829485,change=shadowModeReason UNKNOWN -> OFFLINE & connectivity ONLINE -> OFFLINE
11-24 08:17:09.487  5349  5866 I AHE-SimpleLROFacade: Received an event:token=136
11-24 08:17:09.487  5349  5866 I AHE-CapabilityMetadataStoreImpl: Returning hardcoded default interface version for VSB:version=1.0
11-24 08:17:09.487  5349  5866 I AHE-SimpleLROFacade: Unsupported event received, ending response:token=136
11-24 08:17:09.487  8536  8536 I SPCH-QueueRequest: Retrying request (18) with a delay of (2028) ms
11-24 08:17:09.487  5349  5866 I AHE-SimpleLROFacade: Enqueuing a message envelope:messageName=EndFinalResponse,messageNamespace=Orchestrator,channelToken=136
11-24 08:17:09.487  5349  5866 I AHE-MessageProcessor: Received envelope:namespace=Orchestrator,name=EndFinalResponse
11-24 08:17:09.487  5349  5866 I AHE-HybridChannelController: Received EndOfStreamMessage:channelToken=136
11-24 08:17:09.487  5349  5868 I AHE-HybridChannelController: Received EndEventResponseMessage:channelToken=136
11-24 08:17:09.487  5349  5868 I AHE-HybridChannelController: Ending response in client core stream (no active cloud core stream):streamId=130
11-24 08:17:10.215  3448  3540 D WifiStateMachine:  ConnectedState !CMD_RSSI_POLL rt=1000420/1000420 1 0 "Mobile-US" 40:e3:d6:97:78:b0 rssi=-57 f=5220 sc=60 link=173 tx=3.6, 0.0, 0.0  rx=3.2 bcn=0 [on:0 tx:0 rx:0 period:3001] from screen [on:0 period:-93938489] score=60
11-24 08:17:10.216  3448  3540 D WifiStateMachine:  L2ConnectedState !CMD_RSSI_POLL rt=1000420/1000420 1 0 "Mobile-US" 40:e3:d6:97:78:b0 rssi=-57 f=5220 sc=60 link=173 tx=3.6, 0.0, 0.0  rx=3.2 bcn=0 [on:0 tx:0 rx:0 period:1] from screen [on:0 period:-93938488] score=60
11-24 08:17:10.219  3448  3540 D WifiStateMachine: fetchRssiLinkSpeedAndFrequencyNative rssi=-57 linkspeed=173 freq=5220
11-24 08:17:10.220  3448  3540 V WifiConfigManager: Updating scan detail cache freq=5220 BSSID=40:e3:d6:97:78:b0 RSSI=-56 for "Mobile-US"WPA_PSK
11-24 08:17:10.539  5349  5513 W MediaCodecLoggerInfo-Jni: No clients currently registered
11-24 08:17:10.539  5349  5513 E MediaCodecLoggerInfo-Jni: No active media clients registered
11-24 08:17:10.539  5349  5513 W MediaCodecLoggerInfo: Failed to get package name
11-24 08:17:10.539  5349  5513 D Vizzini_2.0.8797.0:MediaChecker: Exception while getting package name for video, so not playing
11-24 08:17:10.592  3206  3423 I Node    : dolby-audio-meter, AdapterPcmSystem adapter audio meter: channel 0; audio level: 0.000
11-24 08:17:10.592  3206  3423 I Node    : dolby-audio-meter, AdapterPcmSystem adapter audio meter: channel 1; audio level: 0.000
11-24 08:17:10.592  3206  3423 I Node    : dolby-audio-meter, AdapterPcmOut adapter audio meter: channel 0; audio level: 0.000
11-24 08:17:10.592  3206  3423 I Node    : dolby-audio-meter, AdapterPcmOut adapter audio meter: channel 1; audio level: 0.000
11-24 08:17:11.263  3206  3415 I AUDIOALG: asyncProcess : process @@@
11-24 08:17:11.265  3206  3415 I AUDIOALG: RefDlyEstimation: maxRxy 0.000000 maxPos 0
11-24 08:17:11.265  3206  3415 I AUDIOALG: asyncProcess : waiting...
11-24 08:17:11.517  8536  8536 D SPCH-QueueRequest: Running Request (18). Retry number (1).
11-24 08:17:11.518  8536  8536 I EMP_1.0.2272.0_BaseQueueRequest: SendEventsQueueRequest: Executing request (18). Retry number (1).
11-24 08:17:11.518  8536  8536 I EMP_1.0.2272.0_SendEventsQueueRequest: Attempting to send event for namespace [ExternalMediaPlayer], name [ReportDiscoveredPlayers].
11-24 08:17:11.518  8536  8536 I SPCH-EventMetadata: writeToParcel with bundle :true
11-24 08:17:11.518  5349  5366 I SPCH-EventMetadata: bundle found
11-24 08:17:11.520  5349  5879 I SPCH-SIM_SimStateMachine: Got AlexaEvent in IgnoreWhileDisconnectedState
11-24 08:17:11.520  5349  5879 I AHE-AlexaHybridRouterJNI: Sending event to AlexaHybridRouter
11-24 08:17:11.520  5349  5879 D SPCH-SIM_CloudOnlySessionsProxy: sendEvent
11-24 08:17:11.520  5349  5827 I AHE-ClientCoreConnectionAdapter: Creating core stream:connectionId=3,streamId=131
11-24 08:17:11.520  5349  5827 I AHE-ChannelControllerManager: Stats for ChannelControllerManager:connectionId=3,numChannels=15,numControllers=14,numHybridControllers=14
11-24 08:17:11.520  5349  5870 I AHE-CoreStream: Opening core stream request:connectionId=3,streamId=131,streamType=EVENT,protocol=VSB,channelId=CSM_83f65a39-61ce-4b27-b94b-7a0697c6fcee_1606223831519.0..CSM_83f65a39-61ce-4b27-b94b-7a0697c6fcee_1606223831519
11-24 08:17:11.520  5349  5870 I AHE-ChannelControllerManager: Stats for ChannelControllerManager:connectionId=3,numChannels=15,numControllers=15,numHybridControllers=15
11-24 08:17:11.520  5349  5870 W AHE-Json::DynamicConverter: Rule execution failed, aborting conversion
11-24 08:17:11.520  5349  5870 I AHE-CoreStream: Received channel JSON message:messageType=CLIENT_NON_SPEECH_EVENT,connectionId=3,streamId=131,type=client,protocol=VSB
11-24 08:17:11.520  5349  5870 I AHE-HybridChannelController: Received ClientNonSpeechEventMessage:channelToken=137
11-24 08:17:11.520  5349  5870 I AHE-HybridChannelController: Session updated (Found new):channelToken=137,sessionId=CSM_83f65a39-61ce-4b27-b94b-7a0697c6fcee_1606223831519.0..CSM_83f65a39-61ce-4b27-b94b-7a0697c6fcee_1606223831519,cloudChannelStreamId=unconnected,clientCoreStream=131
11-24 08:17:11.520  8536  8536 D EMP_1.0.2272.0_CsmClientsCallbacksImpl: Invoked onResult for sending event
11-24 08:17:11.520  5349  5870 I AHE-Session: Changed session state:sessionId=CSM_83f65a39-61ce-4b27-b94b-7a0697c6fcee_1606223831519.0..CSM_83f65a39-61ce-4b27-b94b-7a0697c6fcee_1606223831519,change=shadowModeReason UNKNOWN -> OFFLINE & connectivity ONLINE -> OFFLINE
11-24 08:17:11.520  8536  8536 I EMP_1.0.2272.0_CsmClientsCallbacksImpl: Retrying.
11-24 08:17:11.520  5349  5366 D SPCH-SIM_StackTraceHelper: Invoking pkg 
11-24 08:17:11.520  5349  5870 I AHE-SimpleLROFacade: Received an event:token=137
11-24 08:17:11.521  5349  5870 I AHE-CapabilityMetadataStoreImpl: Returning hardcoded default interface version for VSB:version=1.0
11-24 08:17:11.521  5349  5870 I AHE-SimpleLROFacade: Unsupported event received, ending response:token=137
11-24 08:17:11.521  5349  5870 I AHE-SimpleLROFacade: Enqueuing a message envelope:messageName=EndFinalResponse,messageNamespace=Orchestrator,channelToken=137
11-24 08:17:11.521  5349  5870 I AHE-MessageProcessor: Received envelope:namespace=Orchestrator,name=EndFinalResponse
11-24 08:17:11.521  8536  8536 I SPCH-QueueRequest: Retrying request (18) with a delay of (7652) ms
11-24 08:17:11.521  5349  5870 I AHE-HybridChannelController: Received EndOfStreamMessage:channelToken=137
11-24 08:17:11.521  5349  5870 I AHE-HybridChannelController: Received EndEventResponseMessage:channelToken=137
11-24 08:17:11.521  5349  5870 I AHE-HybridChannelController: Ending response in client core stream (no active cloud core stream):streamId=131
11-24 08:17:11.521  5349  5879 I SPCH-SIM_SimStateMachine: Got CapabilityCheckEvent in IgnoreWhileDisconnectedState
11-24 08:17:12.366  3206  4592 I Node    : dolby-audio-meter, AdapterPcmSystem adapter audio meter: channel 0; audio level: 0.000
11-24 08:17:12.366  3206  4592 I Node    : dolby-audio-meter, AdapterPcmSystem adapter audio meter: channel 1; audio level: 0.000
11-24 08:17:12.366  3206  4592 I RendererNode: dolby-audio-meter, Renderer renderer audio meter: channel 0; audio level: 0.000
11-24 08:17:12.366  3206  4592 I RendererNode: dolby-audio-meter, Renderer renderer audio meter: channel 1; audio level: 0.000
11-24 08:17:12.366  3206  4592 I RendererNode: dolby-audio-meter, Renderer renderer audio meter: channel 2; audio level: 0.000
11-24 08:17:12.366  3206  4592 I RendererNode: dolby-audio-meter, Renderer renderer audio meter: channel 3; audio level: 0.000
11-24 08:17:12.366  3206  4592 I RendererNode: dolby-audio-meter, Renderer renderer audio meter: channel 4; audio level: 0.000
11-24 08:17:12.366  3206  4592 I RendererNode: dolby-audio-meter, Renderer renderer audio meter: channel 5; audio level: 0.000
11-24 08:17:12.366  3206  4592 I Node    : dolby-audio-meter, AdapterPcmOut adapter audio meter: channel 0; audio level: 0.000
11-24 08:17:12.366  3206  4592 I Node    : dolby-audio-meter, AdapterPcmOut adapter audio meter: channel 1; audio level: 0.000
11-24 08:17:12.405  5349  5349 I AppStateReporter:EventUtils: Sending FG Event
11-24 08:17:12.406  5349  5879 I SPCH-SIM_SimStateMachine: Got AlexaEvent in IgnoreWhileDisconnectedState
11-24 08:17:12.406  5349  5349 D SPCH-SIM_StackTraceHelper: Invoking pkg 
11-24 08:17:12.407  5349  5879 I AHE-AlexaHybridRouterJNI: Sending event to AlexaHybridRouter
11-24 08:17:12.407  5349  5879 D SPCH-SIM_CloudOnlySessionsProxy: sendEvent
11-24 08:17:12.407  5349  5349 E AppStateReporter:EventUtils: Error while sending event, event result: ALEXA_DISCONNECTED, retrying: true
11-24 08:17:12.407  5349  5879 I SPCH-SIM_SimStateMachine: Got CapabilityCheckEvent in IgnoreWhileDisconnectedState
11-24 08:17:12.407  5349  5404 D Dcm1pAdapter: Instantiating an impl instance of DCM MetricsFacotry.
11-24 08:17:12.407  5349  5404 I chatty  : uid=10131(com.amazon.vizzini) Metrics Handler identical 1 line
11-24 08:17:12.407  5349  5404 D Dcm1pAdapter: Instantiating an impl instance of DCM MetricsFacotry.
11-24 08:17:12.407  5349  5827 I AHE-ClientCoreConnectionAdapter: Creating core stream:connectionId=3,streamId=132
11-24 08:17:12.407  5349  5827 I AHE-ChannelControllerManager: Stats for ChannelControllerManager:connectionId=3,numChannels=16,numControllers=15,numHybridControllers=15
11-24 08:17:12.407  5349  5866 I AHE-CoreStream: Opening core stream request:connectionId=3,streamId=132,streamType=EVENT,protocol=VSB,channelId=CSM_61cd07c7-a4ef-49e3-8106-b3cba9ea183b_1606223832406.0..CSM_61cd07c7-a4ef-49e3-8106-b3cba9ea183b_1606223832406
11-24 08:17:12.408  5349  5866 I AHE-ChannelControllerManager: Stats for ChannelControllerManager:connectionId=3,numChannels=16,numControllers=16,numHybridControllers=16
11-24 08:17:12.408  5349  5866 W AHE-Json::DynamicConverter: Rule execution failed, aborting conversion
11-24 08:17:12.408  5349  5866 I AHE-CoreStream: Received channel JSON message:messageType=CLIENT_NON_SPEECH_EVENT,connectionId=3,streamId=132,type=client,protocol=VSB
11-24 08:17:12.408  5349  5866 I AHE-HybridChannelController: Received ClientNonSpeechEventMessage:channelToken=138
11-24 08:17:12.408  5349  5866 I AHE-HybridChannelController: Session updated (Found new):channelToken=138,sessionId=CSM_61cd07c7-a4ef-49e3-8106-b3cba9ea183b_1606223832406.0..CSM_61cd07c7-a4ef-49e3-8106-b3cba9ea183b_1606223832406,cloudChannelStreamId=unconnected,clientCoreStream=132
11-24 08:17:12.408  5349  5866 I AHE-Session: Changed session state:sessionId=CSM_61cd07c7-a4ef-49e3-8106-b3cba9ea183b_1606223832406.0..CSM_61cd07c7-a4ef-49e3-8106-b3cba9ea183b_1606223832406,change=shadowModeReason UNKNOWN -> OFFLINE & connectivity ONLINE -> OFFLINE
11-24 08:17:12.408  5349  5866 I AHE-SimpleLROFacade: Received an event:token=138
11-24 08:17:12.408  5349  5866 I AHE-CapabilityMetadataStoreImpl: Returning hardcoded default interface version for VSB:version=1.0
11-24 08:17:12.408  5349  5866 I AHE-SimpleLROFacade: Unsupported event received, ending response:token=138
11-24 08:17:12.408  5349  5866 I AHE-SimpleLROFacade: Enqueuing a message envelope:messageName=EndFinalResponse,messageNamespace=Orchestrator,channelToken=138
11-24 08:17:12.408  5349  5866 I AHE-MessageProcessor: Received envelope:namespace=Orchestrator,name=EndFinalResponse
11-24 08:17:12.408  5349  5866 I AHE-HybridChannelController: Received EndOfStreamMessage:channelToken=138
11-24 08:17:12.408  5349  5866 I AHE-HybridChannelController: Received EndEventResponseMessage:channelToken=138
11-24 08:17:12.408  5349  5866 I AHE-HybridChannelController: Ending response in client core stream (no active cloud core stream):streamId=132
11-24 08:17:13.223  3448  3540 D WifiStateMachine:  ConnectedState !CMD_RSSI_POLL rt=1003427/1003427 1 0 "Mobile-US" 40:e3:d6:97:78:b0 rssi=-57 f=5220 sc=60 link=173 tx=2.1, 0.0, 0.0  rx=2.2 bcn=0 [on:0 tx:0 rx:0 period:3003] from screen [on:0 period:-93935481] score=60
11-24 08:17:13.223  3448  3540 D WifiStateMachine:  L2ConnectedState !CMD_RSSI_POLL rt=1003427/1003427 1 0 "Mobile-US" 40:e3:d6:97:78:b0 rssi=-57 f=5220 sc=60 link=173 tx=2.1, 0.0, 0.0  rx=2.2 bcn=0 [on:0 tx:0 rx:0 period:0] from screen [on:0 period:-93935481] score=60
11-24 08:17:13.226  3448  3540 D WifiStateMachine: fetchRssiLinkSpeedAndFrequencyNative rssi=-57 linkspeed=173 freq=5220
11-24 08:17:13.226  3448  3540 V WifiConfigManager: Updating scan detail cache freq=5220 BSSID=40:e3:d6:97:78:b0 RSSI=-56 for "Mobile-US"WPA_PSK
11-24 08:17:13.256  5349  5513 W MediaCodecLoggerInfo-Jni: No clients currently registered
11-24 08:17:13.256  5349  5513 E MediaCodecLoggerInfo-Jni: No active media clients registered
11-24 08:17:13.256  5349  5513 W MediaCodecLoggerInfo: Failed to get package name
11-24 08:17:13.256  5349  5513 D Vizzini_2.0.8797.0:MediaChecker: Exception while getting package name for video, so not playing
11-24 08:17:13.311  3206  3415 I AUDIOALG: asyncProcess : process @@@
11-24 08:17:13.313  3206  3415 I AUDIOALG: RefDlyEstimation: maxRxy 0.000000 maxPos 0
11-24 08:17:13.313  3206  3415 I AUDIOALG: asyncProcess : waiting...
11-24 08:17:14.912  3630  3917 W bt_btif : bta_hh_le_input_rpt_notify uuid=0x2a4d srv_handle=79 is_bl_svc_primary=1 rpt_id=1 len=3
--------- beginning of system
11-24 08:17:14.913  3448  3531 I AmazonProfileService: Filter key event KEYCODE_DPAD_CENTER
11-24 08:17:14.913  3448  3531 I AmazonProfileService: Event is not filtered because feature flag is not set. KeyEvent = KEYCODE_DPAD_CENTER
11-24 08:17:14.913  3448  3531 I FireTVKeyPolicyManager: Dynamic key mapping has been enabled
11-24 08:17:14.913  3448  3531 I KeyMapManagerUtil: Unknown remote sku id 0. Fetch remote sku id from system property
11-24 08:17:14.913  3448  3531 D GenericKeyHandler: Generic key event mapping is not found for key 23 and sku id 0
11-24 08:17:14.913  3448  3531 D AppAdapterHandler: handleKeyEvent for keycode 23 and skuId = 0
11-24 08:17:14.913  3448  3531 D AppAdapterHandler: Application adapter for keycode 23 and skudId = 0 does not exist
11-24 08:17:14.913  3448  3531 I FireTVKeyPolicyManager: Dynamic key mapping key intercepted result 0
11-24 08:17:14.914  3448  3530 I AmazonPowerManagerVendorCallback: Package defined in contextual screensaver package list is in foreground. screen saver will start in 300000
11-24 08:17:14.914  3448  3530 D AmzPhoneWindowManager: is 23 in key list = false
11-24 08:17:14.916  3190  3336 V MesonHwc: outConfig[0]: 0.
11-24 08:17:14.916  3190  3336 V MesonHwc: outConfig[1]: 1.
11-24 08:17:14.916  3190  3336 V MesonHwc: outConfig[2]: 2.
11-24 08:17:14.916  3190  3336 V MesonHwc: outConfig[3]: 3.
11-24 08:17:14.916  3190  3336 V MesonHwc: outConfig[4]: 4.
11-24 08:17:14.916  3190  3336 V MesonHwc: outConfig[5]: 5.
11-24 08:17:14.916  3190  3336 V MesonHwc: outConfig[6]: 6.
11-24 08:17:14.916  3190  3336 V MesonHwc: outConfig[7]: 7.
11-24 08:17:14.916  3190  3336 V MesonHwc: outConfig[8]: 8.
11-24 08:17:14.916  3190  3336 V MesonHwc: outConfig[9]: 9.
11-24 08:17:14.917  3448  3530 D AmzPhoneWindowManager: interceptUnhandledKey: 23
11-24 08:17:14.917  3448  3530 D AmzPhoneWindowManager: is 23 in key list = false
11-24 08:17:14.918  3448  3459 I AmazonPowerManagerVendorCallback: Package defined in contextual screensaver package list is in foreground. screen saver will start in 300000
11-24 08:17:14.918  3448  3459 I AmazonPowerManagerVendorCallback: Wakelock acquired UID:1041 PID:0 Tag:AudioMix
11-24 08:17:14.918  3206  4593 I DolbyAudioStreamOut: write, new playback through Dolby proxy. Format=0x1, ChannelMask=0x3, SamplingRate=48000Hz isDirect 0
11-24 08:17:14.920  4084  4084 V OZ-DCS:WakeLockReceiver: Posting wakelock event on feed bus: [key]: amazon.intent.action.WAKELOCK_ACQUIRED [uid]: 1041 [pid]: 0 [tag]: AudioMix
11-24 08:17:14.923  4084 10743 I OZ-DCS:ModeLogger: OZ-DMC New ModeStateEvent: Current<all>: FIRE_TV [name : VIDEO_PLAYBACK_PROVIDER time: 88012 payload: {"function_":"Repeat","time_from_boot_":"01:28","now_from_boot_":"16:45","now_timestamp_":1005126,"time_absolute_":"08:01:57.807","lasting_time_":"infinite","metadata: ":"{\"action\":\"set\",\"delay\":0,\"inMode\":[\"tv\"],\"time\":0,\"toMode\":\"tv\"}"}]
11-24 08:17:14.926  3206  4593 I DolbyAudioHwDeviceProxy: resumeDownstream() for device:0x400
11-24 08:17:14.926  3220  3916 D AudioFlinger: mixer(0xef903bc0) throttle end: throttle time(32)
11-24 08:17:14.952  3630  3917 W bt_btif : bta_hh_le_input_rpt_notify uuid=0x2a4d srv_handle=79 is_bl_svc_primary=1 rpt_id=1 len=3
11-24 08:17:14.953  3448  3531 I AmazonProfileService: Filter key event KEYCODE_DPAD_CENTER
11-24 08:17:14.953  3448  3531 I AmazonProfileService: Event is not filtered because feature flag is not set. KeyEvent = KEYCODE_DPAD_CENTER
11-24 08:17:14.953  3448  3531 I FireTVKeyPolicyManager: Dynamic key mapping has been enabled
11-24 08:17:14.953  3448  3531 I KeyMapManagerUtil: Unknown remote sku id 0. Fetch remote sku id from system property
11-24 08:17:14.954  3448  3531 D GenericKeyHandler: Generic key event mapping is not found for key 23 and sku id 0
11-24 08:17:14.954  3448  3531 D AppAdapterHandler: handleKeyEvent for keycode 23 and skuId = 0
11-24 08:17:14.954  3448  3531 D AppAdapterHandler: Application adapter for keycode 23 and skudId = 0 does not exist
11-24 08:17:14.954  3448  3531 I FireTVKeyPolicyManager: Dynamic key mapping key intercepted result 0
11-24 08:17:14.954  3448  3530 D AmzPhoneWindowManager: is 23 in key list = false
11-24 08:17:14.957  3448  3530 D AmzPhoneWindowManager: interceptUnhandledKey: 23
11-24 08:17:14.957  3448  3530 D AmzPhoneWindowManager: is 23 in key list = false
11-24 08:17:14.960  3206  4593 I DolbyAudioStreamOut: getLatency() Total latency:300ms (Downstream:72ms, DMA:158ms, tuning:70ms, tuningBT:0ms), input format:0x1, sink:0x400, UxOutSetting:0, CurOutFormat:0xa000000
11-24 08:17:14.968  5575  5806 D WakeWordService: event audio_playback with value 1and decoderId WakeWordService_input_decoder has been pushed into Pryon
11-24 08:17:14.968  3206  4593 I DolbyAudioStreamOut: getLatency() Total latency:313ms (Downstream:85ms, DMA:158ms, tuning:70ms, tuningBT:0ms), input format:0x1, sink:0x400, UxOutSetting:0, CurOutFormat:0xa000000
11-24 08:17:14.977  3206  4593 I DolbyAudioStreamOut: getLatency() Total latency:305ms (Downstream:77ms, DMA:158ms, tuning:70ms, tuningBT:0ms), input format:0x1, sink:0x400, UxOutSetting:0, CurOutFormat:0xa000000
11-24 08:17:14.977  3206  4593 I DolbyAudioStreamOut: getLatency() Total latency:313ms (Downstream:85ms, DMA:158ms, tuning:70ms, tuningBT:0ms), input format:0x1, sink:0x400, UxOutSetting:0, CurOutFormat:0xa000000
11-24 08:17:14.985  3206  4593 I DolbyAudioStreamOut: getLatency() Total latency:305ms (Downstream:77ms, DMA:158ms, tuning:70ms, tuningBT:0ms), input format:0x1, sink:0x400, UxOutSetting:0, CurOutFormat:0xa000000
11-24 08:17:15.016  3206  4593 I DolbyAudioStreamOut: getLatency() Total latency:309ms (Downstream:81ms, DMA:158ms, tuning:70ms, tuningBT:0ms), input format:0x1, sink:0x400, UxOutSetting:0, CurOutFormat:0xa000000
11-24 08:17:15.024  3206  4593 I DolbyAudioStreamOut: getLatency() Total latency:305ms (Downstream:77ms, DMA:158ms, tuning:70ms, tuningBT:0ms), input format:0x1, sink:0x400, UxOutSetting:0, CurOutFormat:0xa000000
11-24 08:17:15.024  3206  4593 I DolbyAudioStreamOut: getLatency() Total latency:313ms (Downstream:85ms, DMA:158ms, tuning:70ms, tuningBT:0ms), input format:0x1, sink:0x400, UxOutSetting:0, CurOutFormat:0xa000000
11-24 08:17:15.032  3206  4593 I DolbyAudioStreamOut: getLatency() Total latency:305ms (Downstream:77ms, DMA:158ms, tuning:70ms, tuningBT:0ms), input format:0x1, sink:0x400, UxOutSetting:0, CurOutFormat:0xa000000
11-24 08:17:15.032  3206  4593 I DolbyAudioStreamOut: getLatency() Total latency:313ms (Downstream:85ms, DMA:158ms, tuning:70ms, tuningBT:0ms), input format:0x1, sink:0x400, UxOutSetting:0, CurOutFormat:0xa000000
11-24 08:17:15.041  3206  4593 I DolbyAudioStreamOut: getLatency() Total latency:305ms (Downstream:77ms, DMA:158ms, tuning:70ms, tuningBT:0ms), input format:0x1, sink:0x400, UxOutSetting:0, CurOutFormat:0xa000000
11-24 08:17:15.041  3206  4593 I DolbyAudioStreamOut: getLatency() Total latency:313ms (Downstream:85ms, DMA:158ms, tuning:70ms, tuningBT:0ms), input format:0x1, sink:0x400, UxOutSetting:0, CurOutFormat:0xa000000
11-24 08:17:15.049  3206  4593 I DolbyAudioStreamOut: getLatency() Total latency:305ms (Downstream:77ms, DMA:158ms, tuning:70ms, tuningBT:0ms), input format:0x1, sink:0x400, UxOutSetting:0, CurOutFormat:0xa000000
11-24 08:17:15.071  3751  3816 I ...e.LocalKeyValueStore: Create DE shared preference, OS supports direct boot.
11-24 08:17:15.072  3448  3459 I ActivityManager: START u0 {act=android.intent.action.MAIN cat=[android.intent.category.LAUNCHER] flg=0x10000000 pkg=com.example.encodetest cmp=com.example.encodetest/.MainActivity} from uid 10024
11-24 08:17:15.072  3751  3816 D ...s.v2/PlatformWrapper: User is locked in direct boot mode: false
11-24 08:17:15.072  3751  3816 D ...ork.GenericIPCSender: com.amazon.tv.settings.v2 try get ipc provider out of direct mode for GetAccountAction
11-24 08:17:15.073  3190  3865 V MesonHwc: outConfig[0]: 0.
11-24 08:17:15.074  3190  3865 V MesonHwc: outConfig[1]: 1.
11-24 08:17:15.074  3190  3865 V MesonHwc: outConfig[2]: 2.
11-24 08:17:15.074  3190  3865 V MesonHwc: outConfig[3]: 3.
11-24 08:17:15.074  3190  3865 V MesonHwc: outConfig[4]: 4.
11-24 08:17:15.074  3190  3865 V MesonHwc: outConfig[5]: 5.
11-24 08:17:15.074  3190  3865 V MesonHwc: outConfig[6]: 6.
11-24 08:17:15.074  3190  3865 V MesonHwc: outConfig[7]: 7.
11-24 08:17:15.074  3190  3865 V MesonHwc: outConfig[8]: 8.
11-24 08:17:15.074  3190  3865 V MesonHwc: outConfig[9]: 9.
11-24 08:17:15.076  3751  3816 D ...sedPackageTrustLogic: MAP trust com.amazon.imp, since the signature check passed
11-24 08:17:15.078  3190  3336 V MesonHwc: outConfig[0]: 0.
11-24 08:17:15.078  3190  3336 V MesonHwc: outConfig[1]: 1.
11-24 08:17:15.078  3190  3336 V MesonHwc: outConfig[2]: 2.
11-24 08:17:15.078  3190  3336 V MesonHwc: outConfig[3]: 3.
11-24 08:17:15.078  3190  3336 V MesonHwc: outConfig[4]: 4.
11-24 08:17:15.078  3190  3336 V MesonHwc: outConfig[5]: 5.
11-24 08:17:15.078  3190  3336 V MesonHwc: outConfig[6]: 6.
11-24 08:17:15.078  3190  3336 V MesonHwc: outConfig[7]: 7.
11-24 08:17:15.078  3190  3336 V MesonHwc: outConfig[8]: 8.
11-24 08:17:15.078  3190  3336 V MesonHwc: outConfig[9]: 9.
11-24 08:17:15.080  3206  4593 I DolbyAudioStreamOut: getLatency() Total latency:309ms (Downstream:81ms, DMA:158ms, tuning:70ms, tuningBT:0ms), input format:0x1, sink:0x400, UxOutSetting:0, CurOutFormat:0xa000000
11-24 08:17:15.082  3190  3336 V MesonHwc: outConfig[0]: 0.
11-24 08:17:15.082  3190  3336 V MesonHwc: outConfig[1]: 1.
11-24 08:17:15.082  3190  3336 V MesonHwc: outConfig[2]: 2.
11-24 08:17:15.082  3190  3336 V MesonHwc: outConfig[3]: 3.
11-24 08:17:15.082  3190  3336 V MesonHwc: outConfig[4]: 4.
11-24 08:17:15.082  3190  3336 V MesonHwc: outConfig[5]: 5.
11-24 08:17:15.082  3190  3336 V MesonHwc: outConfig[6]: 6.
11-24 08:17:15.082  3190  3336 V MesonHwc: outConfig[7]: 7.
11-24 08:17:15.082  3190  3336 V MesonHwc: outConfig[8]: 8.
11-24 08:17:15.082  3190  3336 V MesonHwc: outConfig[9]: 9.
11-24 08:17:15.087  3190  3336 V MesonHwc: outConfig[0]: 0.
11-24 08:17:15.087  3190  3336 V MesonHwc: outConfig[1]: 1.
11-24 08:17:15.087  3190  3336 V MesonHwc: outConfig[2]: 2.
11-24 08:17:15.087  3190  3336 V MesonHwc: outConfig[3]: 3.
11-24 08:17:15.087  3190  3336 V MesonHwc: outConfig[4]: 4.
11-24 08:17:15.087  3190  3336 V MesonHwc: outConfig[5]: 5.
11-24 08:17:15.087  3190  3336 V MesonHwc: outConfig[6]: 6.
11-24 08:17:15.087  3190  3336 V MesonHwc: outConfig[7]: 7.
11-24 08:17:15.087  3190  3336 V MesonHwc: outConfig[8]: 8.
11-24 08:17:15.087  3190  3336 V MesonHwc: outConfig[9]: 9.
11-24 08:17:15.089  3206  4593 I DolbyAudioStreamOut: getLatency() Total latency:305ms (Downstream:77ms, DMA:158ms, tuning:70ms, tuningBT:0ms), input format:0x1, sink:0x400, UxOutSetting:0, CurOutFormat:0xa000000
11-24 08:17:15.089  3206  4593 I DolbyAudioStreamOut: getLatency() Total latency:313ms (Downstream:85ms, DMA:158ms, tuning:70ms, tuningBT:0ms), input format:0x1, sink:0x400, UxOutSetting:0, CurOutFormat:0xa000000
11-24 08:17:15.092  3448  3459 I AmazonPowerManagerVendorCallback: Package defined in contextual screensaver package list is in foreground. screen saver will start in 300000
11-24 08:17:15.096  3190  3336 V MesonHwc: outConfig[0]: 0.
11-24 08:17:15.096  3190  3336 V MesonHwc: outConfig[1]: 1.
11-24 08:17:15.096  3190  3336 V MesonHwc: outConfig[2]: 2.
11-24 08:17:15.096  3190  3336 V MesonHwc: outConfig[3]: 3.
11-24 08:17:15.096  3190  3336 V MesonHwc: outConfig[4]: 4.
11-24 08:17:15.096  3190  3336 V MesonHwc: outConfig[5]: 5.
11-24 08:17:15.096  3190  3336 V MesonHwc: outConfig[6]: 6.
11-24 08:17:15.096  3190  3336 V MesonHwc: outConfig[7]: 7.
11-24 08:17:15.096  3190  3336 V MesonHwc: outConfig[8]: 8.
11-24 08:17:15.096  3190  3336 V MesonHwc: outConfig[9]: 9.
11-24 08:17:15.098  3206  4593 I DolbyAudioStreamOut: getLatency() Total latency:312ms (Downstream:84ms, DMA:158ms, tuning:70ms, tuningBT:0ms), input format:0x1, sink:0x400, UxOutSetting:0, CurOutFormat:0xa000000
11-24 08:17:15.101  3751  3816 I ...ngs.v2/MetricsHelper: Using the FireOSPlatformDCPMetricsCollector
11-24 08:17:15.102  3751  3816 D Tracer  : Tracer created. Tracer Id : 3751053 API Name : CustomerAttributeStore:GetAttribute
11-24 08:17:15.103  3751 11034 D ...s.v2/PlatformWrapper: User is locked in direct boot mode: false
11-24 08:17:15.103  3751 11034 D ...teStoreCommunication: com.amazon.tv.settings.v2 try get customer attribute out of direct mode fo isAnonymous
11-24 08:17:15.106  3206  4593 I DolbyAudioStreamOut: getLatency() Total latency:305ms (Downstream:77ms, DMA:158ms, tuning:70ms, tuningBT:0ms), input format:0x1, sink:0x400, UxOutSetting:0, CurOutFormat:0xa000000
11-24 08:17:15.107  3206  4593 I DolbyAudioStreamOut: getLatency() Total latency:313ms (Downstream:85ms, DMA:158ms, tuning:70ms, tuningBT:0ms), input format:0x1, sink:0x400, UxOutSetting:0, CurOutFormat:0xa000000
11-24 08:17:15.109  3190  3336 V MesonHwc: outConfig[0]: 0.
11-24 08:17:15.109  3190  3336 V MesonHwc: outConfig[1]: 1.
11-24 08:17:15.109  3190  3336 V MesonHwc: outConfig[2]: 2.
11-24 08:17:15.109  3190  3336 V MesonHwc: outConfig[3]: 3.
11-24 08:17:15.109  3190  3336 V MesonHwc: outConfig[4]: 4.
11-24 08:17:15.109  3190  3336 V MesonHwc: outConfig[5]: 5.
11-24 08:17:15.109  3190  3336 V MesonHwc: outConfig[6]: 6.
11-24 08:17:15.109  3190  3336 V MesonHwc: outConfig[7]: 7.
11-24 08:17:15.109  3190  3336 V MesonHwc: outConfig[8]: 8.
11-24 08:17:15.109  3190  3336 V MesonHwc: outConfig[9]: 9.
11-24 08:17:15.104  3142  3142 W main    : type=1400 audit(0.0:610): avc: denied { getattr } for path="/dev/__properties__/u:object_r:vendor_default_prop:s0" dev="tmpfs" ino=1674 scontext=u:r:zygote:s0 tcontext=u:object_r:vendor_default_prop:s0 tclass=file permissive=0
11-24 08:17:15.111  3142  3142 E libc    : Access denied finding property "vendor.debug.java_coredump"
11-24 08:17:15.113  3751 11034 D ...sedPackageTrustLogic: MAP trust com.amazon.imp, since the signature check passed
11-24 08:17:15.115  3206  4593 I DolbyAudioStreamOut: getLatency() Total latency:308ms (Downstream:80ms, DMA:158ms, tuning:70ms, tuningBT:0ms), input format:0x1, sink:0x400, UxOutSetting:0, CurOutFormat:0xa000000
11-24 08:17:15.117  3848  3863 I ...imp/MetricsHelper[0]: Using the FireOSPlatformDCPMetricsCollector
11-24 08:17:15.118  3848  3863 D Tracer  : Tracer created. Tracer Id : 3848183 API Name : CustomerAttributeProvider:Query
11-24 08:17:15.119  3848 10745 D ...tiableDataStorage[0]: Get user data for: isAnonymous
11-24 08:17:15.119  3848 10745 I ...tributeStoreLogic[0]: Callback with value empty: false
11-24 08:17:15.121  3189  3189 I gralloc : framebuffer hal alread move to hwcomposer
11-24 08:17:15.126  5575  5786 I WakeWordService: DecoderID=WakeWordService_playback_decoder: recognition_id=WakeWordService_playback_decoder-0: Observed consecutive frames of digital silence: 4915
11-24 08:17:15.129  3448  3468 I ActivityManager: Start proc 11323:com.example.encodetest/u0a248 for activity com.example.encodetest/.MainActivity
11-24 08:17:15.136 11323 11323 I mple.encodetes: Late-enabling -Xcheck:jni
11-24 08:17:15.144  3206  4593 I DolbyAudioStreamOut: getLatency() Total latency:313ms (Downstream:85ms, DMA:158ms, tuning:70ms, tuningBT:0ms), input format:0x1, sink:0x400, UxOutSetting:0, CurOutFormat:0xa000000
11-24 08:17:15.152  3206  4593 I DolbyAudioStreamOut: getLatency() Total latency:305ms (Downstream:77ms, DMA:158ms, tuning:70ms, tuningBT:0ms), input format:0x1, sink:0x400, UxOutSetting:0, CurOutFormat:0xa000000
11-24 08:17:15.152  3206  4593 I DolbyAudioStreamOut: getLatency() Total latency:313ms (Downstream:85ms, DMA:158ms, tuning:70ms, tuningBT:0ms), input format:0x1, sink:0x400, UxOutSetting:0, CurOutFormat:0xa000000
11-24 08:17:15.169  3206  4593 I DolbyAudioStreamOut: getLatency() Total latency:305ms (Downstream:77ms, DMA:158ms, tuning:70ms, tuningBT:0ms), input format:0x1, sink:0x400, UxOutSetting:0, CurOutFormat:0xa000000
11-24 08:17:15.180  3448  3579 D AmazonUsageStatsService: Package open received in screen On state:com.example.encodetest
11-24 08:17:15.181  3448  3579 D AmazonUsageStatsService: In writeSnapshotToDatabase()
11-24 08:17:15.181  3448  3579 D AmazonUsageStatsService: Exiting writeSnapshotToDatabase; last write <5 mins ago.
11-24 08:17:15.182  5349  5682 I AlexaAppAgent_2.0.350.0_ForegroundApplicationChangeReporter: onActivityResume called for Reporter
11-24 08:17:15.182  6008  6008 D AVL:AVLManagerService: Received onActivityResume
11-24 08:17:15.183  6008  6008 D AVL:OrdinalManager: Clearing Ordinal info
11-24 08:17:15.183  6008  6008 D AVL:OrdinalManager: dismissing overlay service
11-24 08:17:15.183  3206  4371 D DolbyAudioHwDeviceProxy: setParameters(0xf1f52300): continuous_audio_mode=0
11-24 08:17:15.183  3206  4371 I AudioALSAHardware: +setParameters(): continuous_audio_mode=0
11-24 08:17:15.183  3206  4371 W AudioALSAHardware: setParameters(), still have param.size() = 1, remain param = "continuous_audio_mode=0"
11-24 08:17:15.183  3206  4371 D AudioALSAHardware: -setParameters(): continuous_audio_mode=0 
11-24 08:17:15.183  5349  5349 D Vizzini_2.0.8797.0:ForegroundAppHelper: [Debug Builds Only] Foreground App: [PackageName=com.example.encodetest], [SystemApp=false], [CSMParticipant=false]
11-24 08:17:15.184  5349  5349 I Vizzini_2.0.8797.0:ExternalPlaybackStateManager: Focus already cleared
11-24 08:17:15.184  5349  5682 I AlexaAppAgent_2.0.350.0_ForegroundApplicationChangeReporter: Transition from non-VSK app1 to non-VSK app2, skipping foreground state report
11-24 08:17:15.184  5349  5349 D Vizzini_2.0.8797.0:InstaHintsRetriever: ForegroundApp Changed:com.example.encodetest
11-24 08:17:15.184  5349  5349 I Vizzini_2.0.8797.0:WindowInstanceManager: Dismissing partial screen due to activity change
11-24 08:17:15.184  5349  5349 D Vizzini_2.0.8797.0:PartialScreenDismisser: Not dismissing partial screens because it's not active.
11-24 08:17:15.185  6008  6008 I AVL:AVLManagerService: Setting package name: com.example.encodetest
11-24 08:17:15.185  3206  4371 D DolbyAudioHwDeviceProxy: setParameters(0xf38dc180): continuous_audio_mode=0
11-24 08:17:15.186  5349 10927 D AppStateReporter:ApplicationStateReporter: application payload:{"foregroundApplication":{"id":"com.example.encodetest","metadata":{"categories":["OTHER"],"isVisible":true},"type":"android","version":"1"}}
11-24 08:17:15.186  5349  5404 D Dcm1pAdapter: Instantiating an impl instance of DCM MetricsFacotry.
11-24 08:17:15.186  5349  5404 I chatty  : uid=10131(com.amazon.vizzini) Metrics Handler identical 1 line
11-24 08:17:15.186  5349  5404 D Dcm1pAdapter: Instantiating an impl instance of DCM MetricsFacotry.
11-24 08:17:15.187  3220  3552 D DolbyAudioHwDeviceProxy: setParameters(0xf152c000): continuous_audio_mode=0
11-24 08:17:15.187  6008  6008 D AVL:AVLManagerService: Sending app launch signal
11-24 08:17:15.187  6008  6092 I AVL:AVLManagerService: handling : 0
11-24 08:17:15.188  6008  6008 I AVL:RemoteConfigData: Could not find value for key:Cues.CriteriaThresholds.RecentVoiceInteractionInMilliseconds in Arcus. Using default value.
11-24 08:17:15.188  6008  6008 D AVL:CuesEngine: Milliseconds since last voice interaction is 1606223835187, threshold is 5000
11-24 08:17:15.188  3190  3336 V MesonHwc: outConfig[0]: 0.
11-24 08:17:15.188  3190  3336 V MesonHwc: outConfig[1]: 1.
11-24 08:17:15.188  3190  3336 V MesonHwc: outConfig[2]: 2.
11-24 08:17:15.188  3190  3336 V MesonHwc: outConfig[3]: 3.
11-24 08:17:15.188  3190  3336 V MesonHwc: outConfig[4]: 4.
11-24 08:17:15.188  3190  3336 V MesonHwc: outConfig[5]: 5.
11-24 08:17:15.188  3190  3336 V MesonHwc: outConfig[6]: 6.
11-24 08:17:15.188  3190  3336 V MesonHwc: outConfig[7]: 7.
11-24 08:17:15.188  3190  3336 V MesonHwc: outConfig[8]: 8.
11-24 08:17:15.188  5349 10927 D BaseDeviceContextContract: Creating context Alexa.ApplicationStateReporter.ForegroundApplication for caller com.amazon.vizzini and timeOfSample 2020-11-24T13:17:15.188Z
11-24 08:17:15.188  3190  3336 V MesonHwc: outConfig[9]: 9.
11-24 08:17:15.189  3206  3418 D DolbyAudioHwDeviceProxy: getParameters(0xf1f52300): hdmi_output_channel_mode
11-24 08:17:15.189  3206  3418 I DolbyAudioParameters: getParameters() return hdmi_output_channel_mode=0
11-24 08:17:15.189  3206  4371 D DolbyAudioHwDeviceProxy: getParameters(0xf38dc180): hdmi_output_channel_mode
11-24 08:17:15.189  3206  4371 I DolbyAudioParameters: getParameters() return hdmi_output_channel_mode=0
11-24 08:17:15.189  5349  5879 I SPCH-SIM_SimStateMachine: Got DeviceContextEvent in IgnoreWhileDisconnectedState
11-24 08:17:15.189  5349 10927 D SPCH-SIM_StackTraceHelper: Invoking pkg 
11-24 08:17:15.189  5349  5879 D BaseContextManager: Adding deviceContext Alexa.ApplicationStateReporter.ForegroundApplication. Changed? true Hard Update? true Payload is {"foregroundApplication":{"id":"com.example.encodetest","metadata":{"categories":["OTHER"],"isVisible":true},"type":"android","version":"1"}}
11-24 08:17:15.190  5349  5879 I CSM-ProactiveReporter: Context with namespace Alexa.ApplicationStateReporter whitelisted? false. Cloud-configured whitelist? false
11-24 08:17:15.190  6008  6095 I AVL:Utils: App : com.example.encodetest, neither installed from AppStore nor an system app. Returning anonymized package name
11-24 08:17:15.190  5349  5879 I SPCH-SIM_SimStateMachine: Got CapabilityCheckEvent in IgnoreWhileDisconnectedState
11-24 08:17:15.190  5349  5349 I Vizzini_2.0.8797.0:ExternalPlaybackStateManager: Media State Update: CODEC_STATE_DETECTION is INACTIVE
11-24 08:17:15.190  5349  5349 I Vizzini_2.0.8797.0:ExternalPlaybackStateManager: MediaStatus inactive or no media states to get context from.
11-24 08:17:15.191  6008  6092 D AvlProviderHelper: Getting AvlInfo for package: com.example.encodetest
11-24 08:17:15.191  6008  6092 I LockerProviderHelper: Querying content Uri=content://com.amazon.venezia.avl-com.amazon.venezia/avl/com.example.encodetest
11-24 08:17:15.191  3448  3579 I AmazonProfileService: Active profile for the application com.example.encodetest not present.
11-24 08:17:15.191  3448  3579 I AmazonProfileService: Returning active profile for programId = PCA_FIRE_TV
11-24 08:17:15.192  3220  3552 D DolbyAudioHwDeviceProxy: getParameters(0xf152c000): hdmi_output_channel_mode;
11-24 08:17:15.192  3220  3552 I DolbyAudioParameters: getParameters() return hdmi_output_channel_mode=0
11-24 08:17:15.192  5349  5349 D Vizzini_2.0.8797.0:ExternalPlaybackStateManager: Providing Media Context: null
11-24 08:17:15.192  5349  5349 I Vizzini_2.0.8797.0:ExternalPlaybackStateManager: No active media, removing LocalMediaPlayerStateContext
11-24 08:17:15.192  5349  5349 I Vizzini_2.0.8797.0:AlexaContextClient: Removing device context namespace: LocalMediaPlayer, name: PlaybackState
11-24 08:17:15.192  5349  5349 I SPCH-SIM_SimDeviceContextContract: removeDeviceContext(LocalMediaPlayer, PlaybackState)
11-24 08:17:15.192  3448  3474 D AmazonProfileService: onActivityResume, mDefaultProgramId = PCA_FIRE_TV
11-24 08:17:15.192  3448  3474 D AmazonProfileService: onActivityResume, packageName = com.example.encodetest
11-24 08:17:15.192  3448  3474 D AmazonProfileService: sendHudBroadcastIfNeeded hudComponentClassName: com.example.encodetest.MainActivity
11-24 08:17:15.192  3448  3474 D AmazonProfileService: Package com.example.encodetest is not a System App
11-24 08:17:15.192  3448  3474 D AmazonProfileService: onActivityResume, profileId = amzn1.actor.person.did.ANATTKJ4O2KCIYVTLUEYI3JIFYYF4JNLJTFMGHUTLRJVWIUEO5VVE3GJ7OG25ARFSZG5LL6A
11-24 08:17:15.193  3448  3474 V MouseModeService: packageName=com.example.encodetest activityName= mouseModeEnabled=false
11-24 08:17:15.193  5349  5349 I Vizzini_2.0.8797.0:ExternalPlaybackStateManager: Focus already cleared
11-24 08:17:15.194  5349  5879 I SPCH-SIM_SimStateMachine: Got DeviceContextEvent in IgnoreWhileDisconnectedState
11-24 08:17:15.194  5349  5349 D SPCH-SIM_SimVisualChannelSet: Activity switch detected, from package (null) to package (com.example.encodetest)
11-24 08:17:15.194  5349  5349 D AlexaFocusChannelSet: Target (com.example.encodetest) has not reported an active namespace
11-24 08:17:15.194  5349  5879 I BaseContextManager: Removing device context = [namespace=LocalMediaPlayer, name=PlaybackState]
11-24 08:17:15.194  6008  6095 D AVL:AppLaunchSignalProc: Processing signal for app launch
11-24 08:17:15.195  6008  6095 I ...e.LocalKeyValueStore: Create DE shared preference, OS supports direct boot.
11-24 08:17:15.196  6008  6095 D ...tark/PlatformWrapper: User is locked in direct boot mode: false
11-24 08:17:15.197  3190  3865 V MesonHwc: outConfig[0]: 0.
11-24 08:17:15.197  3190  3865 V MesonHwc: outConfig[1]: 1.
11-24 08:17:15.197  3190  3865 V MesonHwc: outConfig[2]: 2.
11-24 08:17:15.197  3190  3865 V MesonHwc: outConfig[3]: 3.
11-24 08:17:15.197  3190  3865 V MesonHwc: outConfig[4]: 4.
11-24 08:17:15.197  3190  3865 V MesonHwc: outConfig[5]: 5.
11-24 08:17:15.197  3190  3865 V MesonHwc: outConfig[6]: 6.
11-24 08:17:15.197  3190  3865 V MesonHwc: outConfig[7]: 7.
11-24 08:17:15.197  3190  3865 V MesonHwc: outConfig[8]: 8.
11-24 08:17:15.197  3190  3865 V MesonHwc: outConfig[9]: 9.
11-24 08:17:15.197  6008  6095 D ...ork.GenericIPCSender: com.amazon.avl.stark try get ipc provider out of direct mode for GetAccountAction
11-24 08:17:15.201  5349  5349 W AlexaFocusPackageManagerParser: Package (com.example.encodetest) has not declared permission (amazon.speech.permission.SEND_DATA_TO_ALEXA) for implicit focus
11-24 08:17:15.201  5349  5349 D AlexaFocusChannelSet: Target (com.example.encodetest) does not support any namespaces
11-24 08:17:15.201  5349  5349 W AlexaFocusVisualChannelSet: Package (com.example.encodetest) has not registered a namespace; attempting clear
11-24 08:17:15.201  6008  6095 D ...sedPackageTrustLogic: MAP trust com.amazon.imp, since the signature check passed
11-24 08:17:15.202  3448 11338 I PointerController: PointerController setInvisible false
11-24 08:17:15.208  3448  3529 D AmazonWindowMetrics: On window event - Package com.example.encodetest, isDreaming false, state 1, alexaMode 0
11-24 08:17:15.209  3448  3577 D ThermalStateObserver/AppUsage: updateTrackerImpl: event=APP_WINDOW_CHANGED pName=com.example.encodetest ctime=1005413 isDreaming=false isFireTv=true
11-24 08:17:15.209  3448  3577 D ThermalEventMonitor/ThermalStateObserver: logThermalThrottling: State=0  Package=com.amazon.tv.settings.v2 StartTime=956182 ChangeTime=0
11-24 08:17:15.209  3448  3577 D ThermalStateObserver/AppUsage: Package ended:com.amazon.tv.settings.v2 Starting:com.example.encodetest
11-24 08:17:15.209  3206  4593 I DolbyAudioStreamOut: getLatency() Total latency:308ms (Downstream:80ms, DMA:158ms, tuning:70ms, tuningBT:0ms), input format:0x1, sink:0x400, UxOutSetting:0, CurOutFormat:0xa000000
11-24 08:17:15.210  4181  5341 D AmazonAppstore.AvlSharedPreferences: Package queried com.example.encodetest
11-24 08:17:15.211  6008  6092 I AVL:AVLMetadataHelper: Metadata version is V2
11-24 08:17:15.211  6008  6092 W AVL:AVLMetadataHelper: packageMetadataJSONObject is null
11-24 08:17:15.211  6008  6092 I AVL:AVLManagerService: App certification whitelist status : false
11-24 08:17:15.211  6008  6092 I AVL:UIManager: Clearing UINodesInfo. Size before clearing: 0
11-24 08:17:15.212  6008  6092 D AVL:AVLManagerService: isWhitelisted:false, canStartVIF:false
11-24 08:17:15.212  6008  6092 D AVL:AVLManagerService: Configuring AVL Status:currentPackageName: com.example.encodetest isAppWhitelisted: false canStartVIF: false
11-24 08:17:15.212  6008  6092 D AVL:VoiceInteractionUti: VoiceInteractionService already disabled!
11-24 08:17:15.212  6008  6092 D AVL:AVLManagerService: Adding device context for DPAD.
11-24 08:17:15.213  6008  6092 I AVL:Utils: App : com.example.encodetest, neither installed from AppStore nor an system app. Returning anonymized package name
11-24 08:17:15.218  3206  4593 I DolbyAudioStreamOut: getLatency() Total latency:305ms (Downstream:77ms, DMA:158ms, tuning:70ms, tuningBT:0ms), input format:0x1, sink:0x400, UxOutSetting:0, CurOutFormat:0xa000000
11-24 08:17:15.218  3206  4593 I DolbyAudioStreamOut: getLatency() Total latency:313ms (Downstream:85ms, DMA:158ms, tuning:70ms, tuningBT:0ms), input format:0x1, sink:0x400, UxOutSetting:0, CurOutFormat:0xa000000
11-24 08:17:15.222  5349  5879 I SPCH-SIM_SimStateMachine: Got FocusEvent in IgnoreWhileDisconnectedState
11-24 08:17:15.222  5349  5879 D AlexaFocusContract: releaseFocus namespace (AlexaVoiceLayer) channel (inFocus) package (com.amazon.avl.stark)
11-24 08:17:15.222  5349  5879 D AlexaFocusChannelSet: releaseFocus namespace (AlexaVoiceLayer) channel (inFocus) client (com.amazon.avl.stark) type (Binder)
11-24 08:17:15.222  5349  5879 D AlexaFocusFilter: Namespace (AlexaVoiceLayer) accepted as Local Application interface
11-24 08:17:15.223  5349  5879 D AlexaFocusInFocusChannel: releaseFocus namespace (AlexaVoiceLayer) packageName (com.amazon.avl.stark) client (android.os.BinderProxy@b1cd0ef)
11-24 08:17:15.223  5349  5879 D AlexaFocusContract: Could not release focus for namespace (AlexaVoiceLayer) channel (inFocus) package (com.amazon.avl.stark)
11-24 08:17:15.223  5349  5879 D Dcm1pAdapter: Instantiating an impl instance of DCM MetricsFacotry.
11-24 08:17:15.223  5349  5879 D Dcm1pAdapter: Instantiating an impl instance of DCM MetricsFacotry.
11-24 08:17:15.223  5349  5879 D SPCH-SIM_MetricsManager: Metrics event:sim_alexa_focus_error_event__RELEASED added
11-24 08:17:15.223  5349  5526 D Dcm1pAdapter: Instantiating an impl instance of DCM MetricsFacotry.
11-24 08:17:15.226  4165  4531 D ...rics/PlatformWrapper: User is locked in direct boot mode: false
11-24 08:17:15.226  4165  4531 D ...ork.GenericIPCSender: com.amazon.client.metrics try get ipc provider out of direct mode for GetAccountForMappingsUserAction
11-24 08:17:15.227  3206  4593 I DolbyAudioStreamOut: getLatency() Total latency:311ms (Downstream:83ms, DMA:158ms, tuning:70ms, tuningBT:0ms), input format:0x1, sink:0x400, UxOutSetting:0, CurOutFormat:0xa000000
11-24 08:17:15.227  3206  4593 I DolbyAudioStreamOut: getLatency() Total latency:312ms (Downstream:84ms, DMA:158ms, tuning:70ms, tuningBT:0ms), input format:0x1, sink:0x400, UxOutSetting:0, CurOutFormat:0xa000000
11-24 08:17:15.229  6008  6095 I AVL:RemoteConfigData: Could not find value for key:Cues.Instrumentation.isEnabled in Arcus. Using default value.
11-24 08:17:15.229  6008  6095 I AVL:RemoteConfigData: Could not find value for key:Cues.Global.isEnabled in Arcus. Using default value.
11-24 08:17:15.229  6008  6095 D AVL:CuesHelper: Cues global switch disabled
11-24 08:17:15.229  6008  6095 D AVL:AppLaunchSignalProc: Package is not enabled for Cues: anonymized
11-24 08:17:15.229  6008  6095 D AVL:AppLaunchSignalGene: Initiated AppLaunch Signal. isVoice? false
11-24 08:17:15.235  4165  4531 D ...sedPackageTrustLogic: MAP trust com.amazon.imp, since the signature check passed
11-24 08:17:15.236  3206  4593 I DolbyAudioStreamOut: getLatency() Total latency:304ms (Downstream:76ms, DMA:158ms, tuning:70ms, tuningBT:0ms), input format:0x1, sink:0x400, UxOutSetting:0, CurOutFormat:0xa000000
11-24 08:17:15.236  6008  6092 D St-AVL:SimClientManager: Device Context Size : 158
11-24 08:17:15.237  6008  6092 D St-AVL:SimClientManager: Adding device context {"appId":"anonymized/1//28","dpadEnabled":true,"headers":["nodeId","r2p","nsh","flag","text"],"supportsBlockingDirective":true,"uiNodesInfo":[],"version":"2"}
11-24 08:17:15.237  3190  3336 D MesonHwc: Hwc2Display::createLayer *outLayer:365
11-24 08:17:15.238  3206  4593 I DolbyAudioStreamOut: getLatency() Total latency:309ms (Downstream:81ms, DMA:158ms, tuning:70ms, tuningBT:0ms), input format:0x1, sink:0x400, UxOutSetting:0, CurOutFormat:0xa000000
11-24 08:17:15.240  5349  7279 D BaseDeviceContextContract: Creating context AlexaVoiceLayer.AVL_Context for caller com.amazon.avl.stark and timeOfSample 2020-11-24T13:17:15.239Z
11-24 08:17:15.240  5349  7279 D SPCH-SIM_StackTraceHelper: Invoking pkg 
11-24 08:17:15.241  5349  5879 I SPCH-SIM_SimStateMachine: Got DeviceContextEvent in IgnoreWhileDisconnectedState
11-24 08:17:15.241  5349  5879 D BaseContextManager: Adding deviceContext AlexaVoiceLayer.AVL_Context. Changed? true Hard Update? true Payload is {"appId":"anonymized/1//28","dpadEnabled":true,"headers":["nodeId","r2p","nsh","flag","text"],"supportsBlockingDirective":true,"uiNodesInfo":[],"version":"2"}
11-24 08:17:15.241  5349  5879 I CSM-ProactiveReporter: Context with namespace AlexaVoiceLayer whitelisted? false. Cloud-configured whitelist? false
11-24 08:17:15.242  5349  5879 I SPCH-SIM_SimStateMachine: Got CapabilityCheckEvent in IgnoreWhileDisconnectedState
