11-24 08:17:15.247  3206  4593 I DolbyAudioStreamOut: getLatency() Total latency:312ms (Downstream:84ms, DMA:158ms, tuning:70ms, tuningBT:0ms), input format:0x1, sink:0x400, UxOutSetting:0, CurOutFormat:0xa000000
11-24 08:17:15.253  5349  5358 W JavaBinder: BinderProxy is being destroyed but the application did not call unlinkToDeath to unlink all of its death recipients beforehand.  Releasing leaked death recipient: amazon.speech.simclient.directive.DirectiveAcknowledgementTracker$ClientDeathListener
11-24 08:17:15.273  3206  4593 I DolbyAudioStreamOut: getLatency() Total latency:309ms (Downstream:81ms, DMA:158ms, tuning:70ms, tuningBT:0ms), input format:0x1, sink:0x400, UxOutSetting:0, CurOutFormat:0xa000000
11-24 08:17:15.356 11323 11323 E SELinux : avc:  could not determine enforcing mode: Permission denied
11-24 08:17:15.356 11323 11323 E SELinux : Unknown class directtexture
11-24 08:17:15.356 11323 11323 D OpenGLRenderer: Skia GL Pipeline
11-24 08:17:15.359  3206  3415 I AUDIOALG: asyncProcess : process @@@
11-24 08:17:15.362  3206  3415 I AUDIOALG: RefDlyEstimation Active source: discarded pos not in range 12046 0
11-24 08:17:15.362  3206  3415 I AUDIOALG: asyncProcess : waiting...
11-24 08:17:15.389  3190  3336 V MesonHwc: outConfig[0]: 0.
11-24 08:17:15.389  3190  3336 V MesonHwc: outConfig[1]: 1.
11-24 08:17:15.389  3190  3336 V MesonHwc: outConfig[2]: 2.
11-24 08:17:15.389  3190  3336 V MesonHwc: outConfig[3]: 3.
11-24 08:17:15.389  3190  3336 V MesonHwc: outConfig[4]: 4.
11-24 08:17:15.389  3190  3336 V MesonHwc: outConfig[5]: 5.
11-24 08:17:15.389  3190  3336 V MesonHwc: outConfig[6]: 6.
11-24 08:17:15.389  3190  3336 V MesonHwc: outConfig[7]: 7.
11-24 08:17:15.389  3190  3336 V MesonHwc: outConfig[8]: 8.
11-24 08:17:15.389  3190  3336 V MesonHwc: outConfig[9]: 9.
11-24 08:17:15.397  3190  3865 V MesonHwc: outConfig[0]: 0.
11-24 08:17:15.398  3190  3865 V MesonHwc: outConfig[1]: 1.
11-24 08:17:15.398  3190  3865 V MesonHwc: outConfig[2]: 2.
11-24 08:17:15.398  3190  3865 V MesonHwc: outConfig[3]: 3.
11-24 08:17:15.398  3190  3865 V MesonHwc: outConfig[4]: 4.
11-24 08:17:15.398  3190  3865 V MesonHwc: outConfig[5]: 5.
11-24 08:17:15.398  3190  3865 V MesonHwc: outConfig[6]: 6.
11-24 08:17:15.398  3190  3865 V MesonHwc: outConfig[7]: 7.
11-24 08:17:15.398  3190  3865 V MesonHwc: outConfig[8]: 8.
11-24 08:17:15.398  3190  3865 V MesonHwc: outConfig[9]: 9.
11-24 08:17:15.420  3190  3865 D MesonHwc: Hwc2Display::destroyLayer inLayer:108
11-24 08:17:15.428  3190  3865 V MesonHwc: outConfig[0]: 0.
11-24 08:17:15.428  3190  3865 V MesonHwc: outConfig[1]: 1.
11-24 08:17:15.428  3190  3865 V MesonHwc: outConfig[2]: 2.
11-24 08:17:15.428  3190  3865 V MesonHwc: outConfig[3]: 3.
11-24 08:17:15.428  3190  3865 V MesonHwc: outConfig[4]: 4.
11-24 08:17:15.428  3190  3865 V MesonHwc: outConfig[5]: 5.
11-24 08:17:15.428  3190  3865 V MesonHwc: outConfig[6]: 6.
11-24 08:17:15.428  3190  3865 V MesonHwc: outConfig[7]: 7.
11-24 08:17:15.429  3190  3865 V MesonHwc: outConfig[8]: 8.
11-24 08:17:15.429  3190  3865 V MesonHwc: outConfig[9]: 9.
11-24 08:17:15.440  3223  3879 E BufferQueueProducer: [com.amazon.tv.settings.v2/com.amazon.tv.settings.v2.tv.applications.ApplicationsActivity#0] disconnect: not connected (req=1)
11-24 08:17:15.440  3751  3864 W libEGL  : EGLNativeWindowType 0xd605f808 disconnect failed
11-24 08:17:15.441 11323 11348 I ConfigStore: android::hardware::configstore::V1_0::ISurfaceFlingerConfigs::hasWideColorDisplay retrieved: 0
11-24 08:17:15.441 11323 11348 I ConfigStore: android::hardware::configstore::V1_0::ISurfaceFlingerConfigs::hasHDRDisplay retrieved: 0
11-24 08:17:15.441 11323 11348 I OpenGLRenderer: Initialized EGL, version 1.4
11-24 08:17:15.441 11323 11348 D OpenGLRenderer: Swap behavior 2
11-24 08:17:15.443  3190  3865 V MesonHwc: outConfig[0]: 0.
11-24 08:17:15.443  3190  3865 V MesonHwc: outConfig[1]: 1.
11-24 08:17:15.443  3190  3865 V MesonHwc: outConfig[2]: 2.
11-24 08:17:15.443  3190  3865 V MesonHwc: outConfig[3]: 3.
11-24 08:17:15.443  3190  3865 V MesonHwc: outConfig[4]: 4.
11-24 08:17:15.443  3190  3865 V MesonHwc: outConfig[5]: 5.
11-24 08:17:15.443  3190  3865 V MesonHwc: outConfig[6]: 6.
11-24 08:17:15.443  3190  3865 V MesonHwc: outConfig[7]: 7.
11-24 08:17:15.443  3190  3865 V MesonHwc: outConfig[8]: 8.
11-24 08:17:15.443  3190  3865 V MesonHwc: outConfig[9]: 9.
11-24 08:17:15.446  3190  3865 V MesonHwc: outConfig[0]: 0.
11-24 08:17:15.446  3190  3865 V MesonHwc: outConfig[1]: 1.
11-24 08:17:15.446  3190  3865 V MesonHwc: outConfig[2]: 2.
11-24 08:17:15.446  3190  3865 V MesonHwc: outConfig[3]: 3.
11-24 08:17:15.446  3190  3865 V MesonHwc: outConfig[4]: 4.
11-24 08:17:15.446  3190  3865 V MesonHwc: outConfig[5]: 5.
11-24 08:17:15.446  3190  3865 V MesonHwc: outConfig[6]: 6.
11-24 08:17:15.446  3190  3865 V MesonHwc: outConfig[7]: 7.
11-24 08:17:15.447  3190  3865 V MesonHwc: outConfig[8]: 8.
11-24 08:17:15.447  3190  3865 V MesonHwc: outConfig[9]: 9.
11-24 08:17:15.452  3190  3865 V MesonHwc: outConfig[0]: 0.
11-24 08:17:15.452  3190  3865 V MesonHwc: outConfig[1]: 1.
11-24 08:17:15.452  3190  3865 V MesonHwc: outConfig[2]: 2.
11-24 08:17:15.452  3190  3865 V MesonHwc: outConfig[3]: 3.
11-24 08:17:15.452  3190  3865 V MesonHwc: outConfig[4]: 4.
11-24 08:17:15.452  3190  3865 V MesonHwc: outConfig[5]: 5.
11-24 08:17:15.452  3190  3865 V MesonHwc: outConfig[6]: 6.
11-24 08:17:15.452  3190  3865 V MesonHwc: outConfig[7]: 7.
11-24 08:17:15.452  3190  3865 V MesonHwc: outConfig[8]: 8.
11-24 08:17:15.452  3190  3865 V MesonHwc: outConfig[9]: 9.
11-24 08:17:15.459 11323 11348 D mali_winsys: EGLint new_window_surface(egl_winsys_display *, void *, EGLSurface, EGLConfig, egl_winsys_surface **, EGLBoolean) returns 0x3000
11-24 08:17:15.483 11323 11348 I ConfigStore: android::hardware::configstore::V1_0::ISurfaceFlingerConfigs::vsyncEventPhaseOffsetNs retrieved: 1000000 (default)
11-24 08:17:15.483 11323 11348 I ConfigStore: android::hardware::configstore::V1_0::ISurfaceFlingerConfigs::vsyncSfEventPhaseOffsetNs retrieved: 1000000 (default)
11-24 08:17:15.484  3189  3189 I gralloc : framebuffer hal alread move to hwcomposer
11-24 08:17:15.544  3190  3865 V MesonHwc: outConfig[0]: 0.
11-24 08:17:15.544  3190  3865 V MesonHwc: outConfig[1]: 1.
11-24 08:17:15.544  3190  3865 V MesonHwc: outConfig[2]: 2.
11-24 08:17:15.544  3190  3865 V MesonHwc: outConfig[3]: 3.
11-24 08:17:15.544  3190  3865 V MesonHwc: outConfig[4]: 4.
11-24 08:17:15.544  3190  3865 V MesonHwc: outConfig[5]: 5.
11-24 08:17:15.544  3190  3865 V MesonHwc: outConfig[6]: 6.
11-24 08:17:15.544  3190  3865 V MesonHwc: outConfig[7]: 7.
11-24 08:17:15.544  3190  3865 V MesonHwc: outConfig[8]: 8.
11-24 08:17:15.544  3190  3865 V MesonHwc: outConfig[9]: 9.
11-24 08:17:15.552  3448  3474 I ActivityManager: Displayed com.example.encodetest/.MainActivity: +438ms (total +358ms)
11-24 08:17:15.556  5575  5789 D WakeWordService: event audio_playback with value 0and decoderId WakeWordService_input_decoder has been pushed into Pryon
11-24 08:17:15.556  3189  3189 I gralloc : framebuffer hal alread move to hwcomposer
11-24 08:17:15.587  3190  3336 D MesonHwc: Hwc2Display::createLayer *outLayer:110
11-24 08:17:15.588  3190  3336 D MesonHwc: Hwc2Display::createLayer *outLayer:623
11-24 08:17:15.591  3223  3223 E FrameEvents: updateAcquireFence: Did not find frame.
11-24 08:17:15.596  3189  3189 I gralloc : framebuffer hal alread move to hwcomposer
11-24 08:17:15.598  3448  5540 I AmazonPowerManagerVendorCallback: Other app is in foreground.
11-24 08:17:15.607  3223  3223 E FrameEvents: updateAcquireFence: Did not find frame.
11-24 08:17:15.672  3223  3223 I chatty  : uid=1000(system) /system/bin/surfaceflinger identical 4 lines
11-24 08:17:15.689  3223  3223 E FrameEvents: updateAcquireFence: Did not find frame.
11-24 08:17:15.705  3448  3529 D AmazonWindowMetrics: On window event - Package com.example.encodetest, isDreaming false, state 1, alexaMode 0
11-24 08:17:15.705  3448  3577 D ThermalStateObserver/AppUsage: updateTrackerImpl: event=APP_WINDOW_CHANGED pName=com.example.encodetest ctime=1005910 isDreaming=false isFireTv=true
11-24 08:17:15.705  3223  3223 E FrameEvents: updateAcquireFence: Did not find frame.
11-24 08:17:15.705  3448  3577 D ThermalStateObserver/AppUsage: No-op app window change, remains com.example.encodetest
11-24 08:17:15.708  3223  3879 W SurfaceFlinger: Attempting to set client state on removed layer: Splash Screen com.example.encodetest#0
11-24 08:17:15.708  3223  3879 W SurfaceFlinger: Attempting to destroy on removed layer: Splash Screen com.example.encodetest#0
11-24 08:17:15.721  3190  3336 D MesonHwc: Hwc2Display::destroyLayer inLayer:365
11-24 08:17:15.723  3223  3223 E FrameEvents: updateAcquireFence: Did not find frame.
11-24 08:17:16.191  5349  5513 W MediaCodecLoggerInfo-Jni: No clients currently registered
11-24 08:17:16.191  5349  5513 E MediaCodecLoggerInfo-Jni: No active media clients registered
11-24 08:17:16.191  5349  5513 W MediaCodecLoggerInfo: Failed to get package name
11-24 08:17:16.191  5349  5513 D Vizzini_2.0.8797.0:MediaChecker: Exception while getting package name for video, so not playing
11-24 08:17:16.227  3448  3540 D WifiStateMachine:  ConnectedState !CMD_RSSI_POLL rt=1006432/1006432 1 0 "Mobile-US" 40:e3:d6:97:78:b0 rssi=-57 f=5220 sc=60 link=173 tx=1.4, 0.0, 0.0  rx=1.4 bcn=0 [on:0 tx:0 rx:0 period:3001] from screen [on:0 period:-93932477] score=60
11-24 08:17:16.228  3448  3540 D WifiStateMachine:  L2ConnectedState !CMD_RSSI_POLL rt=1006432/1006432 1 0 "Mobile-US" 40:e3:d6:97:78:b0 rssi=-57 f=5220 sc=60 link=173 tx=1.4, 0.0, 0.0  rx=1.4 bcn=0 [on:0 tx:0 rx:0 period:1] from screen [on:0 period:-93932476] score=60
11-24 08:17:16.230  3448  3540 D WifiStateMachine: fetchRssiLinkSpeedAndFrequencyNative rssi=-57 linkspeed=173 freq=5220
11-24 08:17:16.231  3448  3540 V WifiConfigManager: Updating scan detail cache freq=5220 BSSID=40:e3:d6:97:78:b0 RSSI=-56 for "Mobile-US"WPA_PSK
11-24 08:17:16.692  5349  5349 I AppStateReporter:EventUtils: Sending FG Event
11-24 08:17:16.693  5349  5879 I SPCH-SIM_SimStateMachine: Got AlexaEvent in IgnoreWhileDisconnectedState
11-24 08:17:16.693  5349  5349 D SPCH-SIM_StackTraceHelper: Invoking pkg 
11-24 08:17:16.693  5349  5879 I AHE-AlexaHybridRouterJNI: Sending event to AlexaHybridRouter
11-24 08:17:16.693  5349  5879 D SPCH-SIM_CloudOnlySessionsProxy: sendEvent
11-24 08:17:16.693  5349  5827 I AHE-ClientCoreConnectionAdapter: Creating core stream:connectionId=3,streamId=133
11-24 08:17:16.693  5349  5827 I AHE-ChannelControllerManager: Stats for ChannelControllerManager:connectionId=3,numChannels=17,numControllers=16,numHybridControllers=16
11-24 08:17:16.693  5349  5349 E AppStateReporter:EventUtils: Error while sending event, event result: ALEXA_DISCONNECTED, retrying: true
11-24 08:17:16.693  5349  5868 I AHE-CoreStream: Opening core stream request:connectionId=3,streamId=133,streamType=EVENT,protocol=VSB,channelId=CSM_bcfb9242-d03f-4761-a11a-fbbe2c93a689_1606223836692.0..CSM_bcfb9242-d03f-4761-a11a-fbbe2c93a689_1606223836692
11-24 08:17:16.693  5349  5868 I AHE-ChannelControllerManager: Stats for ChannelControllerManager:connectionId=3,numChannels=17,numControllers=17,numHybridControllers=17
11-24 08:17:16.693  5349  5404 D Dcm1pAdapter: Instantiating an impl instance of DCM MetricsFacotry.
11-24 08:17:16.693  5349  5879 I SPCH-SIM_SimStateMachine: Got CapabilityCheckEvent in IgnoreWhileDisconnectedState
11-24 08:17:16.693  5349  5868 W AHE-Json::DynamicConverter: Rule execution failed, aborting conversion
11-24 08:17:16.693  5349  5404 D Dcm1pAdapter: Instantiating an impl instance of DCM MetricsFacotry.
11-24 08:17:16.693  5349  5868 I AHE-CoreStream: Received channel JSON message:messageType=CLIENT_NON_SPEECH_EVENT,connectionId=3,streamId=133,type=client,protocol=VSB
11-24 08:17:16.693  5349  5868 I AHE-HybridChannelController: Received ClientNonSpeechEventMessage:channelToken=139
11-24 08:17:16.693  5349  5404 D Dcm1pAdapter: Instantiating an impl instance of DCM MetricsFacotry.
11-24 08:17:16.693  5349  5868 I AHE-HybridChannelController: Session updated (Found new):channelToken=139,sessionId=CSM_bcfb9242-d03f-4761-a11a-fbbe2c93a689_1606223836692.0..CSM_bcfb9242-d03f-4761-a11a-fbbe2c93a689_1606223836692,cloudChannelStreamId=unconnected,clientCoreStream=133
11-24 08:17:16.693  5349  5868 I AHE-Session: Changed session state:sessionId=CSM_bcfb9242-d03f-4761-a11a-fbbe2c93a689_1606223836692.0..CSM_bcfb9242-d03f-4761-a11a-fbbe2c93a689_1606223836692,change=shadowModeReason UNKNOWN -> OFFLINE & connectivity ONLINE -> OFFLINE
11-24 08:17:16.694  5349  5868 I AHE-SimpleLROFacade: Received an event:token=139
11-24 08:17:16.694  5349  5868 I AHE-CapabilityMetadataStoreImpl: Returning hardcoded default interface version for VSB:version=1.0
11-24 08:17:16.694  5349  5868 I AHE-SimpleLROFacade: Unsupported event received, ending response:token=139
11-24 08:17:16.694  5349  5868 I AHE-SimpleLROFacade: Enqueuing a message envelope:messageName=EndFinalResponse,messageNamespace=Orchestrator,channelToken=139
11-24 08:17:16.694  5349  5868 I AHE-MessageProcessor: Received envelope:namespace=Orchestrator,name=EndFinalResponse
11-24 08:17:16.694  5349  5868 I AHE-HybridChannelController: Received EndOfStreamMessage:channelToken=139
11-24 08:17:16.694  5349  5868 I AHE-HybridChannelController: Received EndEventResponseMessage:channelToken=139
11-24 08:17:16.694  5349  5868 I AHE-HybridChannelController: Ending response in client core stream (no active cloud core stream):streamId=133
11-24 08:17:16.742  5349  5513 W MediaCodecLoggerInfo-Jni: No clients currently registered
11-24 08:17:16.742  5349  5513 E MediaCodecLoggerInfo-Jni: No active media clients registered
11-24 08:17:16.743  5349  5513 W MediaCodecLoggerInfo: Failed to get package name
11-24 08:17:16.743  5349  5513 D Vizzini_2.0.8797.0:MediaChecker: Exception while getting package name for video, so not playing
11-24 08:17:17.292  3630  3917 W bt_btif : bta_hh_le_input_rpt_notify uuid=0x2a4d srv_handle=79 is_bl_svc_primary=1 rpt_id=1 len=3
11-24 08:17:17.293  3448  3531 I AmazonProfileService: Filter key event KEYCODE_DPAD_CENTER
11-24 08:17:17.293  3448  3531 I AmazonProfileService: Event is not filtered because feature flag is not set. KeyEvent = KEYCODE_DPAD_CENTER
11-24 08:17:17.293  3448  3531 I FireTVKeyPolicyManager: Dynamic key mapping has been enabled
11-24 08:17:17.293  3448  3531 I KeyMapManagerUtil: Unknown remote sku id 0. Fetch remote sku id from system property
11-24 08:17:17.293  3448  3531 D GenericKeyHandler: Generic key event mapping is not found for key 23 and sku id 0
11-24 08:17:17.293  3448  3531 D AppAdapterHandler: handleKeyEvent for keycode 23 and skuId = 0
11-24 08:17:17.293  3448  3531 D AppAdapterHandler: Application adapter for keycode 23 and skudId = 0 does not exist
11-24 08:17:17.293  3448  3531 I FireTVKeyPolicyManager: Dynamic key mapping key intercepted result 0
11-24 08:17:17.294  3448  3530 I AmazonPowerManagerVendorCallback: Other app is in foreground.
11-24 08:17:17.294  3448  3530 D AmzPhoneWindowManager: is 23 in key list = false
11-24 08:17:17.297  3190  3336 V MesonHwc: outConfig[0]: 0.
11-24 08:17:17.297  3190  3336 V MesonHwc: outConfig[1]: 1.
11-24 08:17:17.297  3190  3336 V MesonHwc: outConfig[2]: 2.
11-24 08:17:17.297  3190  3336 V MesonHwc: outConfig[3]: 3.
11-24 08:17:17.297  3190  3336 V MesonHwc: outConfig[4]: 4.
11-24 08:17:17.297  3190  3336 V MesonHwc: outConfig[5]: 5.
11-24 08:17:17.297  3190  3336 V MesonHwc: outConfig[6]: 6.
11-24 08:17:17.297  3190  3336 V MesonHwc: outConfig[7]: 7.
11-24 08:17:17.297  3190  3336 V MesonHwc: outConfig[8]: 8.
11-24 08:17:17.297  3190  3336 V MesonHwc: outConfig[9]: 9.
11-24 08:17:17.308 11323 11348 I ConfigStore: android::hardware::configstore::V1_0::ISurfaceFlingerConfigs::vsyncEventPhaseOffsetNs retrieved: 1000000 (default)
11-24 08:17:17.308 11323 11348 I ConfigStore: android::hardware::configstore::V1_0::ISurfaceFlingerConfigs::vsyncSfEventPhaseOffsetNs retrieved: 1000000 (default)
11-24 08:17:17.322  5349  5513 W MediaCodecLoggerInfo-Jni: No clients currently registered
11-24 08:17:17.322  5349  5513 E MediaCodecLoggerInfo-Jni: No active media clients registered
11-24 08:17:17.322  5349  5513 W MediaCodecLoggerInfo: Failed to get package name
11-24 08:17:17.322  5349  5513 D Vizzini_2.0.8797.0:MediaChecker: Exception while getting package name for video, so not playing
11-24 08:17:17.324  3223  3223 E FrameEvents: updateAcquireFence: Did not find frame.
11-24 08:17:17.373  3223  3223 I chatty  : uid=1000(system) /system/bin/surfaceflinger identical 3 lines
11-24 08:17:17.390  3223  3223 E FrameEvents: updateAcquireFence: Did not find frame.
11-24 08:17:17.392  3630  3917 W bt_btif : bta_hh_le_input_rpt_notify uuid=0x2a4d srv_handle=79 is_bl_svc_primary=1 rpt_id=1 len=3
11-24 08:17:17.393  3448  3531 I AmazonProfileService: Filter key event KEYCODE_DPAD_CENTER
11-24 08:17:17.393  3448  3531 I AmazonProfileService: Event is not filtered because feature flag is not set. KeyEvent = KEYCODE_DPAD_CENTER
11-24 08:17:17.393  3448  3531 I FireTVKeyPolicyManager: Dynamic key mapping has been enabled
11-24 08:17:17.393  3448  3531 I KeyMapManagerUtil: Unknown remote sku id 0. Fetch remote sku id from system property
11-24 08:17:17.393  3448  3531 D GenericKeyHandler: Generic key event mapping is not found for key 23 and sku id 0
11-24 08:17:17.393  3448  3531 D AppAdapterHandler: handleKeyEvent for keycode 23 and skuId = 0
11-24 08:17:17.393  3448  3531 D AppAdapterHandler: Application adapter for keycode 23 and skudId = 0 does not exist
11-24 08:17:17.393  3448  3531 I FireTVKeyPolicyManager: Dynamic key mapping key intercepted result 0
11-24 08:17:17.393  3448  3530 D AmzPhoneWindowManager: is 23 in key list = false
11-24 08:17:17.399 11323 11346 D zoom    : width 640 height 480 fps 30
11-24 08:17:17.400  3261  5346 I CameraService: CameraService::connect call (PID -1 "com.example.encodetest", camera ID 0) for HAL version default and Camera API version 1
11-24 08:17:17.401  3220  3916 D AudioFlinger: mixer(0xef903bc0) throttle end: throttle time(32)
11-24 08:17:17.401  3261  5346 I Camera2ClientBase: Camera 0: Opened. Client: com.example.encodetest (PID 11323, UID 10248)
11-24 08:17:17.401 11323 11346 E MediaCodec: John [frameworks/av/media/libstagefright/MediaCodec.cpp MediaCodec 567]
11-24 08:17:17.402 11323 11375 E MediaCodec: John 1116 2395 AMessage(what = 'init', target = 2) = {
11-24 08:17:17.402 11323 11375 E MediaCodec:       RefBase *codecInfo = 0xd7f4a2c0
11-24 08:17:17.402 11323 11375 E MediaCodec:       string name = "OMX.amlogic.video.encoder.avc"
11-24 08:17:17.402 11323 11375 E MediaCodec:       RefBase *replyID = 0x0
11-24 08:17:17.402 11323 11375 E MediaCodec:     }
11-24 08:17:17.402 11323 11375 E MediaCodec: John 1116 2404 AMessage(what = 0x00000000) = {
11-24 08:17:17.402 11323 11375 E MediaCodec:     }
11-24 08:17:17.396  3166  3166 W HwBinder:3166_1: type=1400 audit(0.0:611): avc: denied { read } for name="u:object_r:default_prop:s0" dev="tmpfs" ino=1601 scontext=u:r:hal_camera_default:s0 tcontext=u:object_r:default_prop:s0 tclass=file permissive=0
11-24 08:17:17.403  3166  3360 E libc    : Access denied finding property "camera.log_levels"
11-24 08:17:17.403  3166  3360 D EmulatedCamera_Factory: Can not read property camera.log_levels, using defalut value
11-24 08:17:17.403  3166  3360 V EmulatedCamera_FakeCamera3: connectCamera: E
11-24 08:17:17.403  3166  3360 I EmulatedCamera_FakeCamera3:   257 connectCamera - connectCamera, ddd
11-24 08:17:17.403  3166  3360 I EmulatedCamera_FakeCamera3:   260 connectCamera - connectCamera , mStatus = 1
11-24 08:17:17.403  3166  3360 V EmulatedCamera3_Sensor: startUp: E
11-24 08:17:17.403  3166  3360 I EmulatedCamera3_Sensor:   220 startUp - ddd
11-24 08:17:17.403  3166  3360 I EmulatedCamera_FakeCamera3:   272 connectCamera - mSensor startUp, mCameraID=0
11-24 08:17:17.404  3166 11377 V EmulatedCamera3_Sensor: Starting up sensor thread
11-24 08:17:17.404  3166 11377 I EmulatedCamera3_Sensor:  1081 readyToRun - 
11-24 08:17:17.404 11323 11376 I OMXClient: IOmx service obtained
11-24 08:17:17.404  3166  3360 E libc    : Access denied finding property "ro.camera.req.fmq.size"
11-24 08:17:17.404  3279  5632 I OMXMaster: makeComponentInstance(OMX.amlogic.video.encoder.avc) in omx@1.0-service process
11-24 08:17:17.404  3166  3360 E libc    : Access denied finding property "ro.camera.res.fmq.size"
11-24 08:17:17.404  3279  5632 D OmxComponentManagerImpl: support frame mode
11-24 08:17:17.404  3279  5632 D OmxComponentManagerImpl: getEntryByName_2_num=0, componentName:OMX.amlogic.video.encoder.avc
11-24 08:17:17.405  3279  5632 I AmlogicVideoAVCEncoder: ion_open sucess
11-24 08:17:17.405  3279  5632 D OmxVideoDecoder: drm use frame_mode
11-24 08:17:17.405  3279  5632 D OmxVideoDecoder: libsecmem.so is V2
11-24 08:17:17.405  3279  5632 E secmem_tz: [Secure_NegotiateVersion:479] Secure_NegotiateVersion 2 2 2 2 2 2
11-24 08:17:17.405  3279  5632 E secmem_tz: [Secure_NegotiateVersion:488] Negotiated secmem version = 2
11-24 08:17:17.405  3279  5632 I OmxVideoDecoder: we will use V2
11-24 08:17:17.405  3279  5632 W OmxLogConf: Can not read property media.omx.log_levels, using 0
11-24 08:17:17.405  3279  5632 D OmxComponentManagerImpl: IncreaseEntryNumByName pEntry->mNum=0, pEntry->mMaxNum:3,componentName:OMX.amlogic.video.encoder.avc
11-24 08:17:17.405  3279  5632 I omx_core: OMX_getHandle_num=1
11-24 08:17:17.405  3279  5632 D OmxComponent: mApkName=media.codec
11-24 08:17:17.400  3166  3166 W HwBinder:3166_1: type=1400 audit(0.0:612): avc: denied { read } for name="u:object_r:default_prop:s0" dev="tmpfs" ino=1601 scontext=u:r:hal_camera_default:s0 tcontext=u:object_r:default_prop:s0 tclass=file permissive=0
11-24 08:17:17.407  3261  5346 E Camera2-Parameters: Error finding static metadata entry 'android.distortionCorrection.availableModes' (1b0001)
11-24 08:17:17.407  3261  5346 I Camera2-Parameters: Camera 0: Disabling ZSL mode
11-24 08:17:17.407  3261  5346 I Camera2-Parameters: initialize: allowZslMode: 0 slowJpegMode 0
11-24 08:17:17.407  3166  3166 I EmulatedCamera_FakeCamera3:   730 constructDefaultRequestSettings - constructDefaultRequestSettings: E
11-24 08:17:17.407  3223  3223 E FrameEvents: updateAcquireFence: Did not find frame.
11-24 08:17:17.407  3206  3415 I AUDIOALG: asyncProcess : process @@@
11-24 08:17:17.411  3206  3415 I AUDIOALG: RefDlyEstimation Active source: discarded pos not in range 13168 0
11-24 08:17:17.411  3206  3415 I AUDIOALG: asyncProcess : waiting...
11-24 08:17:17.413 11323 11346 E MediaCodec: John 11151800 AMessage(what = 0x00000000) = {
11-24 08:17:17.413 11323 11346 E MediaCodec:       int32_t color-format = 21
11-24 08:17:17.413 11323 11346 E MediaCodec:       int32_t i-frame-interval = 1
11-24 08:17:17.413 11323 11346 E MediaCodec:       int32_t level = 2048
11-24 08:17:17.413 11323 11346 E MediaCodec:       string mime = "video/avc"
11-24 08:17:17.413 11323 11346 E MediaCodec:       int32_t profile = 8
11-24 08:17:17.413 11323 11346 E MediaCodec:       int32_t width = 640
11-24 08:17:17.413 11323 11346 E MediaCodec:       int32_t bitrate-mode = 2
11-24 08:17:17.413 11323 11346 E MediaCodec:       int32_t bitrate = 20000000
11-24 08:17:17.413 11323 11346 E MediaCodec:       int32_t frame-rate = 30
11-24 08:17:17.413 11323 11346 E MediaCodec:       int32_t height = 480
11-24 08:17:17.413 11323 11346 E MediaCodec:     }
11-24 08:17:17.413 11323 11346 E MediaCodec: John [frameworks/av/media/libstagefright/MediaCodec.cpp configure 1067] w h 480 640
11-24 08:17:17.413 11323 11376 E ACodec  : John 11151800 AMessage(what = 'conf', target = 1) = {
11-24 08:17:17.413 11323 11376 E ACodec  :       int32_t color-format = 21
11-24 08:17:17.413 11323 11376 E ACodec  :       int32_t i-frame-interval = 1
11-24 08:17:17.413 11323 11376 E ACodec  :       int32_t level = 2048
11-24 08:17:17.413 11323 11376 E ACodec  :       string mime = "video/avc"
11-24 08:17:17.413 11323 11376 E ACodec  :       int32_t profile = 8
11-24 08:17:17.413 11323 11376 E ACodec  :       int32_t width = 640
11-24 08:17:17.413 11323 11376 E ACodec  :       int32_t bitrate-mode = 2
11-24 08:17:17.413 11323 11376 E ACodec  :       int32_t bitrate = 20000000
11-24 08:17:17.413 11323 11376 E ACodec  :       int32_t frame-rate = 30
11-24 08:17:17.413 11323 11376 E ACodec  :       int32_t height = 480
11-24 08:17:17.413 11323 11376 E ACodec  :       int32_t encoder = 1
11-24 08:17:17.413 11323 11376 E ACodec  :     }
11-24 08:17:17.413  3279  5632 D OmxComponent: getExtensionIndex 1127 name="OMX.google.android.index.enableAndroidNativeBuffers"
11-24 08:17:17.413  3279  5632 E OMXNodeInstance: setParameter(0xed7850bc:amlogic.encoder.avc, OMX.google.android.index.enableAndroidNativeBuffers(0x7f000000): Output:1 en=0) ERROR: UnsupportedIndex(0x8000101a)
11-24 08:17:17.413  3279  5632 D OmxComponent: getExtensionIndex 1127 name="OMX.google.android.index.allocateNativeHandle"
11-24 08:17:17.413  3279  5632 E OMXNodeInstance: setParameter(0xed7850bc:amlogic.encoder.avc, OMX.google.android.index.allocateNativeHandle(0x7f00000a): Output:1 en=0) ERROR: UnsupportedIndex(0x8000101a)
11-24 08:17:17.413  3279  5632 D OmxComponent: getExtensionIndex 1127 name="OMX.google.android.index.storeANWBufferInMetadata"
11-24 08:17:17.413  3279  5632 D OmxComponent: getExtensionIndex 1127 name="OMX.google.android.index.storeMetaDataInBuffers"
11-24 08:17:17.413  3279  5632 E OmxVideoEncoder: setParameter: StoreMetadataInBuffersParams.nPortIndex not input port!
11-24 08:17:17.413  3279  5632 E OMXNodeInstance: setParameter(0xed7850bc:amlogic.encoder.avc, OMX.google.android.index.storeMetaDataInBuffers(0x7f000002): Output:1 en=0 type=1) ERROR: BadPortIndex(0x8000101b)
11-24 08:17:17.414 11323 11376 E ACodec  : John1900 [frameworks/av/media/libstagefright/ACodec.cpp configureCodec 2084] video/avc
11-24 08:17:17.414 11323 11376 E ACodec  : John1900 AMessage(what = 'conf', target = 1) = {
11-24 08:17:17.414 11323 11376 E ACodec  :       int32_t color-format = 21
11-24 08:17:17.414 11323 11376 E ACodec  :       int32_t i-frame-interval = 1
11-24 08:17:17.414 11323 11376 E ACodec  :       int32_t level = 2048
11-24 08:17:17.414 11323 11376 E ACodec  :       string mime = "video/avc"
11-24 08:17:17.414 11323 11376 E ACodec  :       int32_t profile = 8
11-24 08:17:17.414 11323 11376 E ACodec  :       int32_t width = 640
11-24 08:17:17.414 11323 11376 E ACodec  :       int32_t bitrate-mode = 2
11-24 08:17:17.414 11323 11376 E ACodec  :       int32_t bitrate = 20000000
11-24 08:17:17.414 11323 11376 E ACodec  :       int32_t frame-rate = 30
11-24 08:17:17.414 11323 11376 E ACodec  :       int32_t height = 480
11-24 08:17:17.414 11323 11376 E ACodec  :       int32_t encoder = 1
11-24 08:17:17.414 11323 11376 E ACodec  :     }
11-24 08:17:17.414 11323 11376 E ACodec  : John1900 AMessage(what = 0x00000000) = {
11-24 08:17:17.414 11323 11376 E ACodec  :       int32_t bitrate = 20000000
11-24 08:17:17.414 11323 11376 E ACodec  :       int32_t max-bitrate = 20000000
11-24 08:17:17.414 11323 11376 E ACodec  :     }
11-24 08:17:17.414 11323 11376 E ACodec  : John1900 AMessage(what = 0x00000000) = {
11-24 08:17:17.414 11323 11376 E ACodec  :     }
11-24 08:17:17.414  3166  3166 I EmulatedCamera_FakeCamera3:   730 constructDefaultRequestSettings - constructDefaultRequestSettings: E
11-24 08:17:17.414  3279  5632 D OmxComponent: getExtensionIndex 1127 name="OMX.google.android.index.describeColorFormat"
11-24 08:17:17.414  3166  3166 I EmulatedCamera_FakeCamera3:   730 constructDefaultRequestSettings - constructDefaultRequestSettings: E
11-24 08:17:17.414  3279  5632 D OmxComponent: getExtensionIndex 1127 name="OMX.google.android.index.storeMetaDataInBuffers"
11-24 08:17:17.414  3279  5632 D OmxComponent: getExtensionIndex 1127 name="OMX.google.android.index.storeANWBufferInMetadata"
11-24 08:17:17.414  3279  5632 D OmxComponent: getExtensionIndex 1127 name="OMX.google.android.index.prepareForAdaptivePlayback"
11-24 08:17:17.414  3279  5632 D OmxComponent: getExtensionIndex 1127 name="OMX.google.android.index.configureVideoTunnelMode"
11-24 08:17:17.414  3279  5632 D OmxComponent: getExtensionIndex 1127 name="OMX.google.android.index.useAndroidNativeBuffer2"
11-24 08:17:17.414  3279  5632 D OmxComponent: getExtensionIndex 1127 name="OMX.google.android.index.useAndroidNativeBuffer"
11-24 08:17:17.414  3279  5632 D OmxComponent: getExtensionIndex 1127 name="OMX.google.android.index.enableAndroidNativeBuffers"
11-24 08:17:17.414  3279  5632 D OmxComponent: getExtensionIndex 1127 name="OMX.google.android.index.allocateNativeHandle"
11-24 08:17:17.414  3279  5632 D OmxComponent: getExtensionIndex 1127 name="OMX.google.android.index.getAndroidNativeBufferUsage"
11-24 08:17:17.415  3279  5632 D OmxComponent: getExtensionIndex 1127 name="OMX.google.android.index.describeColorFormat"
11-24 08:17:17.415  3166  3166 I EmulatedCamera_FakeCamera3:   477 configureStreams - configureStreams: 3 streams
11-24 08:17:17.415  3166  3166 I EmulatedCamera_FakeCamera3:   519 configureStreams - format=22, w*h=640x480, stream_type=0, max_buffers=0, isRestart=1
11-24 08:17:17.415  3166  3166 V EmulatedCamera_FakeCamera3: configureStreams: Stream 0xf05a3094 (id 0), type 0, usage 0x900, format 0x22
11-24 08:17:17.415  3166  3166 I EmulatedCamera_FakeCamera3:   560 configureStreams - stream_type=0
11-24 08:17:17.415  3166  3166 I EmulatedCamera_FakeCamera3:   519 configureStreams - format=21, w*h=1280x960, stream_type=0, max_buffers=0, isRestart=1
11-24 08:17:17.415  3166  3166 V EmulatedCamera_FakeCamera3: configureStreams: Stream 0xf05a2c74 (id 1), type 0, usage 0x3, format 0x21
11-24 08:17:17.415  3166  3166 I EmulatedCamera_FakeCamera3:   519 configureStreams - format=23, w*h=640x480, stream_type=0, max_buffers=0, isRestart=1
11-24 08:17:17.415  3166  3166 V EmulatedCamera_FakeCamera3: configureStreams: Stream 0xf05a3034 (id 2), type 0, usage 0x3, format 0x23
11-24 08:17:17.415  3166  3166 I EmulatedCamera_FakeCamera3:   560 configureStreams - stream_type=0
11-24 08:17:17.416  3166  3166 I chatty  : uid=1047(cameraserver) provider@2.4-se identical 2 lines
11-24 08:17:17.416  3166  3166 I EmulatedCamera_FakeCamera3:   560 configureStreams - stream_type=0
11-24 08:17:17.416  3166  3166 I EmulatedCamera_FakeCamera3:   581 configureStreams - find propert width and height, format=11, w*h=640x480, stream_type=0, max_buffers=0
11-24 08:17:17.416 11323 11376 E ACodec  : John [frameworks/av/media/libstagefright/ACodec.cpp setupAVCEncoderParameters 4361] iFrameInterval 1.000000
11-24 08:17:17.416  3166  3166 I EmulatedCamera_FakeCamera3:   581 configureStreams - find propert width and height, format=21, w*h=1280x960, stream_type=0, max_buffers=0
11-24 08:17:17.416  3166  3166 I EmulatedCamera_FakeCamera3:   581 configureStreams - find propert width and height, format=23, w*h=640x480, stream_type=0, max_buffers=0
11-24 08:17:17.416 11323 11376 E ACodec  : John1900 [frameworks/av/media/libstagefright/ACodec.cpp configureCodec 2092] err -61
11-24 08:17:17.416 11323 11376 E ACodec  : John1900 [frameworks/av/media/libstagefright/ACodec.cpp configureCodec 2098] err -61
11-24 08:17:17.416 11323 11376 E ACodec  : [OMX.amlogic.video.encoder.avc] configureCodec returning error -61
11-24 08:17:17.416 11323 11376 E ACodec  : signalError(omxError 0x80001001, internalError -61)
11-24 08:17:17.416 11323 11375 E MediaCodec: Codec reported err 0xffffffc3, actionCode 0, while in state 3
11-24 08:17:17.416 11323 11375 I MediaCodecLogger: com.example.encodetest..DecoderErrorFatal = 1
11-24 08:17:17.412 11323 11323 W MediaCodec_loop: type=1400 audit(0.0:614): avc: denied { read } for name="u:object_r:media_prop:s0" dev="tmpfs" ino=1643 scontext=u:r:untrusted_app:s0:c248,c256,c512,c768 tcontext=u:object_r:media_prop:s0 tclass=file permissive=0
11-24 08:17:17.416 11323 11375 E libc    : Access denied finding property "media.metrics.enabled"
11-24 08:17:17.418 11323 11346 E MediaCodec: John 1116 AMessage(what = 'conf', target = 2) = {
11-24 08:17:17.418 11323 11346 E MediaCodec:       AMessage format = AMessage(what = 'conf', target = 1) = {
11-24 08:17:17.418 11323 11346 E MediaCodec:                           int32_t color-format = 21
11-24 08:17:17.418 11323 11346 E MediaCodec:                           int32_t i-frame-interval = 1
11-24 08:17:17.418 11323 11346 E MediaCodec:                           int32_t level = 2048
11-24 08:17:17.418 11323 11346 E MediaCodec:                           string mime = "video/avc"
11-24 08:17:17.418 11323 11346 E MediaCodec:                           int32_t profile = 8
11-24 08:17:17.418 11323 11346 E MediaCodec:                           int32_t width = 640
11-24 08:17:17.418 11323 11346 E MediaCodec:                           int32_t bitrate-mode = 2
11-24 08:17:17.418 11323 11346 E MediaCodec:                           int32_t bitrate = 20000000
11-24 08:17:17.418 11323 11346 E MediaCodec:                           int32_t frame-rate = 30
11-24 08:17:17.418 11323 11346 E MediaCodec:                           int32_t height = 480
11-24 08:17:17.418 11323 11346 E MediaCodec:                           int32_t encoder = 1
11-24 08:17:17.418 11323 11346 E MediaCodec:                         }
11-24 08:17:17.418 11323 11346 E MediaCodec:       int32_t flags = 1
11-24 08:17:17.418 11323 11346 E MediaCodec:       RefBase *surface = 0x0
11-24 08:17:17.418 11323 11346 E MediaCodec:       RefBase *replyID = 0x0
11-24 08:17:17.418 11323 11346 E MediaCodec:     }
11-24 08:17:17.418 11323 11346 E MediaCodec: John 1116 AMessage(what = 0x00000000) = {
11-24 08:17:17.418 11323 11346 E MediaCodec:       int32_t err = -61
11-24 08:17:17.418 11323 11346 E MediaCodec:     }
11-24 08:17:17.418 11323 11346 E MediaCodec: configure failed with err 0xffffffc3, resetting...
11-24 08:17:17.418  3279  5632 D OmxComponentManagerImpl: DecreaseEntryNumByName pEntry->mNum=1, pEntry->mMaxNum:3,componentName:OMX.amlogic.video.encoder.avc
11-24 08:17:17.418  3279  5632 I omx_core: OMX_freeHandle_num_= 0
11-24 08:17:17.418  3279  5632 D OmxVideoEncoder: ~OmxVideoEncoder
11-24 08:17:17.420 11323 11375 E MediaCodec: John 1116 2395 AMessage(what = 'init', target = 5) = {
11-24 08:17:17.420 11323 11375 E MediaCodec:       RefBase *codecInfo = 0xd7f4a2c0
11-24 08:17:17.420 11323 11375 E MediaCodec:       string name = "OMX.amlogic.video.encoder.avc"
11-24 08:17:17.420 11323 11375 E MediaCodec:       RefBase *replyID = 0x0
11-24 08:17:17.420 11323 11375 E MediaCodec:     }
11-24 08:17:17.420 11323 11375 E MediaCodec: John 1116 2404 AMessage(what = 0x00000000) = {
11-24 08:17:17.420 11323 11375 E MediaCodec:     }
11-24 08:17:17.421 11323 11376 I OMXClient: IOmx service obtained
11-24 08:17:17.421  3279  5632 I OMXMaster: makeComponentInstance(OMX.amlogic.video.encoder.avc) in omx@1.0-service process
11-24 08:17:17.421  3279  5632 D OmxComponentManagerImpl: support frame mode
11-24 08:17:17.421  3279  5632 D OmxComponentManagerImpl: getEntryByName_2_num=0, componentName:OMX.amlogic.video.encoder.avc
11-24 08:17:17.421  3279  5632 I AmlogicVideoAVCEncoder: ion_open sucess
11-24 08:17:17.421  3279  5632 D OmxVideoDecoder: drm use frame_mode
11-24 08:17:17.421  3279  5632 D OmxVideoDecoder: libsecmem.so is V2
11-24 08:17:17.421  3279  5632 E secmem_tz: [Secure_NegotiateVersion:479] Secure_NegotiateVersion 2 2 2 2 2 2
11-24 08:17:17.421  3279  5632 E secmem_tz: [Secure_NegotiateVersion:488] Negotiated secmem version = 2
11-24 08:17:17.421  3279  5632 I OmxVideoDecoder: we will use V2
11-24 08:17:17.422  3279  5632 W OmxLogConf: Can not read property media.omx.log_levels, using 0
11-24 08:17:17.422  3279  5632 D OmxComponentManagerImpl: IncreaseEntryNumByName pEntry->mNum=0, pEntry->mMaxNum:3,componentName:OMX.amlogic.video.encoder.avc
11-24 08:17:17.422  3279  5632 I omx_core: OMX_getHandle_num=1
11-24 08:17:17.422  3279  5632 D OmxComponent: mApkName=media.codec
11-24 08:17:17.424  3223  3223 E FrameEvents: updateAcquireFence: Did not find frame.
--------- beginning of crash
11-24 08:17:17.426 11323 11346 E AndroidRuntime: FATAL EXCEPTION: record
11-24 08:17:17.426 11323 11346 E AndroidRuntime: Process: com.example.encodetest, PID: 11323
11-24 08:17:17.426 11323 11346 E AndroidRuntime: android.media.MediaCodec$CodecException: Error 0xffffffc3
11-24 08:17:17.426 11323 11346 E AndroidRuntime: 	at android.media.MediaCodec.native_configure(Native Method)
11-24 08:17:17.426 11323 11346 E AndroidRuntime: 	at android.media.MediaCodec.configure(MediaCodec.java:1960)
11-24 08:17:17.426 11323 11346 E AndroidRuntime: 	at android.media.MediaCodec.configure(MediaCodec.java:1889)
11-24 08:17:17.426 11323 11346 E AndroidRuntime: 	at com.example.encodetest.HardwareEncoder.createEncoder(HardwareEncoder.java:118)
11-24 08:17:17.426 11323 11346 E AndroidRuntime: 	at com.example.encodetest.HardwareEncoder.configureLegacy(HardwareEncoder.java:38)
11-24 08:17:17.426 11323 11346 E AndroidRuntime: 	at com.example.encodetest.MainActivity$RecordThread.handleMessage(MainActivity.java:192)
11-24 08:17:17.426 11323 11346 E AndroidRuntime: 	at android.os.Handler.dispatchMessage(Handler.java:102)
11-24 08:17:17.426 11323 11346 E AndroidRuntime: 	at android.os.Looper.loop(Looper.java:193)
11-24 08:17:17.426 11323 11346 E AndroidRuntime: 	at android.os.HandlerThread.run(HandlerThread.java:65)
11-24 08:17:17.435  3448  5540 W ActivityManager:   Force finishing activity com.example.encodetest/.MainActivity
11-24 08:17:17.437  3448 11392 I CrashReporterActivityManagerCallback: addErrorToDropBox inserted hashcode=468988fcffdffbc5cf99a567fe712231f5831ad9 for eventType crash.
11-24 08:17:17.437  3448  5540 I AmazonPowerManagerVendorCallback: Other app is in foreground.
11-24 08:17:17.437  3448 11392 E SELinux : avc:  denied  { log_internal_metric } for  scontext=u:r:untrusted_app_25:s0:c512,c768 tcontext=u:r:system_server:s0 tclass=amazon_policies permissive=0
11-24 08:17:17.439  3166  3166 I Camera_hw:    90 setBuffersFormat - Width * Height 640 x 480 expect pixelfmt:MJPG, get:MJPG
11-24 08:17:17.439  3166  3166 I EmulatedCamera3_Sensor:   339 setOutputFormat - setOutputFormat :: pre_width = 640, pre_height = 480 
11-24 08:17:17.441  3223  3223 E FrameEvents: updateAcquireFence: Did not find frame.
11-24 08:17:17.442 11323 11346 I Process : Sending signal. PID: 11323 SIG: 9
11-24 08:17:17.444  3448 11392 E SELinux : avc:  denied  { log_internal_metric } for  scontext=u:r:untrusted_app_25:s0:c512,c768 tcontext=u:r:system_server:s0 tclass=amazon_policies permissive=0
11-24 08:17:17.449  3220  3916 D AudioFlinger: mixer(0xef903bc0) throttle end: throttle time(8)
11-24 08:17:17.463  5349  5870 W AHE-CoreStream: Core stream timed out, resetting stream:requestState=OPEN,responseState=CLOSED,connectionId=3,streamId=119
11-24 08:17:17.464  5349  5870 I AHE-ClientCoreConnectionAdapter: Removing core stream:connectionId=3,streamId=119
11-24 08:17:17.464  5349  5870 I AHE-CoreConnection: Received session expiry message:sessionId=CSM_3d422dce-7308-4f8d-933d-7cfe85a0d283_1606223777443.0..CSM_3d422dce-7308-4f8d-933d-7cfe85a0d283_1606223777443
11-24 08:17:17.464  5349  5870 I AHE-HybridChannelController: Received SessionExpiredMessage:channelToken=6
11-24 08:17:17.464  5349  5870 I AHE-HybridChannelController: Session updated (Switched):currentSessionId=CSM_e9dbfa75-94eb-4e0f-8954-d4847e19ac38_1606223753818.0..CSM_e9dbfa75-94eb-4e0f-8954-d4847e19ac38_1606223753818,nextSessionId=CSM_3d422dce-7308-4f8d-933d-7cfe85a0d283_1606223777443.0..CSM_3d422dce-7308-4f8d-933d-7cfe85a0d283_1606223777443
11-24 08:17:17.464  5349  5870 I AHE-HybridChannelController: Session expired while open, aborting local execution:sessionId=CSM_3d422dce-7308-4f8d-933d-7cfe85a0d283_1606223777443.0..CSM_3d422dce-7308-4f8d-933d-7cfe85a0d283_1606223777443
11-24 08:17:17.465  5349  5870 I AHE-HybridChannelController: Attempting to resolve cloud utteranceId as empty
11-24 08:17:17.465  3166  3166 I EmulatedCamera_FakeCamera3:   609 configureStreams - width=640, height=480, pixelfmt=MJPG
11-24 08:17:17.465  5349  5870 I AHE-ChannelControllerManager: Stats for ChannelControllerManager:connectionId=3,numChannels=16,numControllers=16,numHybridControllers=16
11-24 08:17:17.465  3166  3166 I EmulatedCamera_FakeCamera3:   632 configureStreams - stream_type=0
11-24 08:17:17.465  3166  3166 I EmulatedCamera_FakeCamera3:   648 configureStreams - 0, newStream=0xf05a3094, stream_type=0, usage=3ff, priv=0xf05972c0, w*h=640x480
11-24 08:17:17.465  3166  3166 I EmulatedCamera_FakeCamera3:   632 configureStreams - stream_type=0
11-24 08:17:17.465  3166  3166 I EmulatedCamera_FakeCamera3:   648 configureStreams - 1, newStream=0xf05a2c74, stream_type=0, usage=3ff, priv=0xf05972d0, w*h=1280x960
11-24 08:17:17.465  3166  3166 I EmulatedCamera_FakeCamera3:   632 configureStreams - stream_type=0
11-24 08:17:17.465  3166  3166 I EmulatedCamera_FakeCamera3:   648 configureStreams - 2, newStream=0xf05a3034, stream_type=0, usage=3ff, priv=0xf05972c8, w*h=640x480
11-24 08:17:17.465  3261  4012 E Camera3-Device: configureStreams: Stream 1: DataSpace override not allowed for format 0x21
11-24 08:17:17.465  3261  4012 E Camera3-Device: configureStreams: Stream 2: DataSpace override not allowed for format 0x23
11-24 08:17:17.467  3206  4593 I DolbyAudioStreamOut: getLatency() Total latency:311ms (Downstream:83ms, DMA:158ms, tuning:70ms, tuningBT:0ms), input format:0x1, sink:0x400, UxOutSetting:0, CurOutFormat:0xa000000
11-24 08:17:17.467  3261  4012 D Camera3-Device: Set real time priority for request queue thread (tid 11384)
11-24 08:17:17.467  3189  3189 I gralloc : framebuffer hal alread move to hwcomposer
11-24 08:17:17.468  3189  3189 I gralloc : framebuffer hal alread move to hwcomposer
11-24 08:17:17.472  3166  3360 I EmulatedCamera_FakeCamera3: set ANDROID_CONTROL_AE_TARGET_FPS_RANGE :5,30
11-24 08:17:17.472  3166  3360 I EmulatedCamera3_Sensor:   773 setAntiBanding - anti banding mode:3
11-24 08:17:17.472  3206  4593 I DolbyAudioStreamOut: getLatency() Total latency:308ms (Downstream:80ms, DMA:158ms, tuning:70ms, tuningBT:0ms), input format:0x1, sink:0x400, UxOutSetting:0, CurOutFormat:0xa000000
11-24 08:17:17.472  3166  3360 I EmulatedCamera3_Sensor:   609 setEffect - set effect mode:0
11-24 08:17:17.472  3166  3360 I EmulatedCamera_FakeCamera3:  1256 processCaptureRequest - set expsore compensaton 0
11-24 08:17:17.472  3166  3360 E EmulatedCamera3_Sensor: setZoom: Set zoom level failed!
11-24 08:17:17.472  3166  3360 I EmulatedCamera_FakeCamera3:  1280 processCaptureRequest - cropRegion:0, 0, 1280, 960
11-24 08:17:17.472  3206  4593 I DolbyAudioStreamOut: getLatency() Total latency:313ms (Downstream:85ms, DMA:158ms, tuning:70ms, tuningBT:0ms), input format:0x1, sink:0x400, UxOutSetting:0, CurOutFormat:0xa000000
11-24 08:17:17.480  3206  4593 I DolbyAudioStreamOut: getLatency() Total latency:305ms (Downstream:77ms, DMA:158ms, tuning:70ms, tuningBT:0ms), input format:0x1, sink:0x400, UxOutSetting:0, CurOutFormat:0xa000000
11-24 08:17:17.483  5575  5806 D WakeWordService: event audio_playback with value 1and decoderId WakeWordService_input_decoder has been pushed into Pryon
11-24 08:17:17.504  3189  3189 I gralloc : framebuffer hal alread move to hwcomposer
11-24 08:17:17.505  3189  3189 I gralloc : framebuffer hal alread move to hwcomposer
11-24 08:17:17.512  3206  4593 I DolbyAudioStreamOut: getLatency() Total latency:308ms (Downstream:80ms, DMA:158ms, tuning:70ms, tuningBT:0ms), input format:0x1, sink:0x400, UxOutSetting:0, CurOutFormat:0xa000000
11-24 08:17:17.520  3206  4593 I DolbyAudioStreamOut: getLatency() Total latency:305ms (Downstream:77ms, DMA:158ms, tuning:70ms, tuningBT:0ms), input format:0x1, sink:0x400, UxOutSetting:0, CurOutFormat:0xa000000
11-24 08:17:17.520  3206  4593 I DolbyAudioStreamOut: getLatency() Total latency:313ms (Downstream:85ms, DMA:158ms, tuning:70ms, tuningBT:0ms), input format:0x1, sink:0x400, UxOutSetting:0, CurOutFormat:0xa000000
11-24 08:17:17.523  4165  4324 I MAPMetricsTransport: Acquiring wake lock with timeout: 300000ms
11-24 08:17:17.524  4165  4324 I MAPMetricsTransport: Acquiring wifi lock
11-24 08:17:17.525  3448  5540 I WifiService: acquireWifiLock uid=10048 lockMode=3
11-24 08:17:17.524  3448  5540 I AmazonPowerManagerVendorCallback: Other app is in foreground.
11-24 08:17:17.525  3448  5540 D WifiLockManager: addLock: WifiLock{HTTPMetricsTransport type=3 uid=10048 workSource=WorkSource{10048}}
11-24 08:17:17.526  4165  4324 D ...rics/PlatformWrapper: User is locked in direct boot mode: false
11-24 08:17:17.526  4165  4324 D ...ork.GenericIPCSender: com.amazon.client.metrics try get ipc provider out of direct mode for GetAccountAction
11-24 08:17:17.527  3279  3347 E OMXNodeInstance: !!! Observer died. Quickly, do something, ... anything...
11-24 08:17:17.528  3279  3347 D OmxComponentManagerImpl: DecreaseEntryNumByName pEntry->mNum=1, pEntry->mMaxNum:3,componentName:OMX.amlogic.video.encoder.avc
11-24 08:17:17.528  3279  3347 I omx_core: OMX_freeHandle_num_= 0
11-24 08:17:17.528  3448  3530 W InputDispatcher: channel '1b15922 com.example.encodetest/com.example.encodetest.MainActivity (server)' ~ Consumer closed input channel or an error occurred.  events=0x9
11-24 08:17:17.528  3448  3530 E InputDispatcher: channel '1b15922 com.example.encodetest/com.example.encodetest.MainActivity (server)' ~ Channel is unrecoverably broken and will be disposed!
11-24 08:17:17.528  3279  3347 D OmxVideoEncoder: ~OmxVideoEncoder
11-24 08:17:17.529  4165  4324 D ...sedPackageTrustLogic: MAP trust com.amazon.imp, since the signature check passed
11-24 08:17:17.532  3261  4012 E Camera2Client: notifyError: Error condition 0 reported by HAL, requestId -1
11-24 08:17:17.533  3166  3166 I EmulatedCamera_FakeCamera3:  1568 flush_all_requests - flush all request
11-24 08:17:17.533  3448  3460 I WindowManager: WIN DEATH: Window{1b15922 u0 com.example.encodetest/com.example.encodetest.MainActivity}
11-24 08:17:17.533  3448  4724 I ActivityManager: Process com.example.encodetest (pid 11323) has died: fore TOP 
11-24 08:17:17.533  3448  3460 W InputDispatcher: Attempted to unregister already unregistered input channel '1b15922 com.example.encodetest/com.example.encodetest.MainActivity (server)'
11-24 08:17:17.533  3448  4724 E SELinux : avc:  denied  { log_internal_metric } for  scontext=u:r:untrusted_app_25:s0:c512,c768 tcontext=u:r:system_server:s0 tclass=amazon_policies permissive=0
11-24 08:17:17.533  3448  3469 W libprocessgroup: kill(-11323, 9) failed: No such process
11-24 08:17:17.533  3448  3469 I libprocessgroup: Successfully killed process cgroup uid 10248 pid 11323 in 0ms
11-24 08:17:17.535  3142  3142 I Zygote  : Process 11323 exited due to signal (9)
11-24 08:17:17.537  3206  4593 I DolbyAudioStreamOut: getLatency() Total latency:304ms (Downstream:76ms, DMA:158ms, tuning:70ms, tuningBT:0ms), input format:0x1, sink:0x400, UxOutSetting:0, CurOutFormat:0xa000000
11-24 08:17:17.537  4165  4324 D ...tils.CentralApkUtils: Current package: com.amazon.client.metrics and Authenticator owner's package: com.amazon.imp are different
11-24 08:17:17.538  4165  4324 I ...metrics/SerialNumber: MAP Client side on FireOS 7+ calls IPC to get the DSN.
11-24 08:17:17.538  4165  4324 I ...ls.DeviceTypeHelpers: com.amazon.client.metrics is trying to get device type
11-24 08:17:17.539  4165  4324 I ...onInformationQueryer: Populate change for remote MAP info.
11-24 08:17:17.539  4165  4324 I ...onInformationQueryer: CacheContainsPartialResults? true
11-24 08:17:17.539  3190  3335 D MesonHwc: Hwc2Display::destroyLayer inLayer:110
11-24 08:17:17.540  3190  3335 D MesonHwc: Hwc2Display::destroyLayer inLayer:623
11-24 08:17:17.541  3190  3335 D MesonHwc: Hwc2Display::createLayer *outLayer:112
11-24 08:17:17.542  4165  4324 D ...sedPackageTrustLogic: MAP trust com.amazon.client.metrics, since the signature check passed
11-24 08:17:17.543  4165  4324 E ...ls.DeviceTypeHelpers: Cannot get remote map information even including the calling app itself! This could happen only the calling app is IMP!
11-24 08:17:17.544  4165  4324 I ...e.LocalKeyValueStore: Create DE shared preference, OS supports direct boot.
11-24 08:17:17.545  4165  4324 D ...rics/PlatformWrapper: User is locked in direct boot mode: false
11-24 08:17:17.546  4165  4324 D ...ork.GenericIPCSender: com.amazon.client.metrics try get ipc provider out of direct mode for IsAccountRegisteredAction
11-24 08:17:17.546  3206  4593 I DolbyAudioStreamOut: getLatency() Total latency:305ms (Downstream:77ms, DMA:158ms, tuning:70ms, tuningBT:0ms), input format:0x1, sink:0x400, UxOutSetting:0, CurOutFormat:0xa000000
11-24 08:17:17.547  3448  3588 W Eve     : MEMORY_LEVEL: [11323,0]
11-24 08:17:17.547  3448  3588 W Eve     :   top=com.example.encodetest/.MainActivity launching=false
11-24 08:17:17.547  3448  3588 W Eve     :   prev=com.amazon.tv.settings.v2/.tv.applications.ApplicationsActivity screen_on=true thermal=0
11-24 08:17:17.547  3448  3588 W Eve     :   adb=true downloading=false
11-24 08:17:17.547  3448  3588 W Eve     :   memory=0 trim=0 available=0KB free=114028KB
11-24 08:17:17.548  3448  3588 W Eve     : Lmk did not kill com.example.encodetest
11-24 08:17:17.549  3223  3246 W SurfaceFlinger: Attempting to set client state on removed layer: com.example.encodetest/com.example.encodetest.MainActivity#0
11-24 08:17:17.549  3223  3246 W SurfaceFlinger: Attempting to destroy on removed layer: com.example.encodetest/com.example.encodetest.MainActivity#0
11-24 08:17:17.549  4165  4324 D ...sedPackageTrustLogic: MAP trust com.amazon.imp, since the signature check passed
11-24 08:17:17.556  3190  3335 D MesonHwc: Hwc2Display::destroyLayer inLayer:112
11-24 08:17:17.556  3190  3335 V MesonHwc: No layers to compose, exit.
