11-24 08:17:18.661  5349  5349 I Vizzini_2.0.8797.0:ExternalPlaybackStateManager: Focus already cleared
11-24 08:17:18.661  5349  5879 I SPCH-SIM_SimStateMachine: Got DeviceContextEvent in IgnoreWhileDisconnectedState
11-24 08:17:18.661  5349  5349 D SPCH-SIM_SimVisualChannelSet: Activity switch detected, from package (null) to package (com.example.encodetest)
11-24 08:17:18.661  5349  5349 D AlexaFocusChannelSet: Target (com.example.encodetest) has not reported an active namespace
11-24 08:17:18.661  5349  5879 I BaseContextManager: Removing device context = [namespace=LocalMediaPlayer, name=PlaybackState]
11-24 08:17:18.661  3448  3577 D ThermalStateObserver/AppUsage: updateTrackerImpl: event=APP_WINDOW_CHANGED pName=com.example.encodetest ctime=1008866 isDreaming=false isFireTv=true
11-24 08:17:18.661  3448  3577 D ThermalEventMonitor/ThermalStateObserver: logThermalThrottling: State=0  Package=com.amazon.tv.settings.v2 StartTime=1007898 ChangeTime=0
11-24 08:17:18.662  3448  3577 D ThermalStateObserver/AppUsage: Package ended:com.amazon.tv.settings.v2 Starting:com.example.encodetest
11-24 08:17:18.662  5349  5349 W AlexaFocusPackageManagerParser: Package (com.example.encodetest) has not declared permission (amazon.speech.permission.SEND_DATA_TO_ALEXA) for implicit focus
11-24 08:17:18.662  5349  5349 D AlexaFocusChannelSet: Target (com.example.encodetest) does not support any namespaces
11-24 08:17:18.662  5349  5349 W AlexaFocusVisualChannelSet: Package (com.example.encodetest) has not registered a namespace; attempting clear
11-24 08:17:18.662  6008  6095 D ...tark/PlatformWrapper: User is locked in direct boot mode: false
11-24 08:17:18.663  6008  6095 D ...ork.GenericIPCSender: com.amazon.avl.stark try get ipc provider out of direct mode for GetAccountAction
11-24 08:17:18.668  3206  4593 I DolbyAudioStreamOut: getLatency() Total latency:312ms (Downstream:84ms, DMA:158ms, tuning:70ms, tuningBT:0ms), input format:0x1, sink:0x400, UxOutSetting:0, CurOutFormat:0xa000000
11-24 08:17:18.671  3448 11416 I PointerController: PointerController setInvisible false
11-24 08:17:18.672  6008  6095 D ...sedPackageTrustLogic: MAP trust com.amazon.imp, since the signature check passed
11-24 08:17:18.674  4165  4531 D ...rics/PlatformWrapper: User is locked in direct boot mode: false
11-24 08:17:18.675  4165  4531 D ...ork.GenericIPCSender: com.amazon.client.metrics try get ipc provider out of direct mode for GetAccountForMappingsUserAction
11-24 08:17:18.678  4165  4531 D ...sedPackageTrustLogic: MAP trust com.amazon.imp, since the signature check passed
11-24 08:17:18.683  4181  5137 D AmazonAppstore.AvlSharedPreferences: Package queried com.example.encodetest
11-24 08:17:18.684  6008  6092 I AVL:AVLMetadataHelper: Metadata version is V2
11-24 08:17:18.684  6008  6092 W AVL:AVLMetadataHelper: packageMetadataJSONObject is null
11-24 08:17:18.684  6008  6092 I AVL:AVLManagerService: App certification whitelist status : false
11-24 08:17:18.684  6008  6092 I AVL:UIManager: Clearing UINodesInfo. Size before clearing: 0
11-24 08:17:18.684  6008  6092 D AVL:AVLManagerService: isWhitelisted:false, canStartVIF:false
11-24 08:17:18.684  6008  6092 D AVL:AVLManagerService: Configuring AVL Status:currentPackageName: com.example.encodetest isAppWhitelisted: false canStartVIF: false
11-24 08:17:18.685  6008  6092 D AVL:VoiceInteractionUti: VoiceInteractionService already disabled!
11-24 08:17:18.685  6008  6092 D AVL:AVLManagerService: Adding device context for DPAD.
11-24 08:17:18.686  6008  6095 I AVL:RemoteConfigData: Could not find value for key:Cues.Instrumentation.isEnabled in Arcus. Using default value.
11-24 08:17:18.686  6008  6095 I AVL:RemoteConfigData: Could not find value for key:Cues.Global.isEnabled in Arcus. Using default value.
11-24 08:17:18.686  6008  6095 D AVL:CuesHelper: Cues global switch disabled
11-24 08:17:18.686  6008  6095 D AVL:AppLaunchSignalProc: Package is not enabled for Cues: anonymized
11-24 08:17:18.686  6008  6095 D AVL:AppLaunchSignalGene: Initiated AppLaunch Signal. isVoice? false
11-24 08:17:18.686  5349  5879 I SPCH-SIM_SimStateMachine: Got FocusEvent in IgnoreWhileDisconnectedState
11-24 08:17:18.686  5349  5879 D AlexaFocusContract: releaseFocus namespace (AlexaVoiceLayer) channel (inFocus) package (com.amazon.avl.stark)
11-24 08:17:18.687  5349  5879 D AlexaFocusChannelSet: releaseFocus namespace (AlexaVoiceLayer) channel (inFocus) client (com.amazon.avl.stark) type (Binder)
11-24 08:17:18.687  5349  5879 D AlexaFocusFilter: Namespace (AlexaVoiceLayer) accepted as Local Application interface
11-24 08:17:18.687  5349  5879 D AlexaFocusInFocusChannel: releaseFocus namespace (AlexaVoiceLayer) packageName (com.amazon.avl.stark) client (android.os.BinderProxy@b1cd0ef)
11-24 08:17:18.687  5349  5879 D AlexaFocusContract: Could not release focus for namespace (AlexaVoiceLayer) channel (inFocus) package (com.amazon.avl.stark)
11-24 08:17:18.687  5349  5879 D Dcm1pAdapter: Instantiating an impl instance of DCM MetricsFacotry.
11-24 08:17:18.687  5349  5879 D Dcm1pAdapter: Instantiating an impl instance of DCM MetricsFacotry.
11-24 08:17:18.687  5349  5879 D SPCH-SIM_MetricsManager: Metrics event:sim_alexa_focus_error_event__RELEASED added
11-24 08:17:18.688  6008  6092 I AVL:Utils: App : com.example.encodetest, neither installed from AppStore nor an system app. Returning anonymized package name
11-24 08:17:18.688  5349  5526 D Dcm1pAdapter: Instantiating an impl instance of DCM MetricsFacotry.
11-24 08:17:18.690  3190  3335 D MesonHwc: Hwc2Display::createLayer *outLayer:370
11-24 08:17:18.700  6008  6092 D St-AVL:SimClientManager: Device Context Size : 158
11-24 08:17:18.700  6008  6092 D St-AVL:SimClientManager: Adding device context {"appId":"anonymized/1//28","dpadEnabled":true,"headers":["nodeId","r2p","nsh","flag","text"],"supportsBlockingDirective":true,"uiNodesInfo":[],"version":"2"}
11-24 08:17:18.702  5349  5366 D BaseDeviceContextContract: Creating context AlexaVoiceLayer.AVL_Context for caller com.amazon.avl.stark and timeOfSample 2020-11-24T13:17:18.702Z
11-24 08:17:18.702  5349  5879 I SPCH-SIM_SimStateMachine: Got DeviceContextEvent in IgnoreWhileDisconnectedState
11-24 08:17:18.703  5349  5366 D SPCH-SIM_StackTraceHelper: Invoking pkg 
11-24 08:17:18.703  5349  5879 D BaseContextManager: Adding deviceContext AlexaVoiceLayer.AVL_Context. Changed? true Hard Update? true Payload is {"appId":"anonymized/1//28","dpadEnabled":true,"headers":["nodeId","r2p","nsh","flag","text"],"supportsBlockingDirective":true,"uiNodesInfo":[],"version":"2"}
11-24 08:17:18.703  5349  5879 I CSM-ProactiveReporter: Context with namespace AlexaVoiceLayer whitelisted? false. Cloud-configured whitelist? false
11-24 08:17:18.704  5349  5879 I SPCH-SIM_SimStateMachine: Got CapabilityCheckEvent in IgnoreWhileDisconnectedState
11-24 08:17:18.801 11400 11400 E SELinux : avc:  could not determine enforcing mode: Permission denied
11-24 08:17:18.801 11400 11400 E SELinux : Unknown class directtexture
11-24 08:17:18.801 11400 11400 D OpenGLRenderer: Skia GL Pipeline
11-24 08:17:18.834  3190  3335 V MesonHwc: outConfig[0]: 0.
11-24 08:17:18.834  3190  3335 V MesonHwc: outConfig[1]: 1.
11-24 08:17:18.834  3190  3335 V MesonHwc: outConfig[2]: 2.
11-24 08:17:18.835  3190  3335 V MesonHwc: outConfig[3]: 3.
11-24 08:17:18.835  3190  3335 V MesonHwc: outConfig[4]: 4.
11-24 08:17:18.835  3190  3335 V MesonHwc: outConfig[5]: 5.
11-24 08:17:18.835  3190  3335 V MesonHwc: outConfig[6]: 6.
11-24 08:17:18.835  3190  3335 V MesonHwc: outConfig[7]: 7.
11-24 08:17:18.835  3190  3335 V MesonHwc: outConfig[8]: 8.
11-24 08:17:18.835  3190  3335 V MesonHwc: outConfig[9]: 9.
11-24 08:17:18.843  3190  3335 V MesonHwc: outConfig[0]: 0.
11-24 08:17:18.843  3190  3335 V MesonHwc: outConfig[1]: 1.
11-24 08:17:18.843  3190  3335 V MesonHwc: outConfig[2]: 2.
11-24 08:17:18.843  3190  3335 V MesonHwc: outConfig[3]: 3.
11-24 08:17:18.843  3190  3335 V MesonHwc: outConfig[4]: 4.
11-24 08:17:18.843  3190  3335 V MesonHwc: outConfig[5]: 5.
11-24 08:17:18.843  3190  3335 V MesonHwc: outConfig[6]: 6.
11-24 08:17:18.843  3190  3335 V MesonHwc: outConfig[7]: 7.
11-24 08:17:18.843  3190  3335 V MesonHwc: outConfig[8]: 8.
11-24 08:17:18.843  3190  3335 V MesonHwc: outConfig[9]: 9.
11-24 08:17:18.874  3190  3335 D MesonHwc: Hwc2Display::destroyLayer inLayer:113
11-24 08:17:18.877  3223  3246 E BufferQueueProducer: [com.amazon.tv.settings.v2/com.amazon.tv.settings.v2.tv.applications.ApplicationsActivity#0] disconnect: not connected (req=1)
11-24 08:17:18.877  3751  3864 W libEGL  : EGLNativeWindowType 0xd605f808 disconnect failed
11-24 08:17:18.881  3190  3335 V MesonHwc: outConfig[0]: 0.
11-24 08:17:18.881  3190  3335 V MesonHwc: outConfig[1]: 1.
11-24 08:17:18.881  3190  3335 V MesonHwc: outConfig[2]: 2.
11-24 08:17:18.881  3190  3335 V MesonHwc: outConfig[3]: 3.
11-24 08:17:18.881  3190  3335 V MesonHwc: outConfig[4]: 4.
11-24 08:17:18.881  3190  3335 V MesonHwc: outConfig[5]: 5.
11-24 08:17:18.881  3190  3335 V MesonHwc: outConfig[6]: 6.
11-24 08:17:18.881  3190  3335 V MesonHwc: outConfig[7]: 7.
11-24 08:17:18.881  3190  3335 V MesonHwc: outConfig[8]: 8.
11-24 08:17:18.881  3190  3335 V MesonHwc: outConfig[9]: 9.
11-24 08:17:18.894  3190  3335 V MesonHwc: outConfig[0]: 0.
11-24 08:17:18.894  3190  3335 V MesonHwc: outConfig[1]: 1.
11-24 08:17:18.894  3190  3335 V MesonHwc: outConfig[2]: 2.
11-24 08:17:18.894  3190  3335 V MesonHwc: outConfig[3]: 3.
11-24 08:17:18.894  3190  3335 V MesonHwc: outConfig[4]: 4.
11-24 08:17:18.894  3190  3335 V MesonHwc: outConfig[5]: 5.
11-24 08:17:18.894  3190  3335 V MesonHwc: outConfig[6]: 6.
11-24 08:17:18.894  3190  3335 V MesonHwc: outConfig[7]: 7.
11-24 08:17:18.894  3190  3335 V MesonHwc: outConfig[8]: 8.
11-24 08:17:18.894  3190  3335 V MesonHwc: outConfig[9]: 9.
11-24 08:17:18.894 11400 11423 I ConfigStore: android::hardware::configstore::V1_0::ISurfaceFlingerConfigs::hasWideColorDisplay retrieved: 0
11-24 08:17:18.894 11400 11423 I ConfigStore: android::hardware::configstore::V1_0::ISurfaceFlingerConfigs::hasHDRDisplay retrieved: 0
11-24 08:17:18.894 11400 11423 I OpenGLRenderer: Initialized EGL, version 1.4
11-24 08:17:18.895 11400 11423 D OpenGLRenderer: Swap behavior 2
11-24 08:17:18.897  3190  3335 V MesonHwc: outConfig[0]: 0.
11-24 08:17:18.897  3190  3335 V MesonHwc: outConfig[1]: 1.
11-24 08:17:18.897  3190  3335 V MesonHwc: outConfig[2]: 2.
11-24 08:17:18.897  3190  3335 V MesonHwc: outConfig[3]: 3.
11-24 08:17:18.897  3190  3335 V MesonHwc: outConfig[4]: 4.
11-24 08:17:18.897  3190  3335 V MesonHwc: outConfig[5]: 5.
11-24 08:17:18.897  3190  3335 V MesonHwc: outConfig[6]: 6.
11-24 08:17:18.897  3190  3335 V MesonHwc: outConfig[7]: 7.
11-24 08:17:18.897  3190  3335 V MesonHwc: outConfig[8]: 8.
11-24 08:17:18.897  3190  3335 V MesonHwc: outConfig[9]: 9.
11-24 08:17:18.900  3190  3335 V MesonHwc: outConfig[0]: 0.
11-24 08:17:18.900  3190  3335 V MesonHwc: outConfig[1]: 1.
11-24 08:17:18.900  3190  3335 V MesonHwc: outConfig[2]: 2.
11-24 08:17:18.900  3190  3335 V MesonHwc: outConfig[3]: 3.
11-24 08:17:18.900  3190  3335 V MesonHwc: outConfig[4]: 4.
11-24 08:17:18.900  3190  3335 V MesonHwc: outConfig[5]: 5.
11-24 08:17:18.900  3190  3335 V MesonHwc: outConfig[6]: 6.
11-24 08:17:18.900  3190  3335 V MesonHwc: outConfig[7]: 7.
11-24 08:17:18.900  3190  3335 V MesonHwc: outConfig[8]: 8.
11-24 08:17:18.900  3190  3335 V MesonHwc: outConfig[9]: 9.
11-24 08:17:18.904 11400 11423 D mali_winsys: EGLint new_window_surface(egl_winsys_display *, void *, EGLSurface, EGLConfig, egl_winsys_surface **, EGLBoolean) returns 0x3000
11-24 08:17:18.920 11400 11423 I ConfigStore: android::hardware::configstore::V1_0::ISurfaceFlingerConfigs::vsyncEventPhaseOffsetNs retrieved: 1000000 (default)
11-24 08:17:18.921 11400 11423 I ConfigStore: android::hardware::configstore::V1_0::ISurfaceFlingerConfigs::vsyncSfEventPhaseOffsetNs retrieved: 1000000 (default)
11-24 08:17:18.921  3189  3189 I gralloc : framebuffer hal alread move to hwcomposer
11-24 08:17:18.947  5575  5789 D WakeWordService: event audio_playback with value 0and decoderId WakeWordService_input_decoder has been pushed into Pryon
11-24 08:17:18.954  4165  4324 I MAPMetricsTransport: Response body: 
11-24 08:17:18.955  4165  4324 I MAPMetricsTransport: Successfully uploaded metrics data; code: 200, message: OK
11-24 08:17:18.955  4165  4324 I MAPMetricsTransport: Manually releasing wifi lock
11-24 08:17:18.955  3448  3460 I WifiService: releaseWifiLock uid=10048
11-24 08:17:18.955  3448  3460 D WifiLockManager: releaseLock: WifiLock{HTTPMetricsTransport type=3 uid=10048 workSource=WorkSource{10048}}
11-24 08:17:18.956  4165  4324 I MAPMetricsTransport: Manually releasing wake lock
11-24 08:17:18.956  3448  3460 I AmazonPowerManagerVendorCallback: Other app is in foreground.
11-24 08:17:18.956  4165  4324 I Metrics:BatchTransmitte: QueuePusher.sendBatches - Drained batch queue.; Number of HIGH_ANONYMOUS queue batches sent: 1
11-24 08:17:18.985  3190  3335 V MesonHwc: outConfig[0]: 0.
11-24 08:17:18.985  3190  3335 V MesonHwc: outConfig[1]: 1.
11-24 08:17:18.985  3190  3335 V MesonHwc: outConfig[2]: 2.
11-24 08:17:18.985  3190  3335 V MesonHwc: outConfig[3]: 3.
11-24 08:17:18.985  3190  3335 V MesonHwc: outConfig[4]: 4.
11-24 08:17:18.985  3190  3335 V MesonHwc: outConfig[5]: 5.
11-24 08:17:18.985  3190  3335 V MesonHwc: outConfig[6]: 6.
11-24 08:17:18.985  3190  3335 V MesonHwc: outConfig[7]: 7.
11-24 08:17:18.985  3190  3335 V MesonHwc: outConfig[8]: 8.
11-24 08:17:18.985  3190  3335 V MesonHwc: outConfig[9]: 9.
11-24 08:17:18.992  3448  3474 I ActivityManager: Displayed com.example.encodetest/.MainActivity: +431ms (total +340ms)
11-24 08:17:18.995  3189  3189 I gralloc : framebuffer hal alread move to hwcomposer
11-24 08:17:19.024  3190  3335 D MesonHwc: Hwc2Display::createLayer *outLayer:115
11-24 08:17:19.024  3190  3335 D MesonHwc: Hwc2Display::createLayer *outLayer:628
11-24 08:17:19.027  3223  3223 E FrameEvents: updateAcquireFence: Did not find frame.
11-24 08:17:19.036  3189  3189 I gralloc : framebuffer hal alread move to hwcomposer
11-24 08:17:19.044  3223  3223 E FrameEvents: updateAcquireFence: Did not find frame.
11-24 08:17:19.060  3223  3223 I chatty  : uid=1000(system) /system/bin/surfaceflinger identical 1 line
11-24 08:17:19.076  3223  3223 E FrameEvents: updateAcquireFence: Did not find frame.
11-24 08:17:19.082  3166 11377 I EmulatedCamera3_Sensor:  2275 captureNV21 - force sensor reset.
11-24 08:17:19.083  3166 11377 I EmulatedCamera3_Sensor:  2158 force_reset_sensor - force_reset_sensor
11-24 08:17:19.092  3223  3223 E FrameEvents: updateAcquireFence: Did not find frame.
11-24 08:17:19.096  3166 11377 I Camera_hw:   234 releasebuf_and_stop_capturing - VIDIOC_REQBUFS delete buffer success
11-24 08:17:19.109  3223  3223 E FrameEvents: updateAcquireFence: Did not find frame.
11-24 08:17:19.112  3630  3917 W bt_btif : bta_hh_le_input_rpt_notify uuid=0x2a4d srv_handle=79 is_bl_svc_primary=1 rpt_id=1 len=3
11-24 08:17:19.038  3448  3460 I AmazonPowerManagerVendorCallback: Other app is in foreground.
11-24 08:17:19.113  3448  3531 I AmazonProfileService: Filter key event KEYCODE_DPAD_CENTER
11-24 08:17:19.113  3448  3531 I AmazonProfileService: Event is not filtered because feature flag is not set. KeyEvent = KEYCODE_DPAD_CENTER
11-24 08:17:19.113  3448  3531 I FireTVKeyPolicyManager: Dynamic key mapping has been enabled
11-24 08:17:19.113  3448  3531 I KeyMapManagerUtil: Unknown remote sku id 0. Fetch remote sku id from system property
11-24 08:17:19.113  3448  3531 D GenericKeyHandler: Generic key event mapping is not found for key 23 and sku id 0
11-24 08:17:19.113  3448  3531 D AppAdapterHandler: handleKeyEvent for keycode 23 and skuId = 0
11-24 08:17:19.113  3448  3531 D AppAdapterHandler: Application adapter for keycode 23 and skudId = 0 does not exist
11-24 08:17:19.113  3448  3531 I FireTVKeyPolicyManager: Dynamic key mapping key intercepted result 0
11-24 08:17:19.114  3448  3530 I AmazonPowerManagerVendorCallback: Other app is in foreground.
11-24 08:17:19.114  3448  3530 D AmzPhoneWindowManager: is 23 in key list = false
11-24 08:17:19.120  3166 11377 I Camera_hw:    90 setBuffersFormat - Width * Height 640 x 480 expect pixelfmt:MJPG, get:MJPG
11-24 08:17:19.126  3223  3223 E FrameEvents: updateAcquireFence: Did not find frame.
11-24 08:17:19.131 11400 11423 I ConfigStore: android::hardware::configstore::V1_0::ISurfaceFlingerConfigs::vsyncEventPhaseOffsetNs retrieved: 1000000 (default)
11-24 08:17:19.131 11400 11423 I ConfigStore: android::hardware::configstore::V1_0::ISurfaceFlingerConfigs::vsyncSfEventPhaseOffsetNs retrieved: 1000000 (default)
11-24 08:17:19.141  3448  3529 D AmazonWindowMetrics: On window event - Package com.example.encodetest, isDreaming false, state 1, alexaMode 0
11-24 08:17:19.142  3448  3577 D ThermalStateObserver/AppUsage: updateTrackerImpl: event=APP_WINDOW_CHANGED pName=com.example.encodetest ctime=1009346 isDreaming=false isFireTv=true
11-24 08:17:19.142  3448  3577 D ThermalStateObserver/AppUsage: No-op app window change, remains com.example.encodetest
11-24 08:17:19.142  3223  3223 E FrameEvents: updateAcquireFence: Did not find frame.
11-24 08:17:19.145  3166 11377 I EmulatedCamera3_Sensor:  2164 force_reset_sensor - force_reset_sensor , ret = 0
11-24 08:17:19.145  3223  3480 W SurfaceFlinger: Attempting to set client state on removed layer: Splash Screen com.example.encodetest#0
11-24 08:17:19.145  3223  3480 W SurfaceFlinger: Attempting to destroy on removed layer: Splash Screen com.example.encodetest#0
11-24 08:17:19.157  3190  3335 D MesonHwc: Hwc2Display::destroyLayer inLayer:370
11-24 08:17:19.160  3223  3223 E FrameEvents: updateAcquireFence: Did not find frame.
11-24 08:17:19.175  3223  3223 E FrameEvents: updateAcquireFence: Did not find frame.
11-24 08:17:19.180  8536  8536 D SPCH-QueueRequest: Running Request (18). Retry number (2).
11-24 08:17:19.180  8536  8536 I EMP_1.0.2272.0_BaseQueueRequest: SendEventsQueueRequest: Executing request (18). Retry number (2).
11-24 08:17:19.180  8536  8536 I EMP_1.0.2272.0_SendEventsQueueRequest: Attempting to send event for namespace [ExternalMediaPlayer], name [ReportDiscoveredPlayers].
11-24 08:17:19.181  8536  8536 I SPCH-EventMetadata: writeToParcel with bundle :true
11-24 08:17:19.181  5349  5366 I SPCH-EventMetadata: bundle found
11-24 08:17:19.182  5349  5879 I SPCH-SIM_SimStateMachine: Got AlexaEvent in IgnoreWhileDisconnectedState
11-24 08:17:19.182  5349  5366 D SPCH-SIM_StackTraceHelper: Invoking pkg 
11-24 08:17:19.182  5349  5879 I AHE-AlexaHybridRouterJNI: Sending event to AlexaHybridRouter
11-24 08:17:19.183  5349  5879 D SPCH-SIM_CloudOnlySessionsProxy: sendEvent
11-24 08:17:19.183  5349  5827 I AHE-ClientCoreConnectionAdapter: Creating core stream:connectionId=3,streamId=134
11-24 08:17:19.183  5349  5827 I AHE-ChannelControllerManager: Stats for ChannelControllerManager:connectionId=3,numChannels=17,numControllers=16,numHybridControllers=16
11-24 08:17:19.183  5349  5868 I AHE-CoreStream: Opening core stream request:connectionId=3,streamId=134,streamType=EVENT,protocol=VSB,channelId=CSM_3140598f-c512-4f61-a1ed-77137f8b1ae0_1606223839182.0..CSM_3140598f-c512-4f61-a1ed-77137f8b1ae0_1606223839182
11-24 08:17:19.183  5349  5868 I AHE-ChannelControllerManager: Stats for ChannelControllerManager:connectionId=3,numChannels=17,numControllers=17,numHybridControllers=17
11-24 08:17:19.183  5349  5868 W AHE-Json::DynamicConverter: Rule execution failed, aborting conversion
11-24 08:17:19.183  5349  5868 I AHE-CoreStream: Received channel JSON message:messageType=CLIENT_NON_SPEECH_EVENT,connectionId=3,streamId=134,type=client,protocol=VSB
11-24 08:17:19.183  5349  5868 I AHE-HybridChannelController: Received ClientNonSpeechEventMessage:channelToken=140
11-24 08:17:19.183  5349  5868 I AHE-HybridChannelController: Session updated (Found new):channelToken=140,sessionId=CSM_3140598f-c512-4f61-a1ed-77137f8b1ae0_1606223839182.0..CSM_3140598f-c512-4f61-a1ed-77137f8b1ae0_1606223839182,cloudChannelStreamId=unconnected,clientCoreStream=134
11-24 08:17:19.183  5349  5879 I SPCH-SIM_SimStateMachine: Got CapabilityCheckEvent in IgnoreWhileDisconnectedState
11-24 08:17:19.183  5349  5868 I AHE-Session: Changed session state:sessionId=CSM_3140598f-c512-4f61-a1ed-77137f8b1ae0_1606223839182.0..CSM_3140598f-c512-4f61-a1ed-77137f8b1ae0_1606223839182,change=shadowModeReason UNKNOWN -> OFFLINE & connectivity ONLINE -> OFFLINE
11-24 08:17:19.183  5349  5868 I AHE-SimpleLROFacade: Received an event:token=140
11-24 08:17:19.183  5349  5868 I AHE-CapabilityMetadataStoreImpl: Returning hardcoded default interface version for VSB:version=1.0
11-24 08:17:19.183  5349  5868 I AHE-SimpleLROFacade: Unsupported event received, ending response:token=140
11-24 08:17:19.183  5349  5868 I AHE-SimpleLROFacade: Enqueuing a message envelope:messageName=EndFinalResponse,messageNamespace=Orchestrator,channelToken=140
11-24 08:17:19.183  5349  5868 I AHE-MessageProcessor: Received envelope:namespace=Orchestrator,name=EndFinalResponse
11-24 08:17:19.184  5349  5868 I AHE-HybridChannelController: Received EndOfStreamMessage:channelToken=140
11-24 08:17:19.184  5349  5868 I AHE-HybridChannelController: Received EndEventResponseMessage:channelToken=140
11-24 08:17:19.184  5349  5868 I AHE-HybridChannelController: Ending response in client core stream (no active cloud core stream):streamId=134
11-24 08:17:19.184  8536  8536 D EMP_1.0.2272.0_CsmClientsCallbacksImpl: Invoked onResult for sending event
11-24 08:17:19.184  8536  8536 I EMP_1.0.2272.0_CsmClientsCallbacksImpl: Retrying.
11-24 08:17:19.185  8536  8536 I SPCH-QueueRequest: Retrying request (18) with a delay of (29620) ms
11-24 08:17:19.192  3223  3223 E FrameEvents: updateAcquireFence: Did not find frame.
11-24 08:17:19.209  3223  3223 I chatty  : uid=1000(system) /system/bin/surfaceflinger identical 1 line
11-24 08:17:19.225  3223  3223 E FrameEvents: updateAcquireFence: Did not find frame.
11-24 08:17:19.231  3448  3540 D WifiStateMachine:  ConnectedState !CMD_RSSI_POLL rt=1009436/1009436 1 0 "Mobile-US" 40:e3:d6:97:78:b0 rssi=-57 f=5220 sc=60 link=173 tx=6.2, 0.0, 0.0  rx=3.1 bcn=0 [on:0 tx:0 rx:0 period:3000] from screen [on:0 period:-93929473] score=60
11-24 08:17:19.232  3448  3540 D WifiStateMachine:  L2ConnectedState !CMD_RSSI_POLL rt=1009436/1009436 1 0 "Mobile-US" 40:e3:d6:97:78:b0 rssi=-57 f=5220 sc=60 link=173 tx=6.2, 0.0, 0.0  rx=3.1 bcn=0 [on:0 tx:0 rx:0 period:1] from screen [on:0 period:-93929472] score=60
11-24 08:17:19.232  3630  3917 W bt_btif : bta_hh_le_input_rpt_notify uuid=0x2a4d srv_handle=79 is_bl_svc_primary=1 rpt_id=1 len=3
11-24 08:17:19.233  3448  3531 I AmazonProfileService: Filter key event KEYCODE_DPAD_CENTER
11-24 08:17:19.233  3448  3531 I AmazonProfileService: Event is not filtered because feature flag is not set. KeyEvent = KEYCODE_DPAD_CENTER
11-24 08:17:19.233  3448  3531 I FireTVKeyPolicyManager: Dynamic key mapping has been enabled
11-24 08:17:19.233  3448  3531 I KeyMapManagerUtil: Unknown remote sku id 0. Fetch remote sku id from system property
11-24 08:17:19.233  3448  3531 D GenericKeyHandler: Generic key event mapping is not found for key 23 and sku id 0
11-24 08:17:19.233  3448  3531 D AppAdapterHandler: handleKeyEvent for keycode 23 and skuId = 0
11-24 08:17:19.233  3448  3531 D AppAdapterHandler: Application adapter for keycode 23 and skudId = 0 does not exist
11-24 08:17:19.233  3448  3531 I FireTVKeyPolicyManager: Dynamic key mapping key intercepted result 0
11-24 08:17:19.234  3448  3530 I AmazonPowerManagerVendorCallback: Other app is in foreground.
11-24 08:17:19.234  3448  3530 D AmzPhoneWindowManager: is 23 in key list = false
11-24 08:17:19.235  3448  3540 D WifiStateMachine: fetchRssiLinkSpeedAndFrequencyNative rssi=-57 linkspeed=173 freq=5220
11-24 08:17:19.235  3448  3540 V WifiConfigManager: Updating scan detail cache freq=5220 BSSID=40:e3:d6:97:78:b0 RSSI=-56 for "Mobile-US"WPA_PSK
11-24 08:17:19.240 11400 11421 D zoom    : width 640 height 480 fps 30
11-24 08:17:19.241  3261  3626 I CameraService: CameraService::connect call (PID -1 "com.example.encodetest", camera ID 0) for HAL version default and Camera API version 1
11-24 08:17:19.243 11400 11421 E MediaCodec: John [frameworks/av/media/libstagefright/MediaCodec.cpp MediaCodec 567]
11-24 08:17:19.243  3223  3223 E FrameEvents: updateAcquireFence: Did not find frame.
11-24 08:17:19.244 11400 11443 E MediaCodec: John 1116 2395 AMessage(what = 'init', target = 2) = {
11-24 08:17:19.244 11400 11443 E MediaCodec:       RefBase *codecInfo = 0xd9ae1280
11-24 08:17:19.244 11400 11443 E MediaCodec:       string name = "OMX.amlogic.video.encoder.avc"
11-24 08:17:19.244 11400 11443 E MediaCodec:       RefBase *replyID = 0x0
11-24 08:17:19.244 11400 11443 E MediaCodec:     }
11-24 08:17:19.244 11400 11443 E MediaCodec: John 1116 2404 AMessage(what = 0x00000000) = {
11-24 08:17:19.244 11400 11443 E MediaCodec:     }
11-24 08:17:19.245 11400 11444 I OMXClient: IOmx service obtained
11-24 08:17:19.245  3279  3347 I OMXMaster: makeComponentInstance(OMX.amlogic.video.encoder.avc) in omx@1.0-service process
11-24 08:17:19.245  3279  3347 D OmxComponentManagerImpl: support frame mode
11-24 08:17:19.245  3279  3347 D OmxComponentManagerImpl: getEntryByName_2_num=0, componentName:OMX.amlogic.video.encoder.avc
11-24 08:17:19.245  3279  3347 I AmlogicVideoAVCEncoder: ion_open sucess
11-24 08:17:19.246  3279  3347 D OmxVideoDecoder: drm use frame_mode
11-24 08:17:19.246  3279  3347 D OmxVideoDecoder: libsecmem.so is V2
11-24 08:17:19.246  3279  3347 E secmem_tz: [Secure_NegotiateVersion:479] Secure_NegotiateVersion 2 2 2 2 2 2
11-24 08:17:19.246  3279  3347 E secmem_tz: [Secure_NegotiateVersion:488] Negotiated secmem version = 2
11-24 08:17:19.246  3279  3347 I OmxVideoDecoder: we will use V2
11-24 08:17:19.246  3279  3347 W OmxLogConf: Can not read property media.omx.log_levels, using 0
11-24 08:17:19.246  3279  3347 D OmxComponentManagerImpl: IncreaseEntryNumByName pEntry->mNum=0, pEntry->mMaxNum:3,componentName:OMX.amlogic.video.encoder.avc
11-24 08:17:19.246  3279  3347 I omx_core: OMX_getHandle_num=1
11-24 08:17:19.246  3279  3347 D OmxComponent: mApkName=media.codec
11-24 08:17:19.250 11400 11421 E MediaCodec: John 11151800 AMessage(what = 0x00000000) = {
11-24 08:17:19.250 11400 11421 E MediaCodec:       int32_t color-format = 21
11-24 08:17:19.250 11400 11421 E MediaCodec:       int32_t i-frame-interval = 1
11-24 08:17:19.250 11400 11421 E MediaCodec:       int32_t level = 2048
11-24 08:17:19.250 11400 11421 E MediaCodec:       string mime = "video/avc"
11-24 08:17:19.250 11400 11421 E MediaCodec:       int32_t profile = 8
11-24 08:17:19.250 11400 11421 E MediaCodec:       int32_t width = 640
11-24 08:17:19.250 11400 11421 E MediaCodec:       int32_t bitrate-mode = 2
11-24 08:17:19.250 11400 11421 E MediaCodec:       int32_t bitrate = 20000000
11-24 08:17:19.250 11400 11421 E MediaCodec:       int32_t frame-rate = 30
11-24 08:17:19.250 11400 11421 E MediaCodec:       int32_t height = 480
11-24 08:17:19.250 11400 11421 E MediaCodec:     }
11-24 08:17:19.250 11400 11421 E MediaCodec: John [frameworks/av/media/libstagefright/MediaCodec.cpp configure 1067] w h 480 640
11-24 08:17:19.251 11400 11444 E ACodec  : John 11151800 AMessage(what = 'conf', target = 1) = {
11-24 08:17:19.251 11400 11444 E ACodec  :       int32_t color-format = 21
11-24 08:17:19.251 11400 11444 E ACodec  :       int32_t i-frame-interval = 1
11-24 08:17:19.251 11400 11444 E ACodec  :       int32_t level = 2048
11-24 08:17:19.251 11400 11444 E ACodec  :       string mime = "video/avc"
11-24 08:17:19.251 11400 11444 E ACodec  :       int32_t profile = 8
11-24 08:17:19.251 11400 11444 E ACodec  :       int32_t width = 640
11-24 08:17:19.251 11400 11444 E ACodec  :       int32_t bitrate-mode = 2
11-24 08:17:19.251 11400 11444 E ACodec  :       int32_t bitrate = 20000000
11-24 08:17:19.251 11400 11444 E ACodec  :       int32_t frame-rate = 30
11-24 08:17:19.251 11400 11444 E ACodec  :       int32_t height = 480
11-24 08:17:19.251 11400 11444 E ACodec  :       int32_t encoder = 1
11-24 08:17:19.251 11400 11444 E ACodec  :     }
11-24 08:17:19.251  3279  3347 D OmxComponent: getExtensionIndex 1127 name="OMX.google.android.index.enableAndroidNativeBuffers"
11-24 08:17:19.251  3279  3347 E OMXNodeInstance: setParameter(0xed7850bc:amlogic.encoder.avc, OMX.google.android.index.enableAndroidNativeBuffers(0x7f000000): Output:1 en=0) ERROR: UnsupportedIndex(0x8000101a)
11-24 08:17:19.251  3279  3347 D OmxComponent: getExtensionIndex 1127 name="OMX.google.android.index.allocateNativeHandle"
11-24 08:17:19.251  3279  3347 E OMXNodeInstance: setParameter(0xed7850bc:amlogic.encoder.avc, OMX.google.android.index.allocateNativeHandle(0x7f00000a): Output:1 en=0) ERROR: UnsupportedIndex(0x8000101a)
11-24 08:17:19.251  3279  3347 D OmxComponent: getExtensionIndex 1127 name="OMX.google.android.index.storeANWBufferInMetadata"
11-24 08:17:19.251  3279  3347 D OmxComponent: getExtensionIndex 1127 name="OMX.google.android.index.storeMetaDataInBuffers"
11-24 08:17:19.251  3279  3347 E OmxVideoEncoder: setParameter: StoreMetadataInBuffersParams.nPortIndex not input port!
11-24 08:17:19.251  3279  3347 E OMXNodeInstance: setParameter(0xed7850bc:amlogic.encoder.avc, OMX.google.android.index.storeMetaDataInBuffers(0x7f000002): Output:1 en=0 type=1) ERROR: BadPortIndex(0x8000101b)
11-24 08:17:19.251 11400 11444 E ACodec  : John1900 [frameworks/av/media/libstagefright/ACodec.cpp configureCodec 2084] video/avc
11-24 08:17:19.251 11400 11444 E ACodec  : John1900 AMessage(what = 'conf', target = 1) = {
11-24 08:17:19.251 11400 11444 E ACodec  :       int32_t color-format = 21
11-24 08:17:19.251 11400 11444 E ACodec  :       int32_t i-frame-interval = 1
11-24 08:17:19.251 11400 11444 E ACodec  :       int32_t level = 2048
11-24 08:17:19.251 11400 11444 E ACodec  :       string mime = "video/avc"
11-24 08:17:19.251 11400 11444 E ACodec  :       int32_t profile = 8
11-24 08:17:19.251 11400 11444 E ACodec  :       int32_t width = 640
11-24 08:17:19.251 11400 11444 E ACodec  :       int32_t bitrate-mode = 2
11-24 08:17:19.251 11400 11444 E ACodec  :       int32_t bitrate = 20000000
11-24 08:17:19.251 11400 11444 E ACodec  :       int32_t frame-rate = 30
11-24 08:17:19.251 11400 11444 E ACodec  :       int32_t height = 480
11-24 08:17:19.251 11400 11444 E ACodec  :       int32_t encoder = 1
11-24 08:17:19.251 11400 11444 E ACodec  :     }
11-24 08:17:19.251 11400 11444 E ACodec  : John1900 AMessage(what = 0x00000000) = {
11-24 08:17:19.251 11400 11444 E ACodec  :       int32_t bitrate = 20000000
11-24 08:17:19.251 11400 11444 E ACodec  :       int32_t max-bitrate = 20000000
11-24 08:17:19.251 11400 11444 E ACodec  :     }
11-24 08:17:19.251 11400 11444 E ACodec  : John1900 AMessage(what = 0x00000000) = {
11-24 08:17:19.251 11400 11444 E ACodec  :     }
11-24 08:17:19.252  3279  3347 D OmxComponent: getExtensionIndex 1127 name="OMX.google.android.index.describeColorFormat"
11-24 08:17:19.252  3279  3347 D OmxComponent: getExtensionIndex 1127 name="OMX.google.android.index.storeMetaDataInBuffers"
11-24 08:17:19.252  3279  3347 D OmxComponent: getExtensionIndex 1127 name="OMX.google.android.index.storeANWBufferInMetadata"
11-24 08:17:19.252  3279  3347 D OmxComponent: getExtensionIndex 1127 name="OMX.google.android.index.prepareForAdaptivePlayback"
11-24 08:17:19.252  3279  3347 D OmxComponent: getExtensionIndex 1127 name="OMX.google.android.index.configureVideoTunnelMode"
11-24 08:17:19.252  3279  3347 D OmxComponent: getExtensionIndex 1127 name="OMX.google.android.index.useAndroidNativeBuffer2"
11-24 08:17:19.252  3279  3347 D OmxComponent: getExtensionIndex 1127 name="OMX.google.android.index.useAndroidNativeBuffer"
11-24 08:17:19.252  3279  3347 D OmxComponent: getExtensionIndex 1127 name="OMX.google.android.index.enableAndroidNativeBuffers"
11-24 08:17:19.252  3279  3347 D OmxComponent: getExtensionIndex 1127 name="OMX.google.android.index.allocateNativeHandle"
11-24 08:17:19.252  3279  3347 D OmxComponent: getExtensionIndex 1127 name="OMX.google.android.index.getAndroidNativeBufferUsage"
11-24 08:17:19.253  3279  3347 D OmxComponent: getExtensionIndex 1127 name="OMX.google.android.index.describeColorFormat"
11-24 08:17:19.254 11400 11444 E ACodec  : John [frameworks/av/media/libstagefright/ACodec.cpp setupAVCEncoderParameters 4361] iFrameInterval 1.000000
11-24 08:17:19.254 11400 11444 E ACodec  : John1900 [frameworks/av/media/libstagefright/ACodec.cpp configureCodec 2092] err -61
11-24 08:17:19.254 11400 11444 E ACodec  : John1900 [frameworks/av/media/libstagefright/ACodec.cpp configureCodec 2098] err -61
11-24 08:17:19.254 11400 11444 E ACodec  : [OMX.amlogic.video.encoder.avc] configureCodec returning error -61
11-24 08:17:19.254 11400 11444 E ACodec  : signalError(omxError 0x80001001, internalError -61)
11-24 08:17:19.254 11400 11443 E MediaCodec: Codec reported err 0xffffffc3, actionCode 0, while in state 3
11-24 08:17:19.254 11400 11443 I MediaCodecLogger: com.example.encodetest..DecoderErrorFatal = 1
11-24 08:17:19.248 11400 11400 W MediaCodec_loop: type=1400 audit(0.0:617): avc: denied { read } for name="u:object_r:media_prop:s0" dev="tmpfs" ino=1643 scontext=u:r:untrusted_app:s0:c248,c256,c512,c768 tcontext=u:object_r:media_prop:s0 tclass=file permissive=0
11-24 08:17:19.255 11400 11443 E libc    : Access denied finding property "media.metrics.enabled"
11-24 08:17:19.256 11400 11421 E MediaCodec: John 1116 AMessage(what = 'conf', target = 2) = {
11-24 08:17:19.256 11400 11421 E MediaCodec:       AMessage format = AMessage(what = 'conf', target = 1) = {
11-24 08:17:19.256 11400 11421 E MediaCodec:                           int32_t color-format = 21
11-24 08:17:19.256 11400 11421 E MediaCodec:                           int32_t i-frame-interval = 1
11-24 08:17:19.256 11400 11421 E MediaCodec:                           int32_t level = 2048
11-24 08:17:19.256 11400 11421 E MediaCodec:                           string mime = "video/avc"
11-24 08:17:19.256 11400 11421 E MediaCodec:                           int32_t profile = 8
11-24 08:17:19.256 11400 11421 E MediaCodec:                           int32_t width = 640
11-24 08:17:19.256 11400 11421 E MediaCodec:                           int32_t bitrate-mode = 2
11-24 08:17:19.256 11400 11421 E MediaCodec:                           int32_t bitrate = 20000000
11-24 08:17:19.256 11400 11421 E MediaCodec:                           int32_t frame-rate = 30
11-24 08:17:19.256 11400 11421 E MediaCodec:                           int32_t height = 480
11-24 08:17:19.256 11400 11421 E MediaCodec:                           int32_t encoder = 1
11-24 08:17:19.256 11400 11421 E MediaCodec:                         }
11-24 08:17:19.256 11400 11421 E MediaCodec:       int32_t flags = 1
11-24 08:17:19.256 11400 11421 E MediaCodec:       RefBase *surface = 0x0
11-24 08:17:19.256 11400 11421 E MediaCodec:       RefBase *replyID = 0x0
11-24 08:17:19.256 11400 11421 E MediaCodec:     }
11-24 08:17:19.256 11400 11421 E MediaCodec: John 1116 AMessage(what = 0x00000000) = {
11-24 08:17:19.256 11400 11421 E MediaCodec:       int32_t err = -61
11-24 08:17:19.256 11400 11421 E MediaCodec:     }
11-24 08:17:19.257 11400 11421 E MediaCodec: configure failed with err 0xffffffc3, resetting...
11-24 08:17:19.257  3279  3347 D OmxComponentManagerImpl: DecreaseEntryNumByName pEntry->mNum=1, pEntry->mMaxNum:3,componentName:OMX.amlogic.video.encoder.avc
11-24 08:17:19.257  3279  3347 I omx_core: OMX_freeHandle_num_= 0
11-24 08:17:19.257  3279  3347 D OmxVideoEncoder: ~OmxVideoEncoder
11-24 08:17:19.259 11400 11443 E MediaCodec: John 1116 2395 AMessage(what = 'init', target = 5) = {
11-24 08:17:19.259 11400 11443 E MediaCodec:       RefBase *codecInfo = 0xd9ae1280
11-24 08:17:19.259 11400 11443 E MediaCodec:       string name = "OMX.amlogic.video.encoder.avc"
11-24 08:17:19.259 11400 11443 E MediaCodec:       RefBase *replyID = 0x0
11-24 08:17:19.259 11400 11443 E MediaCodec:     }
11-24 08:17:19.259 11400 11443 E MediaCodec: John 1116 2404 AMessage(what = 0x00000000) = {
11-24 08:17:19.259 11400 11443 E MediaCodec:     }
11-24 08:17:19.259  3223  3223 E FrameEvents: updateAcquireFence: Did not find frame.
11-24 08:17:19.260 11400 11444 I OMXClient: IOmx service obtained
11-24 08:17:19.260  3279  3347 I OMXMaster: makeComponentInstance(OMX.amlogic.video.encoder.avc) in omx@1.0-service process
11-24 08:17:19.260  3279  3347 D OmxComponentManagerImpl: support frame mode
11-24 08:17:19.260  3279  3347 D OmxComponentManagerImpl: getEntryByName_2_num=0, componentName:OMX.amlogic.video.encoder.avc
11-24 08:17:19.260  3279  3347 I AmlogicVideoAVCEncoder: ion_open sucess
11-24 08:17:19.260  3279  3347 D OmxVideoDecoder: drm use frame_mode
11-24 08:17:19.260  3279  3347 D OmxVideoDecoder: libsecmem.so is V2
11-24 08:17:19.260  3279  3347 E secmem_tz: [Secure_NegotiateVersion:479] Secure_NegotiateVersion 2 2 2 2 2 2
11-24 08:17:19.260  3279  3347 E secmem_tz: [Secure_NegotiateVersion:488] Negotiated secmem version = 2
11-24 08:17:19.260  3279  3347 I OmxVideoDecoder: we will use V2
11-24 08:17:19.261  3279  3347 W OmxLogConf: Can not read property media.omx.log_levels, using 0
11-24 08:17:19.261  3279  3347 D OmxComponentManagerImpl: IncreaseEntryNumByName pEntry->mNum=0, pEntry->mMaxNum:3,componentName:OMX.amlogic.video.encoder.avc
11-24 08:17:19.261  3279  3347 I omx_core: OMX_getHandle_num=1
11-24 08:17:19.261  3279  3347 D OmxComponent: mApkName=media.codec
11-24 08:17:19.263 11400 11421 E AndroidRuntime: FATAL EXCEPTION: record
11-24 08:17:19.263 11400 11421 E AndroidRuntime: Process: com.example.encodetest, PID: 11400
11-24 08:17:19.263 11400 11421 E AndroidRuntime: android.media.MediaCodec$CodecException: Error 0xffffffc3
11-24 08:17:19.263 11400 11421 E AndroidRuntime: 	at android.media.MediaCodec.native_configure(Native Method)
11-24 08:17:19.263 11400 11421 E AndroidRuntime: 	at android.media.MediaCodec.configure(MediaCodec.java:1960)
11-24 08:17:19.263 11400 11421 E AndroidRuntime: 	at android.media.MediaCodec.configure(MediaCodec.java:1889)
11-24 08:17:19.263 11400 11421 E AndroidRuntime: 	at com.example.encodetest.HardwareEncoder.createEncoder(HardwareEncoder.java:118)
11-24 08:17:19.263 11400 11421 E AndroidRuntime: 	at com.example.encodetest.HardwareEncoder.configureLegacy(HardwareEncoder.java:38)
11-24 08:17:19.263 11400 11421 E AndroidRuntime: 	at com.example.encodetest.MainActivity$RecordThread.handleMessage(MainActivity.java:192)
11-24 08:17:19.263 11400 11421 E AndroidRuntime: 	at android.os.Handler.dispatchMessage(Handler.java:102)
11-24 08:17:19.263 11400 11421 E AndroidRuntime: 	at android.os.Looper.loop(Looper.java:193)
11-24 08:17:19.263 11400 11421 E AndroidRuntime: 	at android.os.HandlerThread.run(HandlerThread.java:65)
11-24 08:17:19.273  3448  3460 W ActivityManager:   Force finishing activity com.example.encodetest/.MainActivity
11-24 08:17:19.275  3448 11450 I CrashReporterActivityManagerCallback: addErrorToDropBox inserted hashcode=468988fcffdffbc5cf99a567fe712231f5831ad9 for eventType crash.
11-24 08:17:19.275  3448 11450 E SELinux : avc:  denied  { log_internal_metric } for  scontext=u:r:untrusted_app_25:s0:c512,c768 tcontext=u:r:system_server:s0 tclass=amazon_policies permissive=0
11-24 08:17:19.276  3223  3223 E FrameEvents: updateAcquireFence: Did not find frame.
11-24 08:17:19.276  3448  3460 I AmazonPowerManagerVendorCallback: Other app is in foreground.
11-24 08:17:19.279  3448 11450 E SELinux : avc:  denied  { log_internal_metric } for  scontext=u:r:untrusted_app_25:s0:c512,c768 tcontext=u:r:system_server:s0 tclass=amazon_policies permissive=0
11-24 08:17:19.280 11400 11421 I Process : Sending signal. PID: 11400 SIG: 9
11-24 08:17:19.292  3223  3223 E FrameEvents: updateAcquireFence: Did not find frame.
11-24 08:17:19.304  3220  3916 D AudioFlinger: mixer(0xef903bc0) throttle end: throttle time(30)
11-24 08:17:19.312  3206  4593 I DolbyAudioStreamOut: getLatency() Total latency:305ms (Downstream:77ms, DMA:158ms, tuning:70ms, tuningBT:0ms), input format:0x1, sink:0x400, UxOutSetting:0, CurOutFormat:0xa000000
11-24 08:17:19.320  3206  4593 I DolbyAudioStreamOut: getLatency() Total latency:313ms (Downstream:85ms, DMA:158ms, tuning:70ms, tuningBT:0ms), input format:0x1, sink:0x400, UxOutSetting:0, CurOutFormat:0xa000000
11-24 08:17:19.321  5575  5806 D WakeWordService: event audio_playback with value 1and decoderId WakeWordService_input_decoder has been pushed into Pryon
11-24 08:17:19.329  3206  4593 I DolbyAudioStreamOut: getLatency() Total latency:305ms (Downstream:77ms, DMA:158ms, tuning:70ms, tuningBT:0ms), input format:0x1, sink:0x400, UxOutSetting:0, CurOutFormat:0xa000000
11-24 08:17:19.349  3279  3347 E OMXNodeInstance: !!! Observer died. Quickly, do something, ... anything...
11-24 08:17:19.349  3448  3530 W InputDispatcher: channel '7e0e8ad com.example.encodetest/com.example.encodetest.MainActivity (server)' ~ Consumer closed input channel or an error occurred.  events=0x9
11-24 08:17:19.349  3279  3347 D OmxComponentManagerImpl: DecreaseEntryNumByName pEntry->mNum=1, pEntry->mMaxNum:3,componentName:OMX.amlogic.video.encoder.avc
11-24 08:17:19.349  3279  3347 I omx_core: OMX_freeHandle_num_= 0
11-24 08:17:19.349  3448  3530 E InputDispatcher: channel '7e0e8ad com.example.encodetest/com.example.encodetest.MainActivity (server)' ~ Channel is unrecoverably broken and will be disposed!
11-24 08:17:19.349  3279  3347 D OmxVideoEncoder: ~OmxVideoEncoder
11-24 08:17:19.352  3448  4017 I ActivityManager: Process com.example.encodetest (pid 11400) has died: fore TOP 
11-24 08:17:19.352  3448  3625 I WindowManager: WIN DEATH: Window{7e0e8ad u0 com.example.encodetest/com.example.encodetest.MainActivity}
11-24 08:17:19.353  3448  3625 W InputDispatcher: Attempted to unregister already unregistered input channel '7e0e8ad com.example.encodetest/com.example.encodetest.MainActivity (server)'
11-24 08:17:19.353  3448  3469 W libprocessgroup: kill(-11400, 9) failed: No such process
11-24 08:17:19.353  3448  3469 I libprocessgroup: Successfully killed process cgroup uid 10248 pid 11400 in 0ms
11-24 08:17:19.353  3448  4017 E SELinux : avc:  denied  { log_internal_metric } for  scontext=u:r:untrusted_app_25:s0:c512,c768 tcontext=u:r:system_server:s0 tclass=amazon_policies permissive=0
11-24 08:17:19.353  3142  3142 I Zygote  : Process 11400 exited due to signal (9)
11-24 08:17:19.356  3448  3588 W Eve     : Lmk did not kill com.example.encodetest
11-24 08:17:19.357  3190  3335 D MesonHwc: Hwc2Display::destroyLayer inLayer:115
11-24 08:17:19.358  3190  3335 D MesonHwc: Hwc2Display::destroyLayer inLayer:628
11-24 08:17:19.359  3190  3335 D MesonHwc: Hwc2Display::createLayer *outLayer:117
11-24 08:17:19.364  3223  3879 W SurfaceFlinger: Attempting to set client state on removed layer: com.example.encodetest/com.example.encodetest.MainActivity#0
11-24 08:17:19.364  3223  3879 W SurfaceFlinger: Attempting to destroy on removed layer: com.example.encodetest/com.example.encodetest.MainActivity#0
11-24 08:17:19.368  3206  4593 I DolbyAudioStreamOut: getLatency() Total latency:309ms (Downstream:81ms, DMA:158ms, tuning:70ms, tuningBT:0ms), input format:0x1, sink:0x400, UxOutSetting:0, CurOutFormat:0xa000000
11-24 08:17:19.374  3190  3335 D MesonHwc: Hwc2Display::destroyLayer inLayer:117
11-24 08:17:19.375  3190  3335 V MesonHwc: No layers to compose, exit.
11-24 08:17:19.377  3206  4593 I DolbyAudioStreamOut: getLatency() Total latency:304ms (Downstream:76ms, DMA:158ms, tuning:70ms, tuningBT:0ms), input format:0x1, sink:0x400, UxOutSetting:0, CurOutFormat:0xa000000
11-24 08:17:19.377  3206  4593 I DolbyAudioStreamOut: getLatency() Total latency:313ms (Downstream:85ms, DMA:158ms, tuning:70ms, tuningBT:0ms), input format:0x1, sink:0x400, UxOutSetting:0, CurOutFormat:0xa000000
11-24 08:17:19.380  3448  3579 D AmazonUsageStatsService: Package open received in screen On state:com.amazon.tv.settings.v2
11-24 08:17:19.381  3448  3579 D AmazonUsageStatsService: In writeSnapshotToDatabase()
11-24 08:17:19.381  3448  3579 D AmazonUsageStatsService: Exiting writeSnapshotToDatabase; last write <5 mins ago.
11-24 08:17:19.381  3448  3579 E SELinux : avc:  denied  { log_internal_metric } for  scontext=u:r:untrusted_app_25:s0:c512,c768 tcontext=u:r:system_server:s0 tclass=amazon_policies permissive=0
11-24 08:17:19.383  3448  3579 I AmazonProfileService: Active profile for the application com.amazon.tv.settings.v2 not present.
11-24 08:17:19.383  3448  3579 I AmazonProfileService: Returning active profile for programId = PCA_FIRE_TV
11-24 08:17:19.384  3448  3474 W ActivityManager: setHasOverlayUi called on unknown pid: 11400
11-24 08:17:19.386  6008  6008 D AVL:AVLManagerService: Received onActivityResume
11-24 08:17:19.386  5349  5682 I AlexaAppAgent_2.0.350.0_ForegroundApplicationChangeReporter: onActivityResume called for Reporter
11-24 08:17:19.386  6008  6008 D AVL:OrdinalManager: Clearing Ordinal info
11-24 08:17:19.386  3206  3206 D DolbyAudioHwDeviceProxy: setParameters(0xf1f52300): continuous_audio_mode=0
11-24 08:17:19.386  6008  6008 D AVL:OrdinalManager: dismissing overlay service
11-24 08:17:19.386  3206  3206 I AudioALSAHardware: +setParameters(): continuous_audio_mode=0
11-24 08:17:19.386  3206  3206 W AudioALSAHardware: setParameters(), still have param.size() = 1, remain param = "continuous_audio_mode=0"
11-24 08:17:19.386  3206  3206 D AudioALSAHardware: -setParameters(): continuous_audio_mode=0 
11-24 08:17:19.386  3206  4593 I DolbyAudioStreamOut: getLatency() Total latency:311ms (Downstream:83ms, DMA:158ms, tuning:70ms, tuningBT:0ms), input format:0x1, sink:0x400, UxOutSetting:0, CurOutFormat:0xa000000
11-24 08:17:19.386  3206  4593 I DolbyAudioStreamOut: getLatency() Total latency:313ms (Downstream:85ms, DMA:158ms, tuning:70ms, tuningBT:0ms), input format:0x1, sink:0x400, UxOutSetting:0, CurOutFormat:0xa000000
11-24 08:17:19.387  3206  4371 D DolbyAudioHwDeviceProxy: setParameters(0xf38dc180): continuous_audio_mode=0
11-24 08:17:19.387  3220  3847 D DolbyAudioHwDeviceProxy: setParameters(0xf152c000): continuous_audio_mode=0
11-24 08:17:19.388  3206  3206 D DolbyAudioHwDeviceProxy: getParameters(0xf1f52300): hdmi_output_channel_mode
11-24 08:17:19.388  6008  6008 I AVL:AVLManagerService: Setting package name: com.amazon.tv.settings.v2
11-24 08:17:19.388  3206  3206 I DolbyAudioParameters: getParameters() return hdmi_output_channel_mode=0
11-24 08:17:19.388  5349  5682 I AlexaAppAgent_2.0.350.0_ForegroundApplicationChangeReporter: Transition from non-VSK app1 to non-VSK app2, skipping foreground state report
11-24 08:17:19.388  3206  4371 D DolbyAudioHwDeviceProxy: getParameters(0xf38dc180): hdmi_output_channel_mode
11-24 08:17:19.388  3206  4371 I DolbyAudioParameters: getParameters() return hdmi_output_channel_mode=0
11-24 08:17:19.389  3220  3552 D DolbyAudioHwDeviceProxy: getParameters(0xf152c000): hdmi_output_channel_mode;
11-24 08:17:19.389  6008  6008 D AVL:AVLManagerService: Sending app launch signal
11-24 08:17:19.389  3220  3552 I DolbyAudioParameters: getParameters() return hdmi_output_channel_mode=0
11-24 08:17:19.389  6008  6008 I AVL:RemoteConfigData: Could not find value for key:Cues.CriteriaThresholds.RecentVoiceInteractionInMilliseconds in Arcus. Using default value.
11-24 08:17:19.389  6008  6008 D AVL:CuesEngine: Milliseconds since last voice interaction is 1606223839389, threshold is 5000
11-24 08:17:19.389  6008  6092 I AVL:AVLManagerService: handling : 0
11-24 08:17:19.390  5349  5349 I Vizzini_2.0.8797.0:ExternalPlaybackStateManager: Media State Update: CODEC_STATE_DETECTION is INACTIVE
11-24 08:17:19.390  5349  5349 I Vizzini_2.0.8797.0:ExternalPlaybackStateManager: MediaStatus inactive or no media states to get context from.
11-24 08:17:19.390  5349  5349 D Vizzini_2.0.8797.0:ExternalPlaybackStateManager: Providing Media Context: null
11-24 08:17:19.390  5349  5349 I Vizzini_2.0.8797.0:ExternalPlaybackStateManager: No active media, removing LocalMediaPlayerStateContext
11-24 08:17:19.390  5349  5349 I Vizzini_2.0.8797.0:AlexaContextClient: Removing device context namespace: LocalMediaPlayer, name: PlaybackState
11-24 08:17:19.390  3448  3474 D AmazonProfileService: onActivityResume, mDefaultProgramId = PCA_FIRE_TV
11-24 08:17:19.390  3448  3474 D AmazonProfileService: onActivityResume, packageName = com.amazon.tv.settings.v2
11-24 08:17:19.390  3448  3474 D AmazonProfileService: sendHudBroadcastIfNeeded hudComponentClassName: com.amazon.tv.settings.v2.tv.applications.ApplicationsActivity
11-24 08:17:19.390  5349  5349 I SPCH-SIM_SimDeviceContextContract: removeDeviceContext(LocalMediaPlayer, PlaybackState)
11-24 08:17:19.390  3448  3474 D AmazonProfileService: Package com.amazon.tv.settings.v2 is a System App
11-24 08:17:19.391  3448  3474 V MouseModeService: packageName=com.amazon.tv.settings.v2 activityName= mouseModeEnabled=false
11-24 08:17:19.392  5349  5879 I SPCH-SIM_SimStateMachine: Got DeviceContextEvent in IgnoreWhileDisconnectedState
11-24 08:17:19.392  6008  6092 I AVL:ManifestMetadata: Manifest metadata queried for package :com.amazon.tv.settings.v2
11-24 08:17:19.392  5349  5879 I BaseContextManager: Removing device context = [namespace=LocalMediaPlayer, name=PlaybackState]
11-24 08:17:19.393  5349  5349 I Vizzini_2.0.8797.0:ExternalPlaybackStateManager: Focus already cleared
11-24 08:17:19.395  6008  6092 D AVL:AVLMetadataHelper: Manifest Capabilities available : null
11-24 08:17:19.395  3206  4593 I DolbyAudioStreamOut: getLatency() Total latency:305ms (Downstream:77ms, DMA:158ms, tuning:70ms, tuningBT:0ms), input format:0x1, sink:0x400, UxOutSetting:0, CurOutFormat:0xa000000
