11-24 08:17:17.563  3448  3579 D AmazonUsageStatsService: Package open received in screen On state:com.amazon.tv.settings.v2
11-24 08:17:17.563  3448  3579 D AmazonUsageStatsService: In writeSnapshotToDatabase()
11-24 08:17:17.563  3448  3579 D AmazonUsageStatsService: Exiting writeSnapshotToDatabase; last write <5 mins ago.
11-24 08:17:17.564  3448  3579 E SELinux : avc:  denied  { log_internal_metric } for  scontext=u:r:untrusted_app_25:s0:c512,c768 tcontext=u:r:system_server:s0 tclass=amazon_policies permissive=0
11-24 08:17:17.567  3448  3579 I AmazonProfileService: Active profile for the application com.amazon.tv.settings.v2 not present.
11-24 08:17:17.567  3448  3579 I AmazonProfileService: Returning active profile for programId = PCA_FIRE_TV
11-24 08:17:17.567  3448  3474 W ActivityManager: setHasOverlayUi called on unknown pid: 11323
11-24 08:17:17.568  5349  5349 D Vizzini_2.0.8797.0:ForegroundAppHelper: [Debug Builds Only] Foreground App: [PackageName=com.amazon.tv.settings.v2], [SystemApp=true], [CSMParticipant=true]
11-24 08:17:17.568  5349  5349 I Vizzini_2.0.8797.0:ExternalPlaybackStateManager: Focus already cleared
11-24 08:17:17.568  3206  3418 D DolbyAudioHwDeviceProxy: setParameters(0xf1f52300): continuous_audio_mode=0
11-24 08:17:17.569  3206  3418 I AudioALSAHardware: +setParameters(): continuous_audio_mode=0
11-24 08:17:17.569  5349  5349 D Vizzini_2.0.8797.0:InstaHintsRetriever: ForegroundApp Changed:com.amazon.tv.settings.v2
11-24 08:17:17.569  3206  3418 W AudioALSAHardware: setParameters(), still have param.size() = 1, remain param = "continuous_audio_mode=0"
11-24 08:17:17.569  3206  3418 D AudioALSAHardware: -setParameters(): continuous_audio_mode=0 
11-24 08:17:17.569  5349  5349 I Vizzini_2.0.8797.0:WindowInstanceManager: Dismissing partial screen due to activity change
11-24 08:17:17.569  5349  5349 D Vizzini_2.0.8797.0:PartialScreenDismisser: Not dismissing partial screens because it's not active.
11-24 08:17:17.569  3206  3418 D DolbyAudioHwDeviceProxy: setParameters(0xf38dc180): continuous_audio_mode=0
11-24 08:17:17.569  5349  5404 D Dcm1pAdapter: Instantiating an impl instance of DCM MetricsFacotry.
11-24 08:17:17.569  5349  5404 D Dcm1pAdapter: Instantiating an impl instance of DCM MetricsFacotry.
11-24 08:17:17.570  6008  6008 D AVL:AVLManagerService: Received onActivityResume
11-24 08:17:17.570  5349  5682 I AlexaAppAgent_2.0.350.0_ForegroundApplicationChangeReporter: onActivityResume called for Reporter
11-24 08:17:17.570  6008  6008 D AVL:OrdinalManager: Clearing Ordinal info
11-24 08:17:17.570  6008  6008 D AVL:OrdinalManager: dismissing overlay service
11-24 08:17:17.570  5349  5404 D Dcm1pAdapter: Instantiating an impl instance of DCM MetricsFacotry.
11-24 08:17:17.571  5349  5682 I AlexaAppAgent_2.0.350.0_ForegroundApplicationChangeReporter: Transition from non-VSK app1 to non-VSK app2, skipping foreground state report
11-24 08:17:17.571  5349 10927 D AppStateReporter:ApplicationStateReporter: application payload:{"foregroundApplication":{"id":"com.amazon.tv.settings.v2","metadata":{"categories":["OTHER"],"isVisible":true},"type":"android","version":"615058600"}}
11-24 08:17:17.572  3220  3847 D DolbyAudioHwDeviceProxy: setParameters(0xf152c000): continuous_audio_mode=0
11-24 08:17:17.573  3190  3335 V MesonHwc: No layers to compose, exit.
11-24 08:17:17.573  5349 10927 D BaseDeviceContextContract: Creating context Alexa.ApplicationStateReporter.ForegroundApplication for caller com.amazon.vizzini and timeOfSample 2020-11-24T13:17:17.573Z
11-24 08:17:17.574  6008  6008 I AVL:AVLManagerService: Setting package name: com.amazon.tv.settings.v2
11-24 08:17:17.574  5349  5879 I SPCH-SIM_SimStateMachine: Got DeviceContextEvent in IgnoreWhileDisconnectedState
11-24 08:17:17.574  5349 10927 D SPCH-SIM_StackTraceHelper: Invoking pkg 
11-24 08:17:17.575  5349  5879 D BaseContextManager: Adding deviceContext Alexa.ApplicationStateReporter.ForegroundApplication. Changed? true Hard Update? true Payload is {"foregroundApplication":{"id":"com.amazon.tv.settings.v2","metadata":{"categories":["OTHER"],"isVisible":true},"type":"android","version":"615058600"}}
11-24 08:17:17.575  5349  5879 I CSM-ProactiveReporter: Context with namespace Alexa.ApplicationStateReporter whitelisted? false. Cloud-configured whitelist? false
11-24 08:17:17.575  6008  6008 D AVL:AVLManagerService: Sending app launch signal
11-24 08:17:17.575  6008  6092 I AVL:AVLManagerService: handling : 0
11-24 08:17:17.575  6008  6008 I AVL:RemoteConfigData: Could not find value for key:Cues.CriteriaThresholds.RecentVoiceInteractionInMilliseconds in Arcus. Using default value.
11-24 08:17:17.575  6008  6008 D AVL:CuesEngine: Milliseconds since last voice interaction is 1606223837575, threshold is 5000
11-24 08:17:17.576  3206  3418 D DolbyAudioHwDeviceProxy: getParameters(0xf1f52300): hdmi_output_channel_mode
11-24 08:17:17.576  3206  3418 I DolbyAudioParameters: getParameters() return hdmi_output_channel_mode=0
11-24 08:17:17.576  3206  4593 I DolbyAudioStreamOut: getLatency() Total latency:309ms (Downstream:81ms, DMA:158ms, tuning:70ms, tuningBT:0ms), input format:0x1, sink:0x400, UxOutSetting:0, CurOutFormat:0xa000000
11-24 08:17:17.576  3206  4371 D DolbyAudioHwDeviceProxy: getParameters(0xf38dc180): hdmi_output_channel_mode
11-24 08:17:17.576  3206  4371 I DolbyAudioParameters: getParameters() return hdmi_output_channel_mode=0
11-24 08:17:17.577  3220  3552 D DolbyAudioHwDeviceProxy: getParameters(0xf152c000): hdmi_output_channel_mode;
11-24 08:17:17.577  3220  3552 I DolbyAudioParameters: getParameters() return hdmi_output_channel_mode=0
11-24 08:17:17.577  6008  6092 I AVL:ManifestMetadata: Manifest metadata queried for package :com.amazon.tv.settings.v2
11-24 08:17:17.577  3448  3474 D AmazonProfileService: onActivityResume, mDefaultProgramId = PCA_FIRE_TV
11-24 08:17:17.578  3448  3474 D AmazonProfileService: onActivityResume, packageName = com.amazon.tv.settings.v2
11-24 08:17:17.578  3448  3474 D AmazonProfileService: sendHudBroadcastIfNeeded hudComponentClassName: com.amazon.tv.settings.v2.tv.applications.ApplicationsActivity
11-24 08:17:17.578  5349  5349 I Vizzini_2.0.8797.0:ExternalPlaybackStateManager: Media State Update: CODEC_STATE_DETECTION is INACTIVE
11-24 08:17:17.578  5349  5879 I SPCH-SIM_SimStateMachine: Got CapabilityCheckEvent in IgnoreWhileDisconnectedState
11-24 08:17:17.578  5349  5349 I Vizzini_2.0.8797.0:ExternalPlaybackStateManager: MediaStatus inactive or no media states to get context from.
11-24 08:17:17.578  5349  5349 D Vizzini_2.0.8797.0:ExternalPlaybackStateManager: Providing Media Context: null
11-24 08:17:17.578  5349  5349 I Vizzini_2.0.8797.0:ExternalPlaybackStateManager: No active media, removing LocalMediaPlayerStateContext
11-24 08:17:17.578  5349  5349 I Vizzini_2.0.8797.0:AlexaContextClient: Removing device context namespace: LocalMediaPlayer, name: PlaybackState
11-24 08:17:17.579  3448  3474 D AmazonProfileService: Package com.amazon.tv.settings.v2 is a System App
11-24 08:17:17.580  3448  3474 V MouseModeService: packageName=com.amazon.tv.settings.v2 activityName= mouseModeEnabled=false
11-24 08:17:17.580  6008  6095 I AVL:Utils: App : com.example.encodetest, neither installed from AppStore nor an system app. Returning anonymized package name
11-24 08:17:17.581  6008  6092 D AVL:AVLMetadataHelper: Manifest Capabilities available : null
11-24 08:17:17.581  6008  6092 I AVL:AVLManagerService: App certification whitelist status : false
11-24 08:17:17.581  6008  6095 D AVL:AppLaunchSignalProc: Processing signal for app launch
11-24 08:17:17.581  6008  6092 I AVL:UIManager: Clearing UINodesInfo. Size before clearing: 0
11-24 08:17:17.581  6008  6092 D AVL:AVLManagerService: isWhitelisted:false, canStartVIF:false
11-24 08:17:17.581  6008  6092 D AVL:AVLManagerService: Configuring AVL Status:currentPackageName: com.amazon.tv.settings.v2 isAppWhitelisted: false canStartVIF: false
11-24 08:17:17.579  5349  5349 I SPCH-SIM_SimDeviceContextContract: removeDeviceContext(LocalMediaPlayer, PlaybackState)
11-24 08:17:17.582  6008  6092 D AVL:VoiceInteractionUti: VoiceInteractionService already disabled!
11-24 08:17:17.582  6008  6095 I ...e.LocalKeyValueStore: Create DE shared preference, OS supports direct boot.
11-24 08:17:17.582  6008  6092 D AVL:AVLManagerService: Adding device context for DPAD.
11-24 08:17:17.583  6008  6095 D ...tark/PlatformWrapper: User is locked in direct boot mode: false
11-24 08:17:17.583  3751 11395 D NL_NaatyamDAO: Naatyam Provider disabled; Not a partner managed device
11-24 08:17:17.584  6008  6095 D ...ork.GenericIPCSender: com.amazon.avl.stark try get ipc provider out of direct mode for GetAccountAction
11-24 08:17:17.584  3206  4593 I DolbyAudioStreamOut: getLatency() Total latency:305ms (Downstream:77ms, DMA:158ms, tuning:70ms, tuningBT:0ms), input format:0x1, sink:0x400, UxOutSetting:0, CurOutFormat:0xa000000
11-24 08:17:17.585  5349  5349 I Vizzini_2.0.8797.0:ExternalPlaybackStateManager: Focus already cleared
11-24 08:17:17.585  5349  5879 I SPCH-SIM_SimStateMachine: Got DeviceContextEvent in IgnoreWhileDisconnectedState
11-24 08:17:17.585  5349  5879 I BaseContextManager: Removing device context = [namespace=LocalMediaPlayer, name=PlaybackState]
11-24 08:17:17.586  5349  5349 D SPCH-SIM_SimVisualChannelSet: Activity switch detected, from package (null) to package (com.amazon.tv.settings.v2)
11-24 08:17:17.586  5349  5349 D AlexaFocusChannelSet: Target (com.amazon.tv.settings.v2) has not reported an active namespace
11-24 08:17:17.587  3206  4593 I DolbyAudioStreamOut: getLatency() Total latency:310ms (Downstream:82ms, DMA:158ms, tuning:70ms, tuningBT:0ms), input format:0x1, sink:0x400, UxOutSetting:0, CurOutFormat:0xa000000
11-24 08:17:17.588  4165  4531 D ...rics/PlatformWrapper: User is locked in direct boot mode: false
11-24 08:17:17.588  4165  4531 D ...ork.GenericIPCSender: com.amazon.client.metrics try get ipc provider out of direct mode for GetAccountForMappingsUserAction
11-24 08:17:17.588  5349  5879 I SPCH-SIM_SimStateMachine: Got FocusEvent in IgnoreWhileDisconnectedState
11-24 08:17:17.588  5349  5879 D AlexaFocusContract: releaseFocus namespace (AlexaVoiceLayer) channel (inFocus) package (com.amazon.avl.stark)
11-24 08:17:17.588  5349  5879 D AlexaFocusChannelSet: releaseFocus namespace (AlexaVoiceLayer) channel (inFocus) client (com.amazon.avl.stark) type (Binder)
11-24 08:17:17.589  5349  5879 D AlexaFocusFilter: Namespace (AlexaVoiceLayer) accepted as Local Application interface
11-24 08:17:17.589  5349  5879 D AlexaFocusInFocusChannel: releaseFocus namespace (AlexaVoiceLayer) packageName (com.amazon.avl.stark) client (android.os.BinderProxy@b1cd0ef)
11-24 08:17:17.589  5349  5879 D AlexaFocusContract: Could not release focus for namespace (AlexaVoiceLayer) channel (inFocus) package (com.amazon.avl.stark)
11-24 08:17:17.589  5349  5879 D Dcm1pAdapter: Instantiating an impl instance of DCM MetricsFacotry.
11-24 08:17:17.589  5349  5879 D Dcm1pAdapter: Instantiating an impl instance of DCM MetricsFacotry.
11-24 08:17:17.589  5349  5879 D SPCH-SIM_MetricsManager: Metrics event:sim_alexa_focus_error_event__RELEASED added
11-24 08:17:17.590  5349  5526 D Dcm1pAdapter: Instantiating an impl instance of DCM MetricsFacotry.
11-24 08:17:17.591  3848  3863 D ...zonAccountManager[0]: MAP Accounts number: 1
11-24 08:17:17.591  3848  3863 D ...zonAccountManager[0]: MAP Accounts number: 1
11-24 08:17:17.594  5349  5349 D AlexaFocusChannelSet: Target (com.amazon.tv.settings.v2) does not support any namespaces
11-24 08:17:17.595  5349  5349 W AlexaFocusVisualChannelSet: Package (com.amazon.tv.settings.v2) has not registered a namespace; attempting clear
11-24 08:17:17.595  3448 11394 I PointerController: PointerController setInvisible true
11-24 08:17:17.597  6008  6095 D ...sedPackageTrustLogic: MAP trust com.amazon.imp, since the signature check passed
11-24 08:17:17.597  3206  4593 I DolbyAudioStreamOut: getLatency() Total latency:309ms (Downstream:81ms, DMA:158ms, tuning:70ms, tuningBT:0ms), input format:0x1, sink:0x400, UxOutSetting:0, CurOutFormat:0xa000000
11-24 08:17:17.597  3206  4593 I DolbyAudioStreamOut: getLatency() Total latency:313ms (Downstream:85ms, DMA:158ms, tuning:70ms, tuningBT:0ms), input format:0x1, sink:0x400, UxOutSetting:0, CurOutFormat:0xa000000
11-24 08:17:17.599  4165  4531 D ...sedPackageTrustLogic: MAP trust com.amazon.imp, since the signature check passed
11-24 08:17:17.604  4165  4324 D ...temPropertiesWrapper: Try to get system property: rcv_com.amazon.client.metrics
11-24 08:17:17.606  3206  4593 I DolbyAudioStreamOut: getLatency() Total latency:304ms (Downstream:76ms, DMA:158ms, tuning:70ms, tuningBT:0ms), input format:0x1, sink:0x400, UxOutSetting:0, CurOutFormat:0xa000000
11-24 08:17:17.607  3206  4593 I DolbyAudioStreamOut: getLatency() Total latency:309ms (Downstream:81ms, DMA:158ms, tuning:70ms, tuningBT:0ms), input format:0x1, sink:0x400, UxOutSetting:0, CurOutFormat:0xa000000
11-24 08:17:17.607  6008  6092 D St-AVL:SimClientManager: Device Context Size : 261
11-24 08:17:17.607  6008  6092 D St-AVL:SimClientManager: Adding device context {"activityName":"com.amazon.tv.settings.v2.tv.applications.ApplicationsActivity","appId":"com.amazon.tv.settings.v2/615058600//28","dpadEnabled":true,"headers":["nodeId","r2p","nsh","flag","text"],"supportsBlockingDirective":true,"uiNodesInfo":[],"version":"2"}
11-24 08:17:17.609  5349  5366 D BaseDeviceContextContract: Creating context AlexaVoiceLayer.AVL_Context for caller com.amazon.avl.stark and timeOfSample 2020-11-24T13:17:17.609Z
11-24 08:17:17.609  6008  6095 I AVL:RemoteConfigData: Could not find value for key:Cues.Instrumentation.isEnabled in Arcus. Using default value.
11-24 08:17:17.609  6008  6095 I AVL:RemoteConfigData: Could not find value for key:Cues.Global.isEnabled in Arcus. Using default value.
11-24 08:17:17.610  6008  6095 D AVL:CuesHelper: Cues global switch disabled
11-24 08:17:17.610  6008  6095 D AVL:AppLaunchSignalProc: Package is not enabled for Cues: com.amazon.tv.settings.v2
11-24 08:17:17.610  6008  6095 D AVL:AppLaunchSignalGene: Initiated AppLaunch Signal. isVoice? false
11-24 08:17:17.610  5349  5879 I SPCH-SIM_SimStateMachine: Got DeviceContextEvent in IgnoreWhileDisconnectedState
11-24 08:17:17.610  5349  5879 D BaseContextManager: Adding deviceContext AlexaVoiceLayer.AVL_Context. Changed? true Hard Update? true Payload is {"activityName":"com.amazon.tv.settings.v2.tv.applications.ApplicationsActivity","appId":"com.amazon.tv.settings.v2/615058600//28","dpadEnabled":true,"headers":["nodeId","r2p","nsh","flag","text"],"supportsBlockingDirective":true,"uiNodesInfo":[],"version":"2"}
11-24 08:17:17.610  5349  5366 D SPCH-SIM_StackTraceHelper: Invoking pkg 
11-24 08:17:17.610  5349  5879 I CSM-ProactiveReporter: Context with namespace AlexaVoiceLayer whitelisted? false. Cloud-configured whitelist? false
11-24 08:17:17.611  5349  5879 I SPCH-SIM_SimStateMachine: Got CapabilityCheckEvent in IgnoreWhileDisconnectedState
11-24 08:17:17.612  4165  4324 D ...sedPackageTrustLogic: MAP trust com.amazon.imp, since the signature check passed
11-24 08:17:17.612  4165  4324 D com.amazon.identity.auth.device.callback.AsyncToSyncAdapter: Starting the operation GetAuthenticationParameters and waiting for it to finish
11-24 08:17:17.615  3206  4593 I DolbyAudioStreamOut: getLatency() Total latency:312ms (Downstream:84ms, DMA:158ms, tuning:70ms, tuningBT:0ms), input format:0x1, sink:0x400, UxOutSetting:0, CurOutFormat:0xa000000
11-24 08:17:17.615  3751  3751 D Utils   : Country of Purchase: US
11-24 08:17:17.616  3848  3848 D ...p/PlatformWrapper[0]: User is locked in direct boot mode: false
11-24 08:17:17.617  3848  3848 D ...imp/MetricsHelper[0]: bindAuthenticatedRequestService is invoked by com.amazon.imp out of direct boot mode
11-24 08:17:17.618  4165  4165 D ...k.BoundServiceCaller: Connected to service: ComponentInfo{com.amazon.imp/com.amazon.dcp.sso.AuthenticatedRequestService}
11-24 08:17:17.619  3848  5554 E ...oreSecurityHelper[0]: pid 4165 could not be found
11-24 08:17:17.620  3848  5554 D ...tedRequestHandler[0]: Unknown (4165) wants to use device credentials to call /metricsBatch
11-24 08:17:17.616  3848  3848 W Binder:3848_9: type=1400 audit(0.0:615): avc: denied { search } for name="4165" dev="proc" ino=33584 scontext=u:r:amazon_app:s0 tcontext=u:r:amazon_log_app:s0 tclass=dir permissive=0
11-24 08:17:17.621  3848  5554 D ...zonAccountManager[0]: MAP Accounts number: 1
11-24 08:17:17.622  3848  5554 I chatty  : uid=10072(com.amazon.imp) Binder:3848_9 identical 1 line
11-24 08:17:17.622  3848  5554 D ...zonAccountManager[0]: MAP Accounts number: 1
11-24 08:17:17.622  3848  5554 D ...tiableDataStorage[0]: Get user data for: com.amazon.dcp.sso.property.account.UUID
11-24 08:17:17.627  3751  3751 D Utils   : Country of Purchase: US
11-24 08:17:17.633  3190  3335 V MesonHwc: outConfig[0]: 0.
11-24 08:17:17.633  3190  3335 V MesonHwc: outConfig[1]: 1.
11-24 08:17:17.633  3190  3335 V MesonHwc: outConfig[2]: 2.
11-24 08:17:17.633  3190  3335 V MesonHwc: outConfig[3]: 3.
11-24 08:17:17.633  3190  3335 V MesonHwc: outConfig[4]: 4.
11-24 08:17:17.633  3190  3335 V MesonHwc: outConfig[5]: 5.
11-24 08:17:17.633  3190  3335 V MesonHwc: outConfig[6]: 6.
11-24 08:17:17.633  3190  3335 V MesonHwc: outConfig[7]: 7.
11-24 08:17:17.633  3190  3335 V MesonHwc: outConfig[8]: 8.
11-24 08:17:17.633  3190  3335 V MesonHwc: outConfig[9]: 9.
11-24 08:17:17.634  4165  5177 D ...AuthenticationMethod: Received response from central credential store
11-24 08:17:17.635  5575  5786 I WakeWordService: DecoderID=WakeWordService_playback_decoder: recognition_id=WakeWordService_playback_decoder-0: Observed consecutive frames of digital silence: 243
11-24 08:17:17.637  4165  4324 D com.amazon.identity.auth.device.callback.AsyncToSyncAdapter: Completed the operation GetAuthenticationParameters
11-24 08:17:17.638  4165  4324 D ...temPropertiesWrapper: Try to get system property: rcv_com.amazon.client.metrics
11-24 08:17:17.638  3189  3189 I gralloc : framebuffer hal alread move to hwcomposer
11-24 08:17:17.639  3190  3335 V MesonHwc: No layers to compose, exit.
11-24 08:17:17.645  3189  3189 I gralloc : framebuffer hal alread move to hwcomposer
11-24 08:17:17.648  3206  4593 I DolbyAudioStreamOut: getLatency() Total latency:304ms (Downstream:76ms, DMA:158ms, tuning:70ms, tuningBT:0ms), input format:0x1, sink:0x400, UxOutSetting:0, CurOutFormat:0xa000000
11-24 08:17:17.649  3206  4593 I DolbyAudioStreamOut: getLatency() Total latency:313ms (Downstream:85ms, DMA:158ms, tuning:70ms, tuningBT:0ms), input format:0x1, sink:0x400, UxOutSetting:0, CurOutFormat:0xa000000
11-24 08:17:17.650  3189  3189 I gralloc : framebuffer hal alread move to hwcomposer
11-24 08:17:17.656  3190  3335 V MesonHwc: No layers to compose, exit.
11-24 08:17:17.657  3751  3864 D mali_winsys: EGLint new_window_surface(egl_winsys_display *, void *, EGLSurface, EGLConfig, egl_winsys_surface **, EGLBoolean) returns 0x3000
11-24 08:17:17.660  3751  3751 I ST-ApplicationsAct: Connected to service
11-24 08:17:17.665  3206  4593 I DolbyAudioStreamOut: getLatency() Total latency:305ms (Downstream:77ms, DMA:158ms, tuning:70ms, tuningBT:0ms), input format:0x1, sink:0x400, UxOutSetting:0, CurOutFormat:0xa000000
11-24 08:17:17.665  3751  3751 W View    : requestLayout() improperly called by android.widget.TextView{48878ac V.ED..... ..S...ID 0,0-500,44 #7f0a0031 app:id/action_title} during layout: running second layout pass
11-24 08:17:17.666  3206  4593 I DolbyAudioStreamOut: getLatency() Total latency:313ms (Downstream:85ms, DMA:158ms, tuning:70ms, tuningBT:0ms), input format:0x1, sink:0x400, UxOutSetting:0, CurOutFormat:0xa000000
11-24 08:17:17.674  3206  4593 I DolbyAudioStreamOut: getLatency() Total latency:304ms (Downstream:76ms, DMA:158ms, tuning:70ms, tuningBT:0ms), input format:0x1, sink:0x400, UxOutSetting:0, CurOutFormat:0xa000000
11-24 08:17:17.678  3189  3189 I gralloc : framebuffer hal alread move to hwcomposer
11-24 08:17:17.693  3448  3529 D AmazonWindowMetrics: On window event - Package com.amazon.tv.settings.v2, isDreaming false, state 1, alexaMode 0
11-24 08:17:17.693  3448  3577 D ThermalStateObserver/AppUsage: updateTrackerImpl: event=APP_WINDOW_CHANGED pName=com.amazon.tv.settings.v2 ctime=1007898 isDreaming=false isFireTv=true
11-24 08:17:17.694  3448  3577 D ThermalEventMonitor/ThermalStateObserver: logThermalThrottling: State=0  Package=com.example.encodetest StartTime=1005413 ChangeTime=0
11-24 08:17:17.694  3448  3577 D ThermalStateObserver/AppUsage: Package ended:com.example.encodetest Starting:com.amazon.tv.settings.v2
11-24 08:17:17.699  3448  3474 I ActivityManager: Displayed com.amazon.tv.settings.v2/.tv.applications.ApplicationsActivity: +136ms
11-24 08:17:17.700  3448  3939 I AmazonPowerManagerVendorCallback: Package defined in contextual screensaver package list is in foreground. screen saver will start in 300000
11-24 08:17:17.703  3206  4593 I DolbyAudioStreamOut: getLatency() Total latency:313ms (Downstream:85ms, DMA:158ms, tuning:70ms, tuningBT:0ms), input format:0x1, sink:0x400, UxOutSetting:0, CurOutFormat:0xa000000
11-24 08:17:17.706  3190  3335 D MesonHwc: Hwc2Display::createLayer *outLayer:113
11-24 08:17:17.712  3206  4593 I DolbyAudioStreamOut: getLatency() Total latency:305ms (Downstream:77ms, DMA:158ms, tuning:70ms, tuningBT:0ms), input format:0x1, sink:0x400, UxOutSetting:0, CurOutFormat:0xa000000
11-24 08:17:17.712  3206  4593 I DolbyAudioStreamOut: getLatency() Total latency:313ms (Downstream:85ms, DMA:158ms, tuning:70ms, tuningBT:0ms), input format:0x1, sink:0x400, UxOutSetting:0, CurOutFormat:0xa000000
11-24 08:17:17.720  3206  4593 I DolbyAudioStreamOut: getLatency() Total latency:305ms (Downstream:77ms, DMA:158ms, tuning:70ms, tuningBT:0ms), input format:0x1, sink:0x400, UxOutSetting:0, CurOutFormat:0xa000000
11-24 08:17:17.720  3206  4593 I DolbyAudioStreamOut: getLatency() Total latency:313ms (Downstream:85ms, DMA:158ms, tuning:70ms, tuningBT:0ms), input format:0x1, sink:0x400, UxOutSetting:0, CurOutFormat:0xa000000
11-24 08:17:17.729  3206  4593 I DolbyAudioStreamOut: getLatency() Total latency:305ms (Downstream:77ms, DMA:158ms, tuning:70ms, tuningBT:0ms), input format:0x1, sink:0x400, UxOutSetting:0, CurOutFormat:0xa000000
11-24 08:17:17.767  3206  4593 I DolbyAudioStreamOut: getLatency() Total latency:309ms (Downstream:81ms, DMA:158ms, tuning:70ms, tuningBT:0ms), input format:0x1, sink:0x400, UxOutSetting:0, CurOutFormat:0xa000000
11-24 08:17:17.773  3189  3189 I gralloc : framebuffer hal alread move to hwcomposer
11-24 08:17:17.776  3206  4593 I DolbyAudioStreamOut: getLatency() Total latency:305ms (Downstream:77ms, DMA:158ms, tuning:70ms, tuningBT:0ms), input format:0x1, sink:0x400, UxOutSetting:0, CurOutFormat:0xa000000
11-24 08:17:17.776  3206  4593 I DolbyAudioStreamOut: getLatency() Total latency:313ms (Downstream:85ms, DMA:158ms, tuning:70ms, tuningBT:0ms), input format:0x1, sink:0x400, UxOutSetting:0, CurOutFormat:0xa000000
11-24 08:17:17.784  3206  4593 I DolbyAudioStreamOut: getLatency() Total latency:305ms (Downstream:77ms, DMA:158ms, tuning:70ms, tuningBT:0ms), input format:0x1, sink:0x400, UxOutSetting:0, CurOutFormat:0xa000000
11-24 08:17:17.784  3206  4593 I DolbyAudioStreamOut: getLatency() Total latency:313ms (Downstream:85ms, DMA:158ms, tuning:70ms, tuningBT:0ms), input format:0x1, sink:0x400, UxOutSetting:0, CurOutFormat:0xa000000
11-24 08:17:17.871  3751  3751 D Utils   : Country of Purchase: US
11-24 08:17:17.876  3189  3189 I gralloc : framebuffer hal alread move to hwcomposer
11-24 08:17:18.068  5575  5789 D WakeWordService: event audio_playback with value 0and decoderId WakeWordService_input_decoder has been pushed into Pryon
11-24 08:17:18.252  3630  3917 W bt_btif : bta_hh_le_input_rpt_notify uuid=0x2a4d srv_handle=79 is_bl_svc_primary=1 rpt_id=1 len=3
11-24 08:17:18.253  3448  3531 I AmazonProfileService: Filter key event KEYCODE_DPAD_CENTER
11-24 08:17:18.253  3448  3531 I AmazonProfileService: Event is not filtered because feature flag is not set. KeyEvent = KEYCODE_DPAD_CENTER
11-24 08:17:18.253  3448  3531 I FireTVKeyPolicyManager: Dynamic key mapping has been enabled
11-24 08:17:18.253  3448  3531 I KeyMapManagerUtil: Unknown remote sku id 0. Fetch remote sku id from system property
11-24 08:17:18.253  3448  3531 D GenericKeyHandler: Generic key event mapping is not found for key 23 and sku id 0
11-24 08:17:18.253  3448  3531 D AppAdapterHandler: handleKeyEvent for keycode 23 and skuId = 0
11-24 08:17:18.253  3448  3531 D AppAdapterHandler: Application adapter for keycode 23 and skudId = 0 does not exist
11-24 08:17:18.253  3448  3531 I FireTVKeyPolicyManager: Dynamic key mapping key intercepted result 0
11-24 08:17:18.255  3448  3530 I AmazonPowerManagerVendorCallback: Package defined in contextual screensaver package list is in foreground. screen saver will start in 300000
11-24 08:17:18.256  3448  3530 D AmzPhoneWindowManager: is 23 in key list = false
11-24 08:17:18.258  3448  3530 D AmzPhoneWindowManager: interceptUnhandledKey: 23
11-24 08:17:18.258  3448  3530 D AmzPhoneWindowManager: is 23 in key list = false
11-24 08:17:18.345  3220  3916 D AudioFlinger: mixer(0xef903bc0) throttle end: throttle time(39)
11-24 08:17:18.354  3206  4593 I DolbyAudioStreamOut: getLatency() Total latency:299ms (Downstream:71ms, DMA:158ms, tuning:70ms, tuningBT:0ms), input format:0x1, sink:0x400, UxOutSetting:0, CurOutFormat:0xa000000
11-24 08:17:18.362  3206  4593 I DolbyAudioStreamOut: getLatency() Total latency:311ms (Downstream:83ms, DMA:158ms, tuning:70ms, tuningBT:0ms), input format:0x1, sink:0x400, UxOutSetting:0, CurOutFormat:0xa000000
11-24 08:17:18.362  3206  4593 I DolbyAudioStreamOut: getLatency() Total latency:313ms (Downstream:85ms, DMA:158ms, tuning:70ms, tuningBT:0ms), input format:0x1, sink:0x400, UxOutSetting:0, CurOutFormat:0xa000000
11-24 08:17:18.363  5575  5806 D WakeWordService: event audio_playback with value 1and decoderId WakeWordService_input_decoder has been pushed into Pryon
11-24 08:17:18.371  3206  4593 I DolbyAudioStreamOut: getLatency() Total latency:305ms (Downstream:77ms, DMA:158ms, tuning:70ms, tuningBT:0ms), input format:0x1, sink:0x400, UxOutSetting:0, CurOutFormat:0xa000000
11-24 08:17:18.371  3206  4593 I DolbyAudioStreamOut: getLatency() Total latency:312ms (Downstream:84ms, DMA:158ms, tuning:70ms, tuningBT:0ms), input format:0x1, sink:0x400, UxOutSetting:0, CurOutFormat:0xa000000
11-24 08:17:18.379  3206  4593 I DolbyAudioStreamOut: getLatency() Total latency:305ms (Downstream:77ms, DMA:158ms, tuning:70ms, tuningBT:0ms), input format:0x1, sink:0x400, UxOutSetting:0, CurOutFormat:0xa000000
11-24 08:17:18.393  3630  3917 W bt_btif : bta_hh_le_input_rpt_notify uuid=0x2a4d srv_handle=79 is_bl_svc_primary=1 rpt_id=1 len=3
11-24 08:17:18.393  3448  3531 I AmazonProfileService: Filter key event KEYCODE_DPAD_CENTER
11-24 08:17:18.393  3448  3531 I AmazonProfileService: Event is not filtered because feature flag is not set. KeyEvent = KEYCODE_DPAD_CENTER
11-24 08:17:18.393  3448  3531 I FireTVKeyPolicyManager: Dynamic key mapping has been enabled
11-24 08:17:18.393  3448  3531 I KeyMapManagerUtil: Unknown remote sku id 0. Fetch remote sku id from system property
11-24 08:17:18.393  3448  3531 D GenericKeyHandler: Generic key event mapping is not found for key 23 and sku id 0
11-24 08:17:18.393  3448  3531 D AppAdapterHandler: handleKeyEvent for keycode 23 and skuId = 0
11-24 08:17:18.393  3448  3531 D AppAdapterHandler: Application adapter for keycode 23 and skudId = 0 does not exist
11-24 08:17:18.393  3448  3531 I FireTVKeyPolicyManager: Dynamic key mapping key intercepted result 0
11-24 08:17:18.394  3448  3530 I AmazonPowerManagerVendorCallback: Package defined in contextual screensaver package list is in foreground. screen saver will start in 300000
11-24 08:17:18.394  3448  3530 D AmzPhoneWindowManager: is 23 in key list = false
11-24 08:17:18.396  3448  3530 D AmzPhoneWindowManager: interceptUnhandledKey: 23
11-24 08:17:18.396  3448  3530 D AmzPhoneWindowManager: is 23 in key list = false
11-24 08:17:18.408  3206  4593 I DolbyAudioStreamOut: getLatency() Total latency:309ms (Downstream:81ms, DMA:158ms, tuning:70ms, tuningBT:0ms), input format:0x1, sink:0x400, UxOutSetting:0, CurOutFormat:0xa000000
11-24 08:17:18.416  3206  4593 I DolbyAudioStreamOut: getLatency() Total latency:305ms (Downstream:77ms, DMA:158ms, tuning:70ms, tuningBT:0ms), input format:0x1, sink:0x400, UxOutSetting:0, CurOutFormat:0xa000000
11-24 08:17:18.417  3206  4593 I DolbyAudioStreamOut: getLatency() Total latency:313ms (Downstream:85ms, DMA:158ms, tuning:70ms, tuningBT:0ms), input format:0x1, sink:0x400, UxOutSetting:0, CurOutFormat:0xa000000
11-24 08:17:18.421  4165  4324 E System  : TRACE Starting certificate trust
11-24 08:17:18.422  4165  4324 D CRLSetManager: getInstance binder: android.os.BinderProxy@b23e0c9
11-24 08:17:18.433  3206  4593 I DolbyAudioStreamOut: getLatency() Total latency:305ms (Downstream:77ms, DMA:158ms, tuning:70ms, tuningBT:0ms), input format:0x1, sink:0x400, UxOutSetting:0, CurOutFormat:0xa000000
11-24 08:17:18.434  3206  4593 I DolbyAudioStreamOut: getLatency() Total latency:304ms (Downstream:76ms, DMA:158ms, tuning:70ms, tuningBT:0ms), input format:0x1, sink:0x400, UxOutSetting:0, CurOutFormat:0xa000000
11-24 08:17:18.442  3206  4593 I DolbyAudioStreamOut: getLatency() Total latency:305ms (Downstream:77ms, DMA:158ms, tuning:70ms, tuningBT:0ms), input format:0x1, sink:0x400, UxOutSetting:0, CurOutFormat:0xa000000
11-24 08:17:18.471  3206  4593 I DolbyAudioStreamOut: getLatency() Total latency:309ms (Downstream:81ms, DMA:158ms, tuning:70ms, tuningBT:0ms), input format:0x1, sink:0x400, UxOutSetting:0, CurOutFormat:0xa000000
11-24 08:17:18.480  3206  4593 I DolbyAudioStreamOut: getLatency() Total latency:305ms (Downstream:77ms, DMA:158ms, tuning:70ms, tuningBT:0ms), input format:0x1, sink:0x400, UxOutSetting:0, CurOutFormat:0xa000000
11-24 08:17:18.480  3206  4593 I DolbyAudioStreamOut: getLatency() Total latency:313ms (Downstream:85ms, DMA:158ms, tuning:70ms, tuningBT:0ms), input format:0x1, sink:0x400, UxOutSetting:0, CurOutFormat:0xa000000
11-24 08:17:18.488  3206  4593 I DolbyAudioStreamOut: getLatency() Total latency:305ms (Downstream:77ms, DMA:158ms, tuning:70ms, tuningBT:0ms), input format:0x1, sink:0x400, UxOutSetting:0, CurOutFormat:0xa000000
11-24 08:17:18.489  3206  4593 I DolbyAudioStreamOut: getLatency() Total latency:313ms (Downstream:85ms, DMA:158ms, tuning:70ms, tuningBT:0ms), input format:0x1, sink:0x400, UxOutSetting:0, CurOutFormat:0xa000000
11-24 08:17:18.497  3206  4593 I DolbyAudioStreamOut: getLatency() Total latency:305ms (Downstream:77ms, DMA:158ms, tuning:70ms, tuningBT:0ms), input format:0x1, sink:0x400, UxOutSetting:0, CurOutFormat:0xa000000
11-24 08:17:18.497  3206  4593 I DolbyAudioStreamOut: getLatency() Total latency:313ms (Downstream:85ms, DMA:158ms, tuning:70ms, tuningBT:0ms), input format:0x1, sink:0x400, UxOutSetting:0, CurOutFormat:0xa000000
11-24 08:17:18.505  3206  4593 I DolbyAudioStreamOut: getLatency() Total latency:305ms (Downstream:77ms, DMA:158ms, tuning:70ms, tuningBT:0ms), input format:0x1, sink:0x400, UxOutSetting:0, CurOutFormat:0xa000000
11-24 08:17:18.507  3751  3816 I ...e.LocalKeyValueStore: Create DE shared preference, OS supports direct boot.
11-24 08:17:18.508  3448  3939 I ActivityManager: START u0 {act=android.intent.action.MAIN cat=[android.intent.category.LAUNCHER] flg=0x10000000 pkg=com.example.encodetest cmp=com.example.encodetest/.MainActivity} from uid 10024
11-24 08:17:18.509  3751  3816 D ...s.v2/PlatformWrapper: User is locked in direct boot mode: false
11-24 08:17:18.509  3751  3816 D ...ork.GenericIPCSender: com.amazon.tv.settings.v2 try get ipc provider out of direct mode for GetAccountAction
11-24 08:17:18.510  3190  3335 V MesonHwc: outConfig[0]: 0.
11-24 08:17:18.510  3190  3335 V MesonHwc: outConfig[1]: 1.
11-24 08:17:18.510  3190  3335 V MesonHwc: outConfig[2]: 2.
11-24 08:17:18.510  3190  3335 V MesonHwc: outConfig[3]: 3.
11-24 08:17:18.510  3190  3335 V MesonHwc: outConfig[4]: 4.
11-24 08:17:18.511  3190  3335 V MesonHwc: outConfig[5]: 5.
11-24 08:17:18.511  3190  3335 V MesonHwc: outConfig[6]: 6.
11-24 08:17:18.511  3190  3335 V MesonHwc: outConfig[7]: 7.
11-24 08:17:18.511  3190  3335 V MesonHwc: outConfig[8]: 8.
11-24 08:17:18.511  3190  3335 V MesonHwc: outConfig[9]: 9.
11-24 08:17:18.513  3751  3816 D ...sedPackageTrustLogic: MAP trust com.amazon.imp, since the signature check passed
11-24 08:17:18.516  3190  3865 V MesonHwc: outConfig[0]: 0.
11-24 08:17:18.516  3190  3865 V MesonHwc: outConfig[1]: 1.
11-24 08:17:18.516  3190  3865 V MesonHwc: outConfig[2]: 2.
11-24 08:17:18.516  3190  3865 V MesonHwc: outConfig[3]: 3.
11-24 08:17:18.516  3190  3865 V MesonHwc: outConfig[4]: 4.
11-24 08:17:18.516  3190  3865 V MesonHwc: outConfig[5]: 5.
11-24 08:17:18.516  3190  3865 V MesonHwc: outConfig[6]: 6.
11-24 08:17:18.516  3190  3865 V MesonHwc: outConfig[7]: 7.
11-24 08:17:18.516  3190  3865 V MesonHwc: outConfig[8]: 8.
11-24 08:17:18.516  3190  3865 V MesonHwc: outConfig[9]: 9.
11-24 08:17:18.522  3190  3865 V MesonHwc: outConfig[0]: 0.
11-24 08:17:18.523  3190  3865 V MesonHwc: outConfig[1]: 1.
11-24 08:17:18.523  3190  3865 V MesonHwc: outConfig[2]: 2.
11-24 08:17:18.523  3190  3865 V MesonHwc: outConfig[3]: 3.
11-24 08:17:18.523  3190  3865 V MesonHwc: outConfig[4]: 4.
11-24 08:17:18.523  3190  3865 V MesonHwc: outConfig[5]: 5.
11-24 08:17:18.523  3190  3865 V MesonHwc: outConfig[6]: 6.
11-24 08:17:18.523  3190  3865 V MesonHwc: outConfig[7]: 7.
11-24 08:17:18.523  3190  3865 V MesonHwc: outConfig[8]: 8.
11-24 08:17:18.523  3190  3865 V MesonHwc: outConfig[9]: 9.
11-24 08:17:18.529  5575  5786 I WakeWordService: DecoderID=WakeWordService_playback_decoder: recognition_id=WakeWordService_playback_decoder-0: Observed consecutive frames of digital silence: 80
11-24 08:17:18.533  3190  3335 V MesonHwc: outConfig[0]: 0.
11-24 08:17:18.533  3190  3335 V MesonHwc: outConfig[1]: 1.
11-24 08:17:18.533  3190  3335 V MesonHwc: outConfig[2]: 2.
11-24 08:17:18.533  3190  3335 V MesonHwc: outConfig[3]: 3.
11-24 08:17:18.533  3190  3335 V MesonHwc: outConfig[4]: 4.
11-24 08:17:18.533  3190  3335 V MesonHwc: outConfig[5]: 5.
11-24 08:17:18.533  3190  3335 V MesonHwc: outConfig[6]: 6.
11-24 08:17:18.533  3190  3335 V MesonHwc: outConfig[7]: 7.
11-24 08:17:18.533  3190  3335 V MesonHwc: outConfig[8]: 8.
11-24 08:17:18.533  3190  3335 V MesonHwc: outConfig[9]: 9.
11-24 08:17:18.541  3206  4593 I DolbyAudioStreamOut: getLatency() Total latency:304ms (Downstream:76ms, DMA:158ms, tuning:70ms, tuningBT:0ms), input format:0x1, sink:0x400, UxOutSetting:0, CurOutFormat:0xa000000
11-24 08:17:18.542  3448  3939 I AmazonPowerManagerVendorCallback: Package defined in contextual screensaver package list is in foreground. screen saver will start in 300000
11-24 08:17:18.551  3206  4593 I DolbyAudioStreamOut: getLatency() Total latency:313ms (Downstream:85ms, DMA:158ms, tuning:70ms, tuningBT:0ms), input format:0x1, sink:0x400, UxOutSetting:0, CurOutFormat:0xa000000
11-24 08:17:18.555  3190  3335 V MesonHwc: outConfig[0]: 0.
11-24 08:17:18.556  3190  3335 V MesonHwc: outConfig[1]: 1.
11-24 08:17:18.556  3190  3335 V MesonHwc: outConfig[2]: 2.
11-24 08:17:18.556  3190  3335 V MesonHwc: outConfig[3]: 3.
11-24 08:17:18.556  3190  3335 V MesonHwc: outConfig[4]: 4.
11-24 08:17:18.556  3190  3335 V MesonHwc: outConfig[5]: 5.
11-24 08:17:18.556  3190  3335 V MesonHwc: outConfig[6]: 6.
11-24 08:17:18.556  3190  3335 V MesonHwc: outConfig[7]: 7.
11-24 08:17:18.556  3190  3335 V MesonHwc: outConfig[8]: 8.
11-24 08:17:18.556  3190  3335 V MesonHwc: outConfig[9]: 9.
11-24 08:17:18.552  3142  3142 W main    : type=1400 audit(0.0:616): avc: denied { getattr } for path="/dev/__properties__/u:object_r:vendor_default_prop:s0" dev="tmpfs" ino=1674 scontext=u:r:zygote:s0 tcontext=u:object_r:vendor_default_prop:s0 tclass=file permissive=0
11-24 08:17:18.559  3142  3142 E libc    : Access denied finding property "vendor.debug.java_coredump"
11-24 08:17:18.559  3206  4593 I DolbyAudioStreamOut: getLatency() Total latency:306ms (Downstream:78ms, DMA:158ms, tuning:70ms, tuningBT:0ms), input format:0x1, sink:0x400, UxOutSetting:0, CurOutFormat:0xa000000
11-24 08:17:18.560  3751  3816 I ...ngs.v2/MetricsHelper: Using the FireOSPlatformDCPMetricsCollector
11-24 08:17:18.561  3206  4593 I DolbyAudioStreamOut: getLatency() Total latency:312ms (Downstream:84ms, DMA:158ms, tuning:70ms, tuningBT:0ms), input format:0x1, sink:0x400, UxOutSetting:0, CurOutFormat:0xa000000
11-24 08:17:18.564  3751  3816 D Tracer  : Tracer created. Tracer Id : 3751054 API Name : CustomerAttributeStore:GetAttribute
11-24 08:17:18.566  3751 11034 D ...s.v2/PlatformWrapper: User is locked in direct boot mode: false
11-24 08:17:18.566  3751 11034 D ...teStoreCommunication: com.amazon.tv.settings.v2 try get customer attribute out of direct mode fo isAnonymous
11-24 08:17:18.568  3190  3335 V MesonHwc: outConfig[0]: 0.
11-24 08:17:18.568  3190  3335 V MesonHwc: outConfig[1]: 1.
11-24 08:17:18.568  3190  3335 V MesonHwc: outConfig[2]: 2.
11-24 08:17:18.568  3190  3335 V MesonHwc: outConfig[3]: 3.
11-24 08:17:18.568  3190  3335 V MesonHwc: outConfig[4]: 4.
11-24 08:17:18.568  3190  3335 V MesonHwc: outConfig[5]: 5.
11-24 08:17:18.568  3190  3335 V MesonHwc: outConfig[6]: 6.
11-24 08:17:18.568  3190  3335 V MesonHwc: outConfig[7]: 7.
11-24 08:17:18.568  3190  3335 V MesonHwc: outConfig[8]: 8.
11-24 08:17:18.568  3190  3335 V MesonHwc: outConfig[9]: 9.
11-24 08:17:18.569  3206  4593 I DolbyAudioStreamOut: getLatency() Total latency:304ms (Downstream:76ms, DMA:158ms, tuning:70ms, tuningBT:0ms), input format:0x1, sink:0x400, UxOutSetting:0, CurOutFormat:0xa000000
11-24 08:17:18.571  3206  4593 I DolbyAudioStreamOut: getLatency() Total latency:312ms (Downstream:84ms, DMA:158ms, tuning:70ms, tuningBT:0ms), input format:0x1, sink:0x400, UxOutSetting:0, CurOutFormat:0xa000000
11-24 08:17:18.578  3751 11034 D ...sedPackageTrustLogic: MAP trust com.amazon.imp, since the signature check passed
11-24 08:17:18.579  3206  4593 I DolbyAudioStreamOut: getLatency() Total latency:307ms (Downstream:79ms, DMA:158ms, tuning:70ms, tuningBT:0ms), input format:0x1, sink:0x400, UxOutSetting:0, CurOutFormat:0xa000000
11-24 08:17:18.580  3448  3468 I ActivityManager: Start proc 11400:com.example.encodetest/u0a248 for activity com.example.encodetest/.MainActivity
11-24 08:17:18.582  5349  5513 W MediaCodecLoggerInfo-Jni: No clients currently registered
11-24 08:17:18.582  5349  5513 E MediaCodecLoggerInfo-Jni: No active media clients registered
11-24 08:17:18.583  5349  5513 W MediaCodecLoggerInfo: Failed to get package name
11-24 08:17:18.583  5349  5513 D Vizzini_2.0.8797.0:MediaChecker: Exception while getting package name for video, so not playing
11-24 08:17:18.583  3848  5554 I ...imp/MetricsHelper[0]: Using the FireOSPlatformDCPMetricsCollector
11-24 08:17:18.586 11400 11400 I mple.encodetes: Late-enabling -Xcheck:jni
11-24 08:17:18.585  3848  5554 D Tracer  : Tracer created. Tracer Id : 3848184 API Name : CustomerAttributeProvider:Query
11-24 08:17:18.587  3848 10745 D ...tiableDataStorage[0]: Get user data for: isAnonymous
11-24 08:17:18.587  3848 10745 I ...tributeStoreLogic[0]: Callback with value empty: false
11-24 08:17:18.590  3189  3189 I gralloc : framebuffer hal alread move to hwcomposer
11-24 08:17:18.600  3206  4593 I DolbyAudioStreamOut: getLatency() Total latency:313ms (Downstream:85ms, DMA:158ms, tuning:70ms, tuningBT:0ms), input format:0x1, sink:0x400, UxOutSetting:0, CurOutFormat:0xa000000
11-24 08:17:18.608  3206  4593 I DolbyAudioStreamOut: getLatency() Total latency:305ms (Downstream:77ms, DMA:158ms, tuning:70ms, tuningBT:0ms), input format:0x1, sink:0x400, UxOutSetting:0, CurOutFormat:0xa000000
11-24 08:17:18.609  3206  4593 I DolbyAudioStreamOut: getLatency() Total latency:312ms (Downstream:84ms, DMA:158ms, tuning:70ms, tuningBT:0ms), input format:0x1, sink:0x400, UxOutSetting:0, CurOutFormat:0xa000000
11-24 08:17:18.614  3448  3458 I system_server: Background concurrent copying GC freed 200409(10MB) AllocSpace objects, 51(2MB) LOS objects, 42% free, 15MB/27MB, paused 158us total 103.673ms
11-24 08:17:18.617  3206  4593 I DolbyAudioStreamOut: getLatency() Total latency:313ms (Downstream:85ms, DMA:158ms, tuning:70ms, tuningBT:0ms), input format:0x1, sink:0x400, UxOutSetting:0, CurOutFormat:0xa000000
11-24 08:17:18.626  3206  4593 I DolbyAudioStreamOut: getLatency() Total latency:305ms (Downstream:77ms, DMA:158ms, tuning:70ms, tuningBT:0ms), input format:0x1, sink:0x400, UxOutSetting:0, CurOutFormat:0xa000000
11-24 08:17:18.626  3206  4593 I DolbyAudioStreamOut: getLatency() Total latency:304ms (Downstream:76ms, DMA:158ms, tuning:70ms, tuningBT:0ms), input format:0x1, sink:0x400, UxOutSetting:0, CurOutFormat:0xa000000
11-24 08:17:18.634  3206  4593 I DolbyAudioStreamOut: getLatency() Total latency:305ms (Downstream:77ms, DMA:158ms, tuning:70ms, tuningBT:0ms), input format:0x1, sink:0x400, UxOutSetting:0, CurOutFormat:0xa000000
11-24 08:17:18.639  3448  3579 D AmazonUsageStatsService: Package open received in screen On state:com.example.encodetest
11-24 08:17:18.639  3448  3579 D AmazonUsageStatsService: In writeSnapshotToDatabase()
11-24 08:17:18.639  3448  3579 D AmazonUsageStatsService: Exiting writeSnapshotToDatabase; last write <5 mins ago.
11-24 08:17:18.640  6008  6008 D AVL:AVLManagerService: Received onActivityResume
11-24 08:17:18.641  6008  6008 D AVL:OrdinalManager: Clearing Ordinal info
11-24 08:17:18.641  6008  6008 D AVL:OrdinalManager: dismissing overlay service
11-24 08:17:18.641  5349  5349 D Vizzini_2.0.8797.0:ForegroundAppHelper: [Debug Builds Only] Foreground App: [PackageName=com.example.encodetest], [SystemApp=false], [CSMParticipant=false]
11-24 08:17:18.642  5349  5349 I Vizzini_2.0.8797.0:ExternalPlaybackStateManager: Focus already cleared
11-24 08:17:18.642  5349  5349 D Vizzini_2.0.8797.0:InstaHintsRetriever: ForegroundApp Changed:com.example.encodetest
11-24 08:17:18.642  5349  5349 I Vizzini_2.0.8797.0:WindowInstanceManager: Dismissing partial screen due to activity change
11-24 08:17:18.642  5349  5349 D Vizzini_2.0.8797.0:PartialScreenDismisser: Not dismissing partial screens because it's not active.
11-24 08:17:18.642  5349  5404 D Dcm1pAdapter: Instantiating an impl instance of DCM MetricsFacotry.
11-24 08:17:18.642  5349  5404 I chatty  : uid=10131(com.amazon.vizzini) Metrics Handler identical 1 line
11-24 08:17:18.642  5349  5404 D Dcm1pAdapter: Instantiating an impl instance of DCM MetricsFacotry.
11-24 08:17:18.643  5349  5682 I AlexaAppAgent_2.0.350.0_ForegroundApplicationChangeReporter: onActivityResume called for Reporter
11-24 08:17:18.644  6008  6008 I AVL:AVLManagerService: Setting package name: com.example.encodetest
11-24 08:17:18.644  6008  6008 D AVL:AVLManagerService: Sending app launch signal
11-24 08:17:18.645  6008  6008 I AVL:RemoteConfigData: Could not find value for key:Cues.CriteriaThresholds.RecentVoiceInteractionInMilliseconds in Arcus. Using default value.
11-24 08:17:18.645  6008  6008 D AVL:CuesEngine: Milliseconds since last voice interaction is 1606223838645, threshold is 5000
11-24 08:17:18.645  5349 10927 D AppStateReporter:ApplicationStateReporter: application payload:{"foregroundApplication":{"id":"com.example.encodetest","metadata":{"categories":["OTHER"],"isVisible":true},"type":"android","version":"1"}}
11-24 08:17:18.645  5349  5682 I AlexaAppAgent_2.0.350.0_ForegroundApplicationChangeReporter: Transition from non-VSK app1 to non-VSK app2, skipping foreground state report
11-24 08:17:18.646  3190  3335 V MesonHwc: outConfig[0]: 0.
11-24 08:17:18.646  3190  3335 V MesonHwc: outConfig[1]: 1.
11-24 08:17:18.646  3190  3335 V MesonHwc: outConfig[2]: 2.
11-24 08:17:18.646  3190  3335 V MesonHwc: outConfig[3]: 3.
11-24 08:17:18.646  3190  3335 V MesonHwc: outConfig[4]: 4.
11-24 08:17:18.646  6008  6092 I AVL:AVLManagerService: handling : 0
11-24 08:17:18.646  3190  3335 V MesonHwc: outConfig[5]: 5.
11-24 08:17:18.646  3190  3335 V MesonHwc: outConfig[6]: 6.
11-24 08:17:18.646  3190  3335 V MesonHwc: outConfig[7]: 7.
11-24 08:17:18.646  3190  3335 V MesonHwc: outConfig[8]: 8.
11-24 08:17:18.646  3190  3335 V MesonHwc: outConfig[9]: 9.
11-24 08:17:18.647  3206  4371 D DolbyAudioHwDeviceProxy: setParameters(0xf1f52300): continuous_audio_mode=0
11-24 08:17:18.647  3206  4371 I AudioALSAHardware: +setParameters(): continuous_audio_mode=0
11-24 08:17:18.647  3206  4371 W AudioALSAHardware: setParameters(), still have param.size() = 1, remain param = "continuous_audio_mode=0"
11-24 08:17:18.647  3206  4371 D AudioALSAHardware: -setParameters(): continuous_audio_mode=0 
11-24 08:17:18.648  3206  4371 D DolbyAudioHwDeviceProxy: setParameters(0xf38dc180): continuous_audio_mode=0
11-24 08:17:18.648  6008  6092 D AvlProviderHelper: Getting AvlInfo for package: com.example.encodetest
11-24 08:17:18.648  3220  3552 D DolbyAudioHwDeviceProxy: setParameters(0xf152c000): continuous_audio_mode=0
11-24 08:17:18.648  6008  6092 I LockerProviderHelper: Querying content Uri=content://com.amazon.venezia.avl-com.amazon.venezia/avl/com.example.encodetest
11-24 08:17:18.649  5349 10927 D BaseDeviceContextContract: Creating context Alexa.ApplicationStateReporter.ForegroundApplication for caller com.amazon.vizzini and timeOfSample 2020-11-24T13:17:18.647Z
11-24 08:17:18.649  3206  3418 D DolbyAudioHwDeviceProxy: getParameters(0xf1f52300): hdmi_output_channel_mode
11-24 08:17:18.649  3206  3418 I DolbyAudioParameters: getParameters() return hdmi_output_channel_mode=0
11-24 08:17:18.649  3206  3206 D DolbyAudioHwDeviceProxy: getParameters(0xf38dc180): hdmi_output_channel_mode
11-24 08:17:18.649  3206  3206 I DolbyAudioParameters: getParameters() return hdmi_output_channel_mode=0
11-24 08:17:18.649  3220  3552 D DolbyAudioHwDeviceProxy: getParameters(0xf152c000): hdmi_output_channel_mode;
11-24 08:17:18.649  3220  3552 I DolbyAudioParameters: getParameters() return hdmi_output_channel_mode=0
11-24 08:17:18.650  5349  5879 I SPCH-SIM_SimStateMachine: Got DeviceContextEvent in IgnoreWhileDisconnectedState
11-24 08:17:18.650  5349  5879 D BaseContextManager: Adding deviceContext Alexa.ApplicationStateReporter.ForegroundApplication. Changed? true Hard Update? true Payload is {"foregroundApplication":{"id":"com.example.encodetest","metadata":{"categories":["OTHER"],"isVisible":true},"type":"android","version":"1"}}
11-24 08:17:18.650  5349  5879 I CSM-ProactiveReporter: Context with namespace Alexa.ApplicationStateReporter whitelisted? false. Cloud-configured whitelist? false
11-24 08:17:18.650  3448  3474 D AmazonProfileService: onActivityResume, mDefaultProgramId = PCA_FIRE_TV
11-24 08:17:18.650  3448  3474 D AmazonProfileService: onActivityResume, packageName = com.example.encodetest
11-24 08:17:18.650  3448  3474 D AmazonProfileService: sendHudBroadcastIfNeeded hudComponentClassName: com.example.encodetest.MainActivity
11-24 08:17:18.650  3448  3474 D AmazonProfileService: Package com.example.encodetest is not a System App
11-24 08:17:18.650  3448  3474 D AmazonProfileService: onActivityResume, profileId = amzn1.actor.person.did.ANATTKJ4O2KCIYVTLUEYI3JIFYYF4JNLJTFMGHUTLRJVWIUEO5VVE3GJ7OG25ARFSZG5LL6A
11-24 08:17:18.651  3448  3474 V MouseModeService: packageName=com.example.encodetest activityName= mouseModeEnabled=false
11-24 08:17:18.651  5349 10927 D SPCH-SIM_StackTraceHelper: Invoking pkg 
11-24 08:17:18.651  5349  5879 I SPCH-SIM_SimStateMachine: Got CapabilityCheckEvent in IgnoreWhileDisconnectedState
11-24 08:17:18.651  3448  3579 I AmazonProfileService: Active profile for the application com.example.encodetest not present.
11-24 08:17:18.652  3448  3579 I AmazonProfileService: Returning active profile for programId = PCA_FIRE_TV
11-24 08:17:18.652  3190  3335 V MesonHwc: outConfig[0]: 0.
11-24 08:17:18.652  3190  3335 V MesonHwc: outConfig[1]: 1.
11-24 08:17:18.652  3190  3335 V MesonHwc: outConfig[2]: 2.
11-24 08:17:18.652  3190  3335 V MesonHwc: outConfig[3]: 3.
11-24 08:17:18.652  3190  3335 V MesonHwc: outConfig[4]: 4.
11-24 08:17:18.652  3190  3335 V MesonHwc: outConfig[5]: 5.
11-24 08:17:18.652  3190  3335 V MesonHwc: outConfig[6]: 6.
11-24 08:17:18.652  3190  3335 V MesonHwc: outConfig[7]: 7.
11-24 08:17:18.652  3190  3335 V MesonHwc: outConfig[8]: 8.
11-24 08:17:18.652  3190  3335 V MesonHwc: outConfig[9]: 9.
11-24 08:17:18.654  6008  6095 I AVL:Utils: App : com.example.encodetest, neither installed from AppStore nor an system app. Returning anonymized package name
11-24 08:17:18.654  5349  5349 I Vizzini_2.0.8797.0:ExternalPlaybackStateManager: Media State Update: CODEC_STATE_DETECTION is INACTIVE
11-24 08:17:18.655  5349  5349 I Vizzini_2.0.8797.0:ExternalPlaybackStateManager: MediaStatus inactive or no media states to get context from.
11-24 08:17:18.655  5349  5349 D Vizzini_2.0.8797.0:ExternalPlaybackStateManager: Providing Media Context: null
11-24 08:17:18.655  5349  5349 I Vizzini_2.0.8797.0:ExternalPlaybackStateManager: No active media, removing LocalMediaPlayerStateContext
11-24 08:17:18.655  5349  5349 I Vizzini_2.0.8797.0:AlexaContextClient: Removing device context namespace: LocalMediaPlayer, name: PlaybackState
11-24 08:17:18.656  5349  5349 I SPCH-SIM_SimDeviceContextContract: removeDeviceContext(LocalMediaPlayer, PlaybackState)
11-24 08:17:18.656  6008  6095 D AVL:AppLaunchSignalProc: Processing signal for app launch
11-24 08:17:18.657  6008  6095 I ...e.LocalKeyValueStore: Create DE shared preference, OS supports direct boot.
11-24 08:17:18.659  3448  3529 D AmazonWindowMetrics: On window event - Package com.example.encodetest, isDreaming false, state 1, alexaMode 0
